running egg_info
creating ../../build/tecx_robot_pkg/tecx_robot_pkg.egg-info
writing ../../build/tecx_robot_pkg/tecx_robot_pkg.egg-info/PKG-INFO
writing dependency_links to ../../build/tecx_robot_pkg/tecx_robot_pkg.egg-info/dependency_links.txt
writing entry points to ../../build/tecx_robot_pkg/tecx_robot_pkg.egg-info/entry_points.txt
writing requirements to ../../build/tecx_robot_pkg/tecx_robot_pkg.egg-info/requires.txt
writing top-level names to ../../build/tecx_robot_pkg/tecx_robot_pkg.egg-info/top_level.txt
writing manifest file '../../build/tecx_robot_pkg/tecx_robot_pkg.egg-info/SOURCES.txt'
reading manifest file '../../build/tecx_robot_pkg/tecx_robot_pkg.egg-info/SOURCES.txt'
writing manifest file '../../build/tecx_robot_pkg/tecx_robot_pkg.egg-info/SOURCES.txt'
running build
running build_py
creating /root/tecxcto/ros2/projects/project1/ros2_ws/build/tecx_robot_pkg/build
creating /root/tecxcto/ros2/projects/project1/ros2_ws/build/tecx_robot_pkg/build/lib
creating /root/tecxcto/ros2/projects/project1/ros2_ws/build/tecx_robot_pkg/build/lib/tecx_robot_pkg
copying tecx_robot_pkg/diagnostic_sub.py -> /root/tecxcto/ros2/projects/project1/ros2_ws/build/tecx_robot_pkg/build/lib/tecx_robot_pkg
copying tecx_robot_pkg/telemetry_pub.py -> /root/tecxcto/ros2/projects/project1/ros2_ws/build/tecx_robot_pkg/build/lib/tecx_robot_pkg
copying tecx_robot_pkg/__init__.py -> /root/tecxcto/ros2/projects/project1/ros2_ws/build/tecx_robot_pkg/build/lib/tecx_robot_pkg
running install
running install_lib
creating /root/tecxcto/ros2/projects/project1/ros2_ws/install/tecx_robot_pkg/lib/python3.10/site-packages/tecx_robot_pkg
copying /root/tecxcto/ros2/projects/project1/ros2_ws/build/tecx_robot_pkg/build/lib/tecx_robot_pkg/diagnostic_sub.py -> /root/tecxcto/ros2/projects/project1/ros2_ws/install/tecx_robot_pkg/lib/python3.10/site-packages/tecx_robot_pkg
copying /root/tecxcto/ros2/projects/project1/ros2_ws/build/tecx_robot_pkg/build/lib/tecx_robot_pkg/telemetry_pub.py -> /root/tecxcto/ros2/projects/project1/ros2_ws/install/tecx_robot_pkg/lib/python3.10/site-packages/tecx_robot_pkg
copying /root/tecxcto/ros2/projects/project1/ros2_ws/build/tecx_robot_pkg/build/lib/tecx_robot_pkg/__init__.py -> /root/tecxcto/ros2/projects/project1/ros2_ws/install/tecx_robot_pkg/lib/python3.10/site-packages/tecx_robot_pkg
byte-compiling /root/tecxcto/ros2/projects/project1/ros2_ws/install/tecx_robot_pkg/lib/python3.10/site-packages/tecx_robot_pkg/diagnostic_sub.py to diagnostic_sub.cpython-310.pyc
byte-compiling /root/tecxcto/ros2/projects/project1/ros2_ws/install/tecx_robot_pkg/lib/python3.10/site-packages/tecx_robot_pkg/telemetry_pub.py to telemetry_pub.cpython-310.pyc
byte-compiling /root/tecxcto/ros2/projects/project1/ros2_ws/install/tecx_robot_pkg/lib/python3.10/site-packages/tecx_robot_pkg/__init__.py to __init__.cpython-310.pyc
running install_data
creating /root/tecxcto/ros2/projects/project1/ros2_ws/install/tecx_robot_pkg/share/ament_index
creating /root/tecxcto/ros2/projects/project1/ros2_ws/install/tecx_robot_pkg/share/ament_index/resource_index
creating /root/tecxcto/ros2/projects/project1/ros2_ws/install/tecx_robot_pkg/share/ament_index/resource_index/packages
copying resource/tecx_robot_pkg -> /root/tecxcto/ros2/projects/project1/ros2_ws/install/tecx_robot_pkg/share/ament_index/resource_index/packages
copying package.xml -> /root/tecxcto/ros2/projects/project1/ros2_ws/install/tecx_robot_pkg/share/tecx_robot_pkg
running install_egg_info
Copying ../../build/tecx_robot_pkg/tecx_robot_pkg.egg-info to /root/tecxcto/ros2/projects/project1/ros2_ws/install/tecx_robot_pkg/lib/python3.10/site-packages/tecx_robot_pkg-0.0.0-py3.10.egg-info
running install_scripts
Installing listener script to /root/tecxcto/ros2/projects/project1/ros2_ws/install/tecx_robot_pkg/lib/tecx_robot_pkg
Installing talker script to /root/tecxcto/ros2/projects/project1/ros2_ws/install/tecx_robot_pkg/lib/tecx_robot_pkg
writing list of installed files to '/root/tecxcto/ros2/projects/project1/ros2_ws/build/tecx_robot_pkg/install.log'
