[0.000000] (-) TimerEvent: {}
[0.001507] (tecx_Web-Accessible_Robotic_Telemetry_Server) JobQueued: {'identifier': 'tecx_Web-Accessible_Robotic_Telemetry_Server', 'dependencies': OrderedDict()}
[0.003029] (tecx_Web-Accessible_Robotic_Telemetry_Server) JobStarted: {'identifier': 'tecx_Web-Accessible_Robotic_Telemetry_Server'}
[0.097863] (-) TimerEvent: {}
[0.200645] (-) TimerEvent: {}
[0.302755] (-) TimerEvent: {}
[0.405030] (-) TimerEvent: {}
[0.506576] (-) TimerEvent: {}
[0.607887] (-) TimerEvent: {}
[0.709363] (-) TimerEvent: {}
[0.823922] (-) TimerEvent: {}
[0.925384] (-) TimerEvent: {}
[1.026727] (-) TimerEvent: {}
[1.128787] (-) TimerEvent: {}
[1.230861] (-) TimerEvent: {}
[1.332799] (-) TimerEvent: {}
[1.436138] (-) TimerEvent: {}
[1.537889] (-) TimerEvent: {}
[1.639524] (-) TimerEvent: {}
[1.740430] (-) TimerEvent: {}
[1.841134] (-) TimerEvent: {}
[1.944395] (-) TimerEvent: {}
[2.046155] (-) TimerEvent: {}
[2.146850] (-) TimerEvent: {}
[2.249094] (-) TimerEvent: {}
[2.351219] (-) TimerEvent: {}
[2.452703] (-) TimerEvent: {}
[2.554810] (-) TimerEvent: {}
[2.658442] (-) TimerEvent: {}
[2.759418] (-) TimerEvent: {}
[2.861681] (-) TimerEvent: {}
[2.964041] (-) TimerEvent: {}
[3.066461] (-) TimerEvent: {}
[3.168449] (-) TimerEvent: {}
[3.270534] (-) TimerEvent: {}
[3.372441] (-) TimerEvent: {}
[3.474747] (-) TimerEvent: {}
[3.577070] (-) TimerEvent: {}
[3.681263] (-) TimerEvent: {}
[3.784289] (-) TimerEvent: {}
[3.887174] (-) TimerEvent: {}
[3.989160] (-) TimerEvent: {}
[4.091662] (-) TimerEvent: {}
[4.195258] (-) TimerEvent: {}
[4.298027] (-) TimerEvent: {}
[4.402121] (-) TimerEvent: {}
[4.505256] (-) TimerEvent: {}
[4.608182] (-) TimerEvent: {}
[4.709889] (-) TimerEvent: {}
[4.812064] (-) TimerEvent: {}
[4.914543] (-) TimerEvent: {}
[5.016341] (-) TimerEvent: {}
[5.118648] (-) TimerEvent: {}
[5.220606] (-) TimerEvent: {}
[5.234963] (tecx_Web-Accessible_Robotic_Telemetry_Server) StderrLine: {'line': b'Traceback (most recent call last):\n  File "/usr/lib/python3/dist-packages/colcon_core/executor/__init__.py", line 91, in __call__\n    rc = await self.task(*args, **kwargs)\n  File "/usr/lib/python3/dist-packages/colcon_core/task/__init__.py", line 120, in __call__\n    return await task_method(*args, **kwargs)\n  File "/usr/lib/python3/dist-packages/colcon_ros/task/ament_python/build.py", line 51, in build\n    setup_py_data = get_setup_data(self.context.pkg, env)\n  File "/usr/lib/python3/dist-packages/colcon_core/task/python/__init__.py", line 20, in get_setup_data\n    return dict(pkg.metadata[key](env))\n  File "/usr/lib/python3/dist-packages/colcon_ros/package_augmentation/ros_ament_python.py", line 57, in getter\n    return get_setup_information(\n  File "/usr/lib/python3/dist-packages/colcon_python_setup_py/package_identification/python_setup_py.py", line 249, in get_setup_information\n    _setup_information_cache[hashable_env] = _get_setup_information(\n  File "/usr/lib/python3/dist-packages/colcon_python_setup_py/package_identification/python_setup_py.py", line 296, in _get_setup_information\n    result = subprocess.run(\n  File "/usr/lib/python3.10/subprocess.py", line 526, in run\n    raise CalledProcessError(retcode, process.args,\nsubprocess.CalledProcessError: Command \'[\'/usr/bin/python3\', \'-c\', \'import sys;from contextlib import suppress;exec("with suppress(ImportError):    from setuptools.extern.packaging.specifiers    import SpecifierSet");exec("with suppress(ImportError):    from packaging.specifiers import SpecifierSet");from distutils.core import run_setup;dist = run_setup(    \\\'setup.py\\\', script_args=(\\\'--dry-run\\\',), stop_after=\\\'config\\\');skip_keys = (\\\'cmdclass\\\', \\\'distclass\\\', \\\'ext_modules\\\', \\\'metadata\\\');data = {    key: value for key, value in dist.__dict__.items()     if (        not key.startswith(\\\'_\\\') and         not callable(value) and         key not in skip_keys and         key not in dist.display_option_names    )};data[\\\'metadata\\\'] = {    k: v for k, v in dist.metadata.__dict__.items()     if k not in (\\\'license_files\\\', \\\'provides_extras\\\')};sys.stdout.buffer.write(repr(data).encode(\\\'utf-8\\\'))\']\' returned non-zero exit status 1.\n'}
[5.245344] (tecx_Web-Accessible_Robotic_Telemetry_Server) JobEnded: {'identifier': 'tecx_Web-Accessible_Robotic_Telemetry_Server', 'rc': 1}
[5.255718] (-) EventReactorShutdown: {}
