[3.726s] DEBUG:colcon:Command line arguments: ['/usr/bin/colcon', 'build', '--packages-select', 'tecx_Web-Accessible_Robotic_Telemetry_Server']
[3.727s] DEBUG:colcon:Parsed command line arguments: Namespace(log_base=None, log_level=None, verb_name='build', build_base='build', install_base='install', merge_install=False, symlink_install=False, test_result_base=None, continue_on_error=False, executor='parallel', parallel_workers=8, event_handlers=None, ignore_user_meta=False, metas=['./colcon.meta'], base_paths=['.'], packages_ignore=None, packages_ignore_regex=None, paths=None, packages_up_to=None, packages_up_to_regex=None, packages_above=None, packages_above_and_dependencies=None, packages_above_depth=None, packages_select_by_dep=None, packages_skip_by_dep=None, packages_skip_up_to=None, packages_select_build_failed=False, packages_skip_build_finished=False, packages_select_test_failures=False, packages_skip_test_passed=False, packages_select=['tecx_Web-Accessible_Robotic_Telemetry_Server'], packages_skip=None, packages_select_regex=None, packages_skip_regex=None, packages_start=None, packages_end=None, allow_overriding=[], cmake_args=None, cmake_target=None, cmake_target_skip_unavailable=False, cmake_clean_cache=False, cmake_clean_first=False, cmake_force_configure=False, ament_cmake_args=None, catkin_cmake_args=None, catkin_skip_building_tests=False, verb_parser=<colcon_defaults.argument_parser.defaults.DefaultArgumentsDecorator object at 0x757626dd50>, verb_extension=<colcon_core.verb.build.BuildVerb object at 0x757662b4c0>, main=<bound method BuildVerb.main of <colcon_core.verb.build.BuildVerb object at 0x757662b4c0>>)
[10.009s] Level 1:colcon.colcon_core.package_discovery:discover_packages(colcon_meta) check parameters
[10.013s] Level 1:colcon.colcon_core.package_discovery:discover_packages(recursive) check parameters
[10.013s] Level 1:colcon.colcon_core.package_discovery:discover_packages(ignore) check parameters
[10.014s] Level 1:colcon.colcon_core.package_discovery:discover_packages(path) check parameters
[10.014s] Level 1:colcon.colcon_core.package_discovery:discover_packages(colcon_meta) discover
[10.015s] Level 1:colcon.colcon_core.package_discovery:discover_packages(recursive) discover
[10.017s] INFO:colcon.colcon_core.package_discovery:Crawling recursively for packages in '/root/tecxcto/ros2/projects/project2/ros2_ws'
[10.022s] Level 1:colcon.colcon_core.package_identification:_identify(.) by extensions ['ignore', 'ignore_ament_install']
[10.023s] Level 1:colcon.colcon_core.package_identification:_identify(.) by extension 'ignore'
[10.024s] Level 1:colcon.colcon_core.package_identification:_identify(.) by extension 'ignore_ament_install'
[10.027s] Level 1:colcon.colcon_core.package_identification:_identify(.) by extensions ['colcon_pkg']
[10.027s] Level 1:colcon.colcon_core.package_identification:_identify(.) by extension 'colcon_pkg'
[10.029s] Level 1:colcon.colcon_core.package_identification:_identify(.) by extensions ['colcon_meta']
[10.030s] Level 1:colcon.colcon_core.package_identification:_identify(.) by extension 'colcon_meta'
[10.031s] Level 1:colcon.colcon_core.package_identification:_identify(.) by extensions ['ros']
[10.032s] Level 1:colcon.colcon_core.package_identification:_identify(.) by extension 'ros'
[10.237s] Level 1:colcon.colcon_core.package_identification:_identify(.) by extensions ['cmake', 'python']
[10.238s] Level 1:colcon.colcon_core.package_identification:_identify(.) by extension 'cmake'
[10.239s] Level 1:colcon.colcon_core.package_identification:_identify(.) by extension 'python'
[10.240s] Level 1:colcon.colcon_core.package_identification:_identify(.) by extensions ['python_setup_py']
[10.240s] Level 1:colcon.colcon_core.package_identification:_identify(.) by extension 'python_setup_py'
[10.244s] Level 1:colcon.colcon_core.package_identification:_identify(build) by extensions ['ignore', 'ignore_ament_install']
[10.245s] Level 1:colcon.colcon_core.package_identification:_identify(build) by extension 'ignore'
[10.246s] Level 1:colcon.colcon_core.package_identification:_identify(build) ignored
[10.250s] Level 1:colcon.colcon_core.package_identification:_identify(install) by extensions ['ignore', 'ignore_ament_install']
[10.250s] Level 1:colcon.colcon_core.package_identification:_identify(install) by extension 'ignore'
[10.253s] Level 1:colcon.colcon_core.package_identification:_identify(install) ignored
[10.257s] Level 1:colcon.colcon_core.package_identification:_identify(log) by extensions ['ignore', 'ignore_ament_install']
[10.258s] Level 1:colcon.colcon_core.package_identification:_identify(log) by extension 'ignore'
[10.259s] Level 1:colcon.colcon_core.package_identification:_identify(log) ignored
[10.261s] Level 1:colcon.colcon_core.package_identification:_identify(src) by extensions ['ignore', 'ignore_ament_install']
[10.262s] Level 1:colcon.colcon_core.package_identification:_identify(src) by extension 'ignore'
[10.263s] Level 1:colcon.colcon_core.package_identification:_identify(src) by extension 'ignore_ament_install'
[10.265s] Level 1:colcon.colcon_core.package_identification:_identify(src) by extensions ['colcon_pkg']
[10.265s] Level 1:colcon.colcon_core.package_identification:_identify(src) by extension 'colcon_pkg'
[10.266s] Level 1:colcon.colcon_core.package_identification:_identify(src) by extensions ['colcon_meta']
[10.266s] Level 1:colcon.colcon_core.package_identification:_identify(src) by extension 'colcon_meta'
[10.268s] Level 1:colcon.colcon_core.package_identification:_identify(src) by extensions ['ros']
[10.268s] Level 1:colcon.colcon_core.package_identification:_identify(src) by extension 'ros'
[10.276s] Level 1:colcon.colcon_core.package_identification:_identify(src) by extensions ['cmake', 'python']
[10.276s] Level 1:colcon.colcon_core.package_identification:_identify(src) by extension 'cmake'
[10.278s] Level 1:colcon.colcon_core.package_identification:_identify(src) by extension 'python'
[10.279s] Level 1:colcon.colcon_core.package_identification:_identify(src) by extensions ['python_setup_py']
[10.280s] Level 1:colcon.colcon_core.package_identification:_identify(src) by extension 'python_setup_py'
[10.292s] Level 1:colcon.colcon_core.package_identification:_identify(src/tecx_Web-Accessible_Robotic_Telemetry_Server) by extensions ['ignore', 'ignore_ament_install']
[10.293s] Level 1:colcon.colcon_core.package_identification:_identify(src/tecx_Web-Accessible_Robotic_Telemetry_Server) by extension 'ignore'
[10.295s] Level 1:colcon.colcon_core.package_identification:_identify(src/tecx_Web-Accessible_Robotic_Telemetry_Server) by extension 'ignore_ament_install'
[10.298s] Level 1:colcon.colcon_core.package_identification:_identify(src/tecx_Web-Accessible_Robotic_Telemetry_Server) by extensions ['colcon_pkg']
[10.299s] Level 1:colcon.colcon_core.package_identification:_identify(src/tecx_Web-Accessible_Robotic_Telemetry_Server) by extension 'colcon_pkg'
[10.300s] Level 1:colcon.colcon_core.package_identification:_identify(src/tecx_Web-Accessible_Robotic_Telemetry_Server) by extensions ['colcon_meta']
[10.301s] Level 1:colcon.colcon_core.package_identification:_identify(src/tecx_Web-Accessible_Robotic_Telemetry_Server) by extension 'colcon_meta'
[10.305s] Level 1:colcon.colcon_core.package_identification:_identify(src/tecx_Web-Accessible_Robotic_Telemetry_Server) by extensions ['ros']
[10.306s] Level 1:colcon.colcon_core.package_identification:_identify(src/tecx_Web-Accessible_Robotic_Telemetry_Server) by extension 'ros'
[10.345s] DEBUG:colcon.colcon_core.package_identification:Package 'src/tecx_Web-Accessible_Robotic_Telemetry_Server' with type 'ros.ament_python' and name 'tecx_Web-Accessible_Robotic_Telemetry_Server'
[10.346s] Level 1:colcon.colcon_core.package_discovery:discover_packages(recursive) using defaults
[10.346s] Level 1:colcon.colcon_core.package_discovery:discover_packages(ignore) discover
[10.346s] Level 1:colcon.colcon_core.package_discovery:discover_packages(ignore) using defaults
[10.346s] Level 1:colcon.colcon_core.package_discovery:discover_packages(path) discover
[10.346s] Level 1:colcon.colcon_core.package_discovery:discover_packages(path) using defaults
[10.603s] Level 1:colcon.colcon_core.package_discovery:discover_packages(prefix_path) check parameters
[10.604s] Level 1:colcon.colcon_core.package_discovery:discover_packages(prefix_path) discover
[10.674s] DEBUG:colcon.colcon_installed_package_information.package_discovery:Found 0 installed packages in /root/tecxcto/ros2/projects/project2/ros2_ws/install
[10.802s] DEBUG:colcon.colcon_installed_package_information.package_discovery:Found 187 installed packages in /opt/ros/humble
[10.811s] Level 1:colcon.colcon_core.package_discovery:discover_packages(prefix_path) using defaults
[11.542s] Level 5:colcon.colcon_core.verb:set package 'tecx_Web-Accessible_Robotic_Telemetry_Server' build argument 'cmake_args' from command line to 'None'
[11.542s] Level 5:colcon.colcon_core.verb:set package 'tecx_Web-Accessible_Robotic_Telemetry_Server' build argument 'cmake_target' from command line to 'None'
[11.542s] Level 5:colcon.colcon_core.verb:set package 'tecx_Web-Accessible_Robotic_Telemetry_Server' build argument 'cmake_target_skip_unavailable' from command line to 'False'
[11.542s] Level 5:colcon.colcon_core.verb:set package 'tecx_Web-Accessible_Robotic_Telemetry_Server' build argument 'cmake_clean_cache' from command line to 'False'
[11.542s] Level 5:colcon.colcon_core.verb:set package 'tecx_Web-Accessible_Robotic_Telemetry_Server' build argument 'cmake_clean_first' from command line to 'False'
[11.542s] Level 5:colcon.colcon_core.verb:set package 'tecx_Web-Accessible_Robotic_Telemetry_Server' build argument 'cmake_force_configure' from command line to 'False'
[11.542s] Level 5:colcon.colcon_core.verb:set package 'tecx_Web-Accessible_Robotic_Telemetry_Server' build argument 'ament_cmake_args' from command line to 'None'
[11.543s] Level 5:colcon.colcon_core.verb:set package 'tecx_Web-Accessible_Robotic_Telemetry_Server' build argument 'catkin_cmake_args' from command line to 'None'
[11.543s] Level 5:colcon.colcon_core.verb:set package 'tecx_Web-Accessible_Robotic_Telemetry_Server' build argument 'catkin_skip_building_tests' from command line to 'False'
[11.543s] DEBUG:colcon.colcon_core.verb:Building package 'tecx_Web-Accessible_Robotic_Telemetry_Server' with the following arguments: {'ament_cmake_args': None, 'build_base': '/root/tecxcto/ros2/projects/project2/ros2_ws/build/tecx_Web-Accessible_Robotic_Telemetry_Server', 'catkin_cmake_args': None, 'catkin_skip_building_tests': False, 'cmake_args': None, 'cmake_clean_cache': False, 'cmake_clean_first': False, 'cmake_force_configure': False, 'cmake_target': None, 'cmake_target_skip_unavailable': False, 'install_base': '/root/tecxcto/ros2/projects/project2/ros2_ws/install/tecx_Web-Accessible_Robotic_Telemetry_Server', 'merge_install': False, 'path': '/root/tecxcto/ros2/projects/project2/ros2_ws/src/tecx_Web-Accessible_Robotic_Telemetry_Server', 'symlink_install': False, 'test_result_base': None}
[11.543s] INFO:colcon.colcon_core.executor:Executing jobs using 'parallel' executor
[11.548s] DEBUG:colcon.colcon_parallel_executor.executor.parallel:run_until_complete
[11.550s] INFO:colcon.colcon_ros.task.ament_python.build:Building ROS package in '/root/tecxcto/ros2/projects/project2/ros2_ws/src/tecx_Web-Accessible_Robotic_Telemetry_Server' with build type 'ament_python'
[11.550s] Level 1:colcon.colcon_core.shell:create_environment_hook('tecx_Web-Accessible_Robotic_Telemetry_Server', 'ament_prefix_path')
[11.577s] INFO:colcon.colcon_core.plugin_system:Skipping extension 'colcon_core.shell.bat': Not used on non-Windows systems
[11.578s] INFO:colcon.colcon_core.shell:Creating environment hook '/root/tecxcto/ros2/projects/project2/ros2_ws/install/tecx_Web-Accessible_Robotic_Telemetry_Server/share/tecx_Web-Accessible_Robotic_Telemetry_Server/hook/ament_prefix_path.ps1'
[11.588s] INFO:colcon.colcon_core.shell:Creating environment descriptor '/root/tecxcto/ros2/projects/project2/ros2_ws/install/tecx_Web-Accessible_Robotic_Telemetry_Server/share/tecx_Web-Accessible_Robotic_Telemetry_Server/hook/ament_prefix_path.dsv'
[11.593s] INFO:colcon.colcon_core.shell:Creating environment hook '/root/tecxcto/ros2/projects/project2/ros2_ws/install/tecx_Web-Accessible_Robotic_Telemetry_Server/share/tecx_Web-Accessible_Robotic_Telemetry_Server/hook/ament_prefix_path.sh'
[11.602s] INFO:colcon.colcon_core.shell:Skip shell extension 'powershell' for command environment: Not usable outside of PowerShell
[11.602s] DEBUG:colcon.colcon_core.shell:Skip shell extension 'dsv' for command environment
[16.798s] DEBUG:colcon.colcon_parallel_executor.executor.parallel:closing loop
[16.801s] DEBUG:colcon.colcon_parallel_executor.executor.parallel:loop closed
[16.802s] DEBUG:colcon.colcon_parallel_executor.executor.parallel:run_until_complete finished with 'Command '['/usr/bin/python3', '-c', 'import sys;from contextlib import suppress;exec("with suppress(ImportError):    from setuptools.extern.packaging.specifiers    import SpecifierSet");exec("with suppress(ImportError):    from packaging.specifiers import SpecifierSet");from distutils.core import run_setup;dist = run_setup(    \'setup.py\', script_args=(\'--dry-run\',), stop_after=\'config\');skip_keys = (\'cmdclass\', \'distclass\', \'ext_modules\', \'metadata\');data = {    key: value for key, value in dist.__dict__.items()     if (        not key.startswith(\'_\') and         not callable(value) and         key not in skip_keys and         key not in dist.display_option_names    )};data[\'metadata\'] = {    k: v for k, v in dist.metadata.__dict__.items()     if k not in (\'license_files\', \'provides_extras\')};sys.stdout.buffer.write(repr(data).encode(\'utf-8\'))']' returned non-zero exit status 1.'
[16.802s] DEBUG:colcon.colcon_core.event_reactor:joining thread
[16.923s] INFO:colcon.colcon_core.plugin_system:Skipping extension 'colcon_notification.desktop_notification.notify_send': Could not find 'notify-send'
[16.924s] INFO:colcon.colcon_core.plugin_system:Skipping extension 'colcon_notification.desktop_notification.terminal_notifier': Not used on non-Darwin systems
[16.926s] INFO:colcon.colcon_core.plugin_system:Skipping extension 'colcon_notification.desktop_notification.win32': Not used on non-Windows systems
[16.926s] INFO:colcon.colcon_notification.desktop_notification:Sending desktop notification using 'notify2'
[16.927s] DEBUG:colcon.colcon_notification.desktop_notification.notify2:Failed to initialize notify2: org.freedesktop.DBus.Error.NotSupported: Unable to autolaunch a dbus-daemon without a $DISPLAY for X11
[16.929s] DEBUG:colcon.colcon_core.event_reactor:joined thread
[16.930s] INFO:colcon.colcon_core.shell:Creating prefix script '/root/tecxcto/ros2/projects/project2/ros2_ws/install/local_setup.ps1'
[16.950s] INFO:colcon.colcon_core.shell:Creating prefix util module '/root/tecxcto/ros2/projects/project2/ros2_ws/install/_local_setup_util_ps1.py'
[16.976s] INFO:colcon.colcon_core.shell:Creating prefix chain script '/root/tecxcto/ros2/projects/project2/ros2_ws/install/setup.ps1'
[17.002s] INFO:colcon.colcon_core.shell:Creating prefix script '/root/tecxcto/ros2/projects/project2/ros2_ws/install/local_setup.sh'
[17.021s] INFO:colcon.colcon_core.shell:Creating prefix util module '/root/tecxcto/ros2/projects/project2/ros2_ws/install/_local_setup_util_sh.py'
[17.036s] INFO:colcon.colcon_core.shell:Creating prefix chain script '/root/tecxcto/ros2/projects/project2/ros2_ws/install/setup.sh'
[17.063s] INFO:colcon.colcon_core.shell:Creating prefix script '/root/tecxcto/ros2/projects/project2/ros2_ws/install/local_setup.bash'
[17.079s] INFO:colcon.colcon_core.shell:Creating prefix chain script '/root/tecxcto/ros2/projects/project2/ros2_ws/install/setup.bash'
[17.108s] INFO:colcon.colcon_core.shell:Creating prefix script '/root/tecxcto/ros2/projects/project2/ros2_ws/install/local_setup.zsh'
[17.126s] INFO:colcon.colcon_core.shell:Creating prefix chain script '/root/tecxcto/ros2/projects/project2/ros2_ws/install/setup.zsh'
