[0.000000] (-) TimerEvent: {}
[0.001865] (tecx_Web-Accessible_Robotic_Telemetry_Server) JobQueued: {'identifier': 'tecx_Web-Accessible_Robotic_Telemetry_Server', 'dependencies': OrderedDict()}
[0.006020] (tecx_Web-Accessible_Robotic_Telemetry_Server) JobStarted: {'identifier': 'tecx_Web-Accessible_Robotic_Telemetry_Server'}
[0.095418] (-) TimerEvent: {}
[0.202193] (-) TimerEvent: {}
[0.303756] (-) TimerEvent: {}
[0.404575] (-) TimerEvent: {}
[0.505524] (-) TimerEvent: {}
[0.606697] (-) TimerEvent: {}
[0.707873] (-) TimerEvent: {}
[0.809250] (-) TimerEvent: {}
[0.910677] (-) TimerEvent: {}
[1.011908] (-) TimerEvent: {}
[1.113773] (-) TimerEvent: {}
[1.215503] (-) TimerEvent: {}
[1.317535] (-) TimerEvent: {}
[1.419174] (-) TimerEvent: {}
[1.522912] (-) TimerEvent: {}
[1.624326] (-) TimerEvent: {}
[1.725449] (-) TimerEvent: {}
[1.826422] (-) TimerEvent: {}
[1.928290] (-) TimerEvent: {}
[2.031724] (-) TimerEvent: {}
[2.133073] (-) TimerEvent: {}
[2.234671] (-) TimerEvent: {}
[2.336313] (-) TimerEvent: {}
[2.437716] (-) TimerEvent: {}
[2.539138] (-) TimerEvent: {}
[2.640551] (-) TimerEvent: {}
[2.743357] (-) TimerEvent: {}
[2.845693] (-) TimerEvent: {}
[2.947597] (-) TimerEvent: {}
[3.048793] (-) TimerEvent: {}
[3.150539] (-) TimerEvent: {}
[3.252329] (-) TimerEvent: {}
[3.354199] (-) TimerEvent: {}
[3.455681] (-) TimerEvent: {}
[3.557406] (-) TimerEvent: {}
[3.659961] (-) TimerEvent: {}
[3.763135] (-) TimerEvent: {}
[3.865049] (-) TimerEvent: {}
[3.966234] (-) TimerEvent: {}
[4.067561] (-) TimerEvent: {}
[4.169439] (-) TimerEvent: {}
[4.271830] (-) TimerEvent: {}
[4.373082] (-) TimerEvent: {}
[4.474075] (-) TimerEvent: {}
[4.558662] (tecx_Web-Accessible_Robotic_Telemetry_Server) StderrLine: {'line': b'Traceback (most recent call last):\n  File "/usr/lib/python3/dist-packages/colcon_core/executor/__init__.py", line 91, in __call__\n    rc = await self.task(*args, **kwargs)\n  File "/usr/lib/python3/dist-packages/colcon_core/task/__init__.py", line 120, in __call__\n    return await task_method(*args, **kwargs)\n  File "/usr/lib/python3/dist-packages/colcon_ros/task/ament_python/build.py", line 51, in build\n    setup_py_data = get_setup_data(self.context.pkg, env)\n  File "/usr/lib/python3/dist-packages/colcon_core/task/python/__init__.py", line 20, in get_setup_data\n    return dict(pkg.metadata[key](env))\n  File "/usr/lib/python3/dist-packages/colcon_ros/package_augmentation/ros_ament_python.py", line 57, in getter\n    return get_setup_information(\n  File "/usr/lib/python3/dist-packages/colcon_python_setup_py/package_identification/python_setup_py.py", line 249, in get_setup_information\n    _setup_information_cache[hashable_env] = _get_setup_information(\n  File "/usr/lib/python3/dist-packages/colcon_python_setup_py/package_identification/python_setup_py.py", line 296, in _get_setup_information\n    result = subprocess.run(\n  File "/usr/lib/python3.10/subprocess.py", line 526, in run\n    raise CalledProcessError(retcode, process.args,\nsubprocess.CalledProcessError: Command \'[\'/usr/bin/python3\', \'-c\', \'import sys;from contextlib import suppress;exec("with suppress(ImportError):    from setuptools.extern.packaging.specifiers    import SpecifierSet");exec("with suppress(ImportError):    from packaging.specifiers import SpecifierSet");from distutils.core import run_setup;dist = run_setup(    \\\'setup.py\\\', script_args=(\\\'--dry-run\\\',), stop_after=\\\'config\\\');skip_keys = (\\\'cmdclass\\\', \\\'distclass\\\', \\\'ext_modules\\\', \\\'metadata\\\');data = {    key: value for key, value in dist.__dict__.items()     if (        not key.startswith(\\\'_\\\') and         not callable(value) and         key not in skip_keys and         key not in dist.display_option_names    )};data[\\\'metadata\\\'] = {    k: v for k, v in dist.metadata.__dict__.items()     if k not in (\\\'license_files\\\', \\\'provides_extras\\\')};sys.stdout.buffer.write(repr(data).encode(\\\'utf-8\\\'))\']\' returned non-zero exit status 1.\n'}
[4.569056] (tecx_Web-Accessible_Robotic_Telemetry_Server) JobEnded: {'identifier': 'tecx_Web-Accessible_Robotic_Telemetry_Server', 'rc': 1}
[4.579300] (-) TimerEvent: {}
[4.580104] (-) EventReactorShutdown: {}
