[4.591s] DEBUG:colcon:Command line arguments: ['/usr/bin/colcon', 'build', '--packages-select', 'tecx_Web-Accessible_Robotic_Telemetry_Server']
[4.591s] DEBUG:colcon:Parsed command line arguments: Namespace(log_base=None, log_level=None, verb_name='build', build_base='build', install_base='install', merge_install=False, symlink_install=False, test_result_base=None, continue_on_error=False, executor='parallel', parallel_workers=8, event_handlers=None, ignore_user_meta=False, metas=['./colcon.meta'], base_paths=['.'], packages_ignore=None, packages_ignore_regex=None, paths=None, packages_up_to=None, packages_up_to_regex=None, packages_above=None, packages_above_and_dependencies=None, packages_above_depth=None, packages_select_by_dep=None, packages_skip_by_dep=None, packages_skip_up_to=None, packages_select_build_failed=False, packages_skip_build_finished=False, packages_select_test_failures=False, packages_skip_test_passed=False, packages_select=['tecx_Web-Accessible_Robotic_Telemetry_Server'], packages_skip=None, packages_select_regex=None, packages_skip_regex=None, packages_start=None, packages_end=None, allow_overriding=[], cmake_args=None, cmake_target=None, cmake_target_skip_unavailable=False, cmake_clean_cache=False, cmake_clean_first=False, cmake_force_configure=False, ament_cmake_args=None, catkin_cmake_args=None, catkin_skip_building_tests=False, verb_parser=<colcon_defaults.argument_parser.defaults.DefaultArgumentsDecorator object at 0x7255175d80>, verb_extension=<colcon_core.verb.build.BuildVerb object at 0x72555374f0>, main=<bound method BuildVerb.main of <colcon_core.verb.build.BuildVerb object at 0x72555374f0>>)
[10.578s] Level 1:colcon.colcon_core.package_discovery:discover_packages(colcon_meta) check parameters
[10.580s] Level 1:colcon.colcon_core.package_discovery:discover_packages(recursive) check parameters
[10.580s] Level 1:colcon.colcon_core.package_discovery:discover_packages(ignore) check parameters
[10.580s] Level 1:colcon.colcon_core.package_discovery:discover_packages(path) check parameters
[10.580s] Level 1:colcon.colcon_core.package_discovery:discover_packages(colcon_meta) discover
[10.581s] Level 1:colcon.colcon_core.package_discovery:discover_packages(recursive) discover
[10.582s] INFO:colcon.colcon_core.package_discovery:Crawling recursively for packages in '/root/tecxcto/ros2/projects/project2/ros2_ws'
[10.585s] Level 1:colcon.colcon_core.package_identification:_identify(.) by extensions ['ignore', 'ignore_ament_install']
[10.586s] Level 1:colcon.colcon_core.package_identification:_identify(.) by extension 'ignore'
[10.587s] Level 1:colcon.colcon_core.package_identification:_identify(.) by extension 'ignore_ament_install'
[10.591s] Level 1:colcon.colcon_core.package_identification:_identify(.) by extensions ['colcon_pkg']
[10.591s] Level 1:colcon.colcon_core.package_identification:_identify(.) by extension 'colcon_pkg'
[10.594s] Level 1:colcon.colcon_core.package_identification:_identify(.) by extensions ['colcon_meta']
[10.595s] Level 1:colcon.colcon_core.package_identification:_identify(.) by extension 'colcon_meta'
[10.596s] Level 1:colcon.colcon_core.package_identification:_identify(.) by extensions ['ros']
[10.596s] Level 1:colcon.colcon_core.package_identification:_identify(.) by extension 'ros'
[10.787s] Level 1:colcon.colcon_core.package_identification:_identify(.) by extensions ['cmake', 'python']
[10.788s] Level 1:colcon.colcon_core.package_identification:_identify(.) by extension 'cmake'
[10.794s] Level 1:colcon.colcon_core.package_identification:_identify(.) by extension 'python'
[10.795s] Level 1:colcon.colcon_core.package_identification:_identify(.) by extensions ['python_setup_py']
[10.796s] Level 1:colcon.colcon_core.package_identification:_identify(.) by extension 'python_setup_py'
[10.801s] Level 1:colcon.colcon_core.package_identification:_identify(build) by extensions ['ignore', 'ignore_ament_install']
[10.802s] Level 1:colcon.colcon_core.package_identification:_identify(build) by extension 'ignore'
[10.804s] Level 1:colcon.colcon_core.package_identification:_identify(build) ignored
[10.809s] Level 1:colcon.colcon_core.package_identification:_identify(install) by extensions ['ignore', 'ignore_ament_install']
[10.810s] Level 1:colcon.colcon_core.package_identification:_identify(install) by extension 'ignore'
[10.811s] Level 1:colcon.colcon_core.package_identification:_identify(install) ignored
[10.816s] Level 1:colcon.colcon_core.package_identification:_identify(log) by extensions ['ignore', 'ignore_ament_install']
[10.817s] Level 1:colcon.colcon_core.package_identification:_identify(log) by extension 'ignore'
[10.820s] Level 1:colcon.colcon_core.package_identification:_identify(log) ignored
[10.830s] Level 1:colcon.colcon_core.package_identification:_identify(src) by extensions ['ignore', 'ignore_ament_install']
[10.831s] Level 1:colcon.colcon_core.package_identification:_identify(src) by extension 'ignore'
[10.833s] Level 1:colcon.colcon_core.package_identification:_identify(src) by extension 'ignore_ament_install'
[10.835s] Level 1:colcon.colcon_core.package_identification:_identify(src) by extensions ['colcon_pkg']
[10.835s] Level 1:colcon.colcon_core.package_identification:_identify(src) by extension 'colcon_pkg'
[10.837s] Level 1:colcon.colcon_core.package_identification:_identify(src) by extensions ['colcon_meta']
[10.837s] Level 1:colcon.colcon_core.package_identification:_identify(src) by extension 'colcon_meta'
[10.840s] Level 1:colcon.colcon_core.package_identification:_identify(src) by extensions ['ros']
[10.840s] Level 1:colcon.colcon_core.package_identification:_identify(src) by extension 'ros'
[10.847s] Level 1:colcon.colcon_core.package_identification:_identify(src) by extensions ['cmake', 'python']
[10.847s] Level 1:colcon.colcon_core.package_identification:_identify(src) by extension 'cmake'
[10.848s] Level 1:colcon.colcon_core.package_identification:_identify(src) by extension 'python'
[10.850s] Level 1:colcon.colcon_core.package_identification:_identify(src) by extensions ['python_setup_py']
[10.850s] Level 1:colcon.colcon_core.package_identification:_identify(src) by extension 'python_setup_py'
[10.865s] Level 1:colcon.colcon_core.package_identification:_identify(src/tecx_Web-Accessible_Robotic_Telemetry_Server) by extensions ['ignore', 'ignore_ament_install']
[10.865s] Level 1:colcon.colcon_core.package_identification:_identify(src/tecx_Web-Accessible_Robotic_Telemetry_Server) by extension 'ignore'
[10.867s] Level 1:colcon.colcon_core.package_identification:_identify(src/tecx_Web-Accessible_Robotic_Telemetry_Server) by extension 'ignore_ament_install'
[10.869s] Level 1:colcon.colcon_core.package_identification:_identify(src/tecx_Web-Accessible_Robotic_Telemetry_Server) by extensions ['colcon_pkg']
[10.869s] Level 1:colcon.colcon_core.package_identification:_identify(src/tecx_Web-Accessible_Robotic_Telemetry_Server) by extension 'colcon_pkg'
[10.870s] Level 1:colcon.colcon_core.package_identification:_identify(src/tecx_Web-Accessible_Robotic_Telemetry_Server) by extensions ['colcon_meta']
[10.871s] Level 1:colcon.colcon_core.package_identification:_identify(src/tecx_Web-Accessible_Robotic_Telemetry_Server) by extension 'colcon_meta'
[10.874s] Level 1:colcon.colcon_core.package_identification:_identify(src/tecx_Web-Accessible_Robotic_Telemetry_Server) by extensions ['ros']
[10.874s] Level 1:colcon.colcon_core.package_identification:_identify(src/tecx_Web-Accessible_Robotic_Telemetry_Server) by extension 'ros'
[10.907s] DEBUG:colcon.colcon_core.package_identification:Package 'src/tecx_Web-Accessible_Robotic_Telemetry_Server' with type 'ros.ament_python' and name 'tecx_Web-Accessible_Robotic_Telemetry_Server'
[10.907s] Level 1:colcon.colcon_core.package_discovery:discover_packages(recursive) using defaults
[10.907s] Level 1:colcon.colcon_core.package_discovery:discover_packages(ignore) discover
[10.908s] Level 1:colcon.colcon_core.package_discovery:discover_packages(ignore) using defaults
[10.908s] Level 1:colcon.colcon_core.package_discovery:discover_packages(path) discover
[10.908s] Level 1:colcon.colcon_core.package_discovery:discover_packages(path) using defaults
[11.251s] Level 1:colcon.colcon_core.package_discovery:discover_packages(prefix_path) check parameters
[11.252s] Level 1:colcon.colcon_core.package_discovery:discover_packages(prefix_path) discover
[11.429s] DEBUG:colcon.colcon_installed_package_information.package_discovery:Found 187 installed packages in /opt/ros/humble
[11.433s] Level 1:colcon.colcon_core.package_discovery:discover_packages(prefix_path) using defaults
[12.236s] Level 5:colcon.colcon_core.verb:set package 'tecx_Web-Accessible_Robotic_Telemetry_Server' build argument 'cmake_args' from command line to 'None'
[12.237s] Level 5:colcon.colcon_core.verb:set package 'tecx_Web-Accessible_Robotic_Telemetry_Server' build argument 'cmake_target' from command line to 'None'
[12.237s] Level 5:colcon.colcon_core.verb:set package 'tecx_Web-Accessible_Robotic_Telemetry_Server' build argument 'cmake_target_skip_unavailable' from command line to 'False'
[12.237s] Level 5:colcon.colcon_core.verb:set package 'tecx_Web-Accessible_Robotic_Telemetry_Server' build argument 'cmake_clean_cache' from command line to 'False'
[12.237s] Level 5:colcon.colcon_core.verb:set package 'tecx_Web-Accessible_Robotic_Telemetry_Server' build argument 'cmake_clean_first' from command line to 'False'
[12.238s] Level 5:colcon.colcon_core.verb:set package 'tecx_Web-Accessible_Robotic_Telemetry_Server' build argument 'cmake_force_configure' from command line to 'False'
[12.238s] Level 5:colcon.colcon_core.verb:set package 'tecx_Web-Accessible_Robotic_Telemetry_Server' build argument 'ament_cmake_args' from command line to 'None'
[12.238s] Level 5:colcon.colcon_core.verb:set package 'tecx_Web-Accessible_Robotic_Telemetry_Server' build argument 'catkin_cmake_args' from command line to 'None'
[12.238s] Level 5:colcon.colcon_core.verb:set package 'tecx_Web-Accessible_Robotic_Telemetry_Server' build argument 'catkin_skip_building_tests' from command line to 'False'
[12.238s] DEBUG:colcon.colcon_core.verb:Building package 'tecx_Web-Accessible_Robotic_Telemetry_Server' with the following arguments: {'ament_cmake_args': None, 'build_base': '/root/tecxcto/ros2/projects/project2/ros2_ws/build/tecx_Web-Accessible_Robotic_Telemetry_Server', 'catkin_cmake_args': None, 'catkin_skip_building_tests': False, 'cmake_args': None, 'cmake_clean_cache': False, 'cmake_clean_first': False, 'cmake_force_configure': False, 'cmake_target': None, 'cmake_target_skip_unavailable': False, 'install_base': '/root/tecxcto/ros2/projects/project2/ros2_ws/install/tecx_Web-Accessible_Robotic_Telemetry_Server', 'merge_install': False, 'path': '/root/tecxcto/ros2/projects/project2/ros2_ws/src/tecx_Web-Accessible_Robotic_Telemetry_Server', 'symlink_install': False, 'test_result_base': None}
[12.239s] INFO:colcon.colcon_core.executor:Executing jobs using 'parallel' executor
[12.252s] DEBUG:colcon.colcon_parallel_executor.executor.parallel:run_until_complete
[12.254s] INFO:colcon.colcon_ros.task.ament_python.build:Building ROS package in '/root/tecxcto/ros2/projects/project2/ros2_ws/src/tecx_Web-Accessible_Robotic_Telemetry_Server' with build type 'ament_python'
[12.254s] Level 1:colcon.colcon_core.shell:create_environment_hook('tecx_Web-Accessible_Robotic_Telemetry_Server', 'ament_prefix_path')
[12.335s] INFO:colcon.colcon_core.plugin_system:Skipping extension 'colcon_core.shell.bat': Not used on non-Windows systems
[12.336s] INFO:colcon.colcon_core.shell:Creating environment hook '/root/tecxcto/ros2/projects/project2/ros2_ws/install/tecx_Web-Accessible_Robotic_Telemetry_Server/share/tecx_Web-Accessible_Robotic_Telemetry_Server/hook/ament_prefix_path.ps1'
[12.359s] INFO:colcon.colcon_core.shell:Creating environment descriptor '/root/tecxcto/ros2/projects/project2/ros2_ws/install/tecx_Web-Accessible_Robotic_Telemetry_Server/share/tecx_Web-Accessible_Robotic_Telemetry_Server/hook/ament_prefix_path.dsv'
[12.386s] INFO:colcon.colcon_core.shell:Creating environment hook '/root/tecxcto/ros2/projects/project2/ros2_ws/install/tecx_Web-Accessible_Robotic_Telemetry_Server/share/tecx_Web-Accessible_Robotic_Telemetry_Server/hook/ament_prefix_path.sh'
[12.401s] INFO:colcon.colcon_core.shell:Skip shell extension 'powershell' for command environment: Not usable outside of PowerShell
[12.402s] DEBUG:colcon.colcon_core.shell:Skip shell extension 'dsv' for command environment
[16.823s] DEBUG:colcon.colcon_parallel_executor.executor.parallel:closing loop
[16.827s] DEBUG:colcon.colcon_parallel_executor.executor.parallel:loop closed
[16.827s] DEBUG:colcon.colcon_parallel_executor.executor.parallel:run_until_complete finished with 'Command '['/usr/bin/python3', '-c', 'import sys;from contextlib import suppress;exec("with suppress(ImportError):    from setuptools.extern.packaging.specifiers    import SpecifierSet");exec("with suppress(ImportError):    from packaging.specifiers import SpecifierSet");from distutils.core import run_setup;dist = run_setup(    \'setup.py\', script_args=(\'--dry-run\',), stop_after=\'config\');skip_keys = (\'cmdclass\', \'distclass\', \'ext_modules\', \'metadata\');data = {    key: value for key, value in dist.__dict__.items()     if (        not key.startswith(\'_\') and         not callable(value) and         key not in skip_keys and         key not in dist.display_option_names    )};data[\'metadata\'] = {    k: v for k, v in dist.metadata.__dict__.items()     if k not in (\'license_files\', \'provides_extras\')};sys.stdout.buffer.write(repr(data).encode(\'utf-8\'))']' returned non-zero exit status 1.'
[16.827s] DEBUG:colcon.colcon_core.event_reactor:joining thread
[17.001s] INFO:colcon.colcon_core.plugin_system:Skipping extension 'colcon_notification.desktop_notification.notify_send': Could not find 'notify-send'
[17.002s] INFO:colcon.colcon_core.plugin_system:Skipping extension 'colcon_notification.desktop_notification.terminal_notifier': Not used on non-Darwin systems
[17.003s] INFO:colcon.colcon_core.plugin_system:Skipping extension 'colcon_notification.desktop_notification.win32': Not used on non-Windows systems
[17.003s] INFO:colcon.colcon_notification.desktop_notification:Sending desktop notification using 'notify2'
[17.004s] DEBUG:colcon.colcon_notification.desktop_notification.notify2:Failed to initialize notify2: org.freedesktop.DBus.Error.NotSupported: Unable to autolaunch a dbus-daemon without a $DISPLAY for X11
[17.005s] DEBUG:colcon.colcon_core.event_reactor:joined thread
[17.007s] INFO:colcon.colcon_core.shell:Creating prefix script '/root/tecxcto/ros2/projects/project2/ros2_ws/install/local_setup.ps1'
[17.034s] INFO:colcon.colcon_core.shell:Creating prefix util module '/root/tecxcto/ros2/projects/project2/ros2_ws/install/_local_setup_util_ps1.py'
[17.072s] INFO:colcon.colcon_core.shell:Creating prefix chain script '/root/tecxcto/ros2/projects/project2/ros2_ws/install/setup.ps1'
[17.106s] INFO:colcon.colcon_core.shell:Creating prefix script '/root/tecxcto/ros2/projects/project2/ros2_ws/install/local_setup.sh'
[17.129s] INFO:colcon.colcon_core.shell:Creating prefix util module '/root/tecxcto/ros2/projects/project2/ros2_ws/install/_local_setup_util_sh.py'
[17.151s] INFO:colcon.colcon_core.shell:Creating prefix chain script '/root/tecxcto/ros2/projects/project2/ros2_ws/install/setup.sh'
[17.182s] INFO:colcon.colcon_core.shell:Creating prefix script '/root/tecxcto/ros2/projects/project2/ros2_ws/install/local_setup.bash'
[17.204s] INFO:colcon.colcon_core.shell:Creating prefix chain script '/root/tecxcto/ros2/projects/project2/ros2_ws/install/setup.bash'
[17.237s] INFO:colcon.colcon_core.shell:Creating prefix script '/root/tecxcto/ros2/projects/project2/ros2_ws/install/local_setup.zsh'
[17.263s] INFO:colcon.colcon_core.shell:Creating prefix chain script '/root/tecxcto/ros2/projects/project2/ros2_ws/install/setup.zsh'
