running egg_info
creating ../../build/tecx_raw_microcontroller_byte_stream_parser_pkg/tecx_raw_microcontroller_byte_stream_parser_pkg.egg-info
writing ../../build/tecx_raw_microcontroller_byte_stream_parser_pkg/tecx_raw_microcontroller_byte_stream_parser_pkg.egg-info/PKG-INFO
writing dependency_links to ../../build/tecx_raw_microcontroller_byte_stream_parser_pkg/tecx_raw_microcontroller_byte_stream_parser_pkg.egg-info/dependency_links.txt
writing entry points to ../../build/tecx_raw_microcontroller_byte_stream_parser_pkg/tecx_raw_microcontroller_byte_stream_parser_pkg.egg-info/entry_points.txt
writing requirements to ../../build/tecx_raw_microcontroller_byte_stream_parser_pkg/tecx_raw_microcontroller_byte_stream_parser_pkg.egg-info/requires.txt
writing top-level names to ../../build/tecx_raw_microcontroller_byte_stream_parser_pkg/tecx_raw_microcontroller_byte_stream_parser_pkg.egg-info/top_level.txt
writing manifest file '../../build/tecx_raw_microcontroller_byte_stream_parser_pkg/tecx_raw_microcontroller_byte_stream_parser_pkg.egg-info/SOURCES.txt'
reading manifest file '../../build/tecx_raw_microcontroller_byte_stream_parser_pkg/tecx_raw_microcontroller_byte_stream_parser_pkg.egg-info/SOURCES.txt'
writing manifest file '../../build/tecx_raw_microcontroller_byte_stream_parser_pkg/tecx_raw_microcontroller_byte_stream_parser_pkg.egg-info/SOURCES.txt'
running build
running build_py
creating /root/tecxcto/ros2/projects/project4/ros2_ws/build/tecx_raw_microcontroller_byte_stream_parser_pkg/build
creating /root/tecxcto/ros2/projects/project4/ros2_ws/build/tecx_raw_microcontroller_byte_stream_parser_pkg/build/lib
creating /root/tecxcto/ros2/projects/project4/ros2_ws/build/tecx_raw_microcontroller_byte_stream_parser_pkg/build/lib/tecx_raw_microcontroller_byte_stream_parser_pkg
copying tecx_raw_microcontroller_byte_stream_parser_pkg/__init__.py -> /root/tecxcto/ros2/projects/project4/ros2_ws/build/tecx_raw_microcontroller_byte_stream_parser_pkg/build/lib/tecx_raw_microcontroller_byte_stream_parser_pkg
copying tecx_raw_microcontroller_byte_stream_parser_pkg/tecx_raw_microcontroller_byte_stream_parser.py -> /root/tecxcto/ros2/projects/project4/ros2_ws/build/tecx_raw_microcontroller_byte_stream_parser_pkg/build/lib/tecx_raw_microcontroller_byte_stream_parser_pkg
running install
running install_lib
creating /root/tecxcto/ros2/projects/project4/ros2_ws/install/tecx_raw_microcontroller_byte_stream_parser_pkg/lib/python3.10/site-packages/tecx_raw_microcontroller_byte_stream_parser_pkg
copying /root/tecxcto/ros2/projects/project4/ros2_ws/build/tecx_raw_microcontroller_byte_stream_parser_pkg/build/lib/tecx_raw_microcontroller_byte_stream_parser_pkg/__init__.py -> /root/tecxcto/ros2/projects/project4/ros2_ws/install/tecx_raw_microcontroller_byte_stream_parser_pkg/lib/python3.10/site-packages/tecx_raw_microcontroller_byte_stream_parser_pkg
copying /root/tecxcto/ros2/projects/project4/ros2_ws/build/tecx_raw_microcontroller_byte_stream_parser_pkg/build/lib/tecx_raw_microcontroller_byte_stream_parser_pkg/tecx_raw_microcontroller_byte_stream_parser.py -> /root/tecxcto/ros2/projects/project4/ros2_ws/install/tecx_raw_microcontroller_byte_stream_parser_pkg/lib/python3.10/site-packages/tecx_raw_microcontroller_byte_stream_parser_pkg
byte-compiling /root/tecxcto/ros2/projects/project4/ros2_ws/install/tecx_raw_microcontroller_byte_stream_parser_pkg/lib/python3.10/site-packages/tecx_raw_microcontroller_byte_stream_parser_pkg/__init__.py to __init__.cpython-310.pyc
byte-compiling /root/tecxcto/ros2/projects/project4/ros2_ws/install/tecx_raw_microcontroller_byte_stream_parser_pkg/lib/python3.10/site-packages/tecx_raw_microcontroller_byte_stream_parser_pkg/tecx_raw_microcontroller_byte_stream_parser.py to tecx_raw_microcontroller_byte_stream_parser.cpython-310.pyc
running install_data
creating /root/tecxcto/ros2/projects/project4/ros2_ws/install/tecx_raw_microcontroller_byte_stream_parser_pkg/share/ament_index
creating /root/tecxcto/ros2/projects/project4/ros2_ws/install/tecx_raw_microcontroller_byte_stream_parser_pkg/share/ament_index/resource_index
creating /root/tecxcto/ros2/projects/project4/ros2_ws/install/tecx_raw_microcontroller_byte_stream_parser_pkg/share/ament_index/resource_index/packages
copying resource/tecx_raw_microcontroller_byte_stream_parser_pkg -> /root/tecxcto/ros2/projects/project4/ros2_ws/install/tecx_raw_microcontroller_byte_stream_parser_pkg/share/ament_index/resource_index/packages
copying package.xml -> /root/tecxcto/ros2/projects/project4/ros2_ws/install/tecx_raw_microcontroller_byte_stream_parser_pkg/share/tecx_raw_microcontroller_byte_stream_parser_pkg
running install_egg_info
Copying ../../build/tecx_raw_microcontroller_byte_stream_parser_pkg/tecx_raw_microcontroller_byte_stream_parser_pkg.egg-info to /root/tecxcto/ros2/projects/project4/ros2_ws/install/tecx_raw_microcontroller_byte_stream_parser_pkg/lib/python3.10/site-packages/tecx_raw_microcontroller_byte_stream_parser_pkg-0.0.0-py3.10.egg-info
running install_scripts
Installing listener script to /root/tecxcto/ros2/projects/project4/ros2_ws/install/tecx_raw_microcontroller_byte_stream_parser_pkg/lib/tecx_raw_microcontroller_byte_stream_parser_pkg
Installing raw_microcont_parser script to /root/tecxcto/ros2/projects/project4/ros2_ws/install/tecx_raw_microcontroller_byte_stream_parser_pkg/lib/tecx_raw_microcontroller_byte_stream_parser_pkg
writing list of installed files to '/root/tecxcto/ros2/projects/project4/ros2_ws/build/tecx_raw_microcontroller_byte_stream_parser_pkg/install.log'
