[11.752s] Invoking command in '/root/tecxcto/ros2/projects/project4/ros2_ws/src/tecx_raw_microcontroller_byte_stream_parser_pkg': PYTHONPATH=/root/tecxcto/ros2/projects/project4/ros2_ws/build/tecx_raw_microcontroller_byte_stream_parser_pkg/prefix_override:/usr/lib/python3/dist-packages/colcon_core/task/python/colcon_distutils_commands:/root/tecxcto/ros2/projects/project4/ros2_ws/install/tecx_raw_microcontroller_byte_stream_parser_pkg/lib/python3.10/site-packages:${PYTHONPATH} /usr/bin/python3 -W ignore:setup.py install is deprecated -W ignore:easy_install command is deprecated setup.py egg_info --egg-base ../../build/tecx_raw_microcontroller_byte_stream_parser_pkg build --build-base /root/tecxcto/ros2/projects/project4/ros2_ws/build/tecx_raw_microcontroller_byte_stream_parser_pkg/build install --record /root/tecxcto/ros2/projects/project4/ros2_ws/build/tecx_raw_microcontroller_byte_stream_parser_pkg/install.log --install-scripts $base/lib/tecx_raw_microcontroller_byte_stream_parser_pkg --single-version-externally-managed install_data
[17.632s] running egg_info
[17.635s] creating ../../build/tecx_raw_microcontroller_byte_stream_parser_pkg/tecx_raw_microcontroller_byte_stream_parser_pkg.egg-info
[17.636s] writing ../../build/tecx_raw_microcontroller_byte_stream_parser_pkg/tecx_raw_microcontroller_byte_stream_parser_pkg.egg-info/PKG-INFO
[17.638s] writing dependency_links to ../../build/tecx_raw_microcontroller_byte_stream_parser_pkg/tecx_raw_microcontroller_byte_stream_parser_pkg.egg-info/dependency_links.txt
[17.641s] writing entry points to ../../build/tecx_raw_microcontroller_byte_stream_parser_pkg/tecx_raw_microcontroller_byte_stream_parser_pkg.egg-info/entry_points.txt
[17.647s] writing requirements to ../../build/tecx_raw_microcontroller_byte_stream_parser_pkg/tecx_raw_microcontroller_byte_stream_parser_pkg.egg-info/requires.txt
[17.648s] writing top-level names to ../../build/tecx_raw_microcontroller_byte_stream_parser_pkg/tecx_raw_microcontroller_byte_stream_parser_pkg.egg-info/top_level.txt
[17.650s] writing manifest file '../../build/tecx_raw_microcontroller_byte_stream_parser_pkg/tecx_raw_microcontroller_byte_stream_parser_pkg.egg-info/SOURCES.txt'
[17.668s] reading manifest file '../../build/tecx_raw_microcontroller_byte_stream_parser_pkg/tecx_raw_microcontroller_byte_stream_parser_pkg.egg-info/SOURCES.txt'
[17.686s] writing manifest file '../../build/tecx_raw_microcontroller_byte_stream_parser_pkg/tecx_raw_microcontroller_byte_stream_parser_pkg.egg-info/SOURCES.txt'
[17.687s] running build
[17.687s] running build_py
[17.694s] creating /root/tecxcto/ros2/projects/project4/ros2_ws/build/tecx_raw_microcontroller_byte_stream_parser_pkg/build
[17.695s] creating /root/tecxcto/ros2/projects/project4/ros2_ws/build/tecx_raw_microcontroller_byte_stream_parser_pkg/build/lib
[17.696s] creating /root/tecxcto/ros2/projects/project4/ros2_ws/build/tecx_raw_microcontroller_byte_stream_parser_pkg/build/lib/tecx_raw_microcontroller_byte_stream_parser_pkg
[17.699s] copying tecx_raw_microcontroller_byte_stream_parser_pkg/__init__.py -> /root/tecxcto/ros2/projects/project4/ros2_ws/build/tecx_raw_microcontroller_byte_stream_parser_pkg/build/lib/tecx_raw_microcontroller_byte_stream_parser_pkg
[17.705s] copying tecx_raw_microcontroller_byte_stream_parser_pkg/tecx_raw_microcontroller_byte_stream_parser.py -> /root/tecxcto/ros2/projects/project4/ros2_ws/build/tecx_raw_microcontroller_byte_stream_parser_pkg/build/lib/tecx_raw_microcontroller_byte_stream_parser_pkg
[17.714s] running install
[17.716s] running install_lib
[17.734s] creating /root/tecxcto/ros2/projects/project4/ros2_ws/install/tecx_raw_microcontroller_byte_stream_parser_pkg/lib/python3.10/site-packages/tecx_raw_microcontroller_byte_stream_parser_pkg
[17.738s] copying /root/tecxcto/ros2/projects/project4/ros2_ws/build/tecx_raw_microcontroller_byte_stream_parser_pkg/build/lib/tecx_raw_microcontroller_byte_stream_parser_pkg/__init__.py -> /root/tecxcto/ros2/projects/project4/ros2_ws/install/tecx_raw_microcontroller_byte_stream_parser_pkg/lib/python3.10/site-packages/tecx_raw_microcontroller_byte_stream_parser_pkg
[17.749s] copying /root/tecxcto/ros2/projects/project4/ros2_ws/build/tecx_raw_microcontroller_byte_stream_parser_pkg/build/lib/tecx_raw_microcontroller_byte_stream_parser_pkg/tecx_raw_microcontroller_byte_stream_parser.py -> /root/tecxcto/ros2/projects/project4/ros2_ws/install/tecx_raw_microcontroller_byte_stream_parser_pkg/lib/python3.10/site-packages/tecx_raw_microcontroller_byte_stream_parser_pkg
[17.765s] byte-compiling /root/tecxcto/ros2/projects/project4/ros2_ws/install/tecx_raw_microcontroller_byte_stream_parser_pkg/lib/python3.10/site-packages/tecx_raw_microcontroller_byte_stream_parser_pkg/__init__.py to __init__.cpython-310.pyc
[17.776s] byte-compiling /root/tecxcto/ros2/projects/project4/ros2_ws/install/tecx_raw_microcontroller_byte_stream_parser_pkg/lib/python3.10/site-packages/tecx_raw_microcontroller_byte_stream_parser_pkg/tecx_raw_microcontroller_byte_stream_parser.py to tecx_raw_microcontroller_byte_stream_parser.cpython-310.pyc
[17.787s] running install_data
[17.796s] creating /root/tecxcto/ros2/projects/project4/ros2_ws/install/tecx_raw_microcontroller_byte_stream_parser_pkg/share/ament_index
[17.796s] creating /root/tecxcto/ros2/projects/project4/ros2_ws/install/tecx_raw_microcontroller_byte_stream_parser_pkg/share/ament_index/resource_index
[17.797s] creating /root/tecxcto/ros2/projects/project4/ros2_ws/install/tecx_raw_microcontroller_byte_stream_parser_pkg/share/ament_index/resource_index/packages
[17.800s] copying resource/tecx_raw_microcontroller_byte_stream_parser_pkg -> /root/tecxcto/ros2/projects/project4/ros2_ws/install/tecx_raw_microcontroller_byte_stream_parser_pkg/share/ament_index/resource_index/packages
[17.812s] copying package.xml -> /root/tecxcto/ros2/projects/project4/ros2_ws/install/tecx_raw_microcontroller_byte_stream_parser_pkg/share/tecx_raw_microcontroller_byte_stream_parser_pkg
[17.819s] running install_egg_info
[17.850s] Copying ../../build/tecx_raw_microcontroller_byte_stream_parser_pkg/tecx_raw_microcontroller_byte_stream_parser_pkg.egg-info to /root/tecxcto/ros2/projects/project4/ros2_ws/install/tecx_raw_microcontroller_byte_stream_parser_pkg/lib/python3.10/site-packages/tecx_raw_microcontroller_byte_stream_parser_pkg-0.0.0-py3.10.egg-info
[17.943s] running install_scripts
[18.177s] Installing listener script to /root/tecxcto/ros2/projects/project4/ros2_ws/install/tecx_raw_microcontroller_byte_stream_parser_pkg/lib/tecx_raw_microcontroller_byte_stream_parser_pkg
[18.181s] Installing raw_microcont_parser script to /root/tecxcto/ros2/projects/project4/ros2_ws/install/tecx_raw_microcontroller_byte_stream_parser_pkg/lib/tecx_raw_microcontroller_byte_stream_parser_pkg
[18.188s] writing list of installed files to '/root/tecxcto/ros2/projects/project4/ros2_ws/build/tecx_raw_microcontroller_byte_stream_parser_pkg/install.log'
[18.264s] Invoked command in '/root/tecxcto/ros2/projects/project4/ros2_ws/src/tecx_raw_microcontroller_byte_stream_parser_pkg' returned '0': PYTHONPATH=/root/tecxcto/ros2/projects/project4/ros2_ws/build/tecx_raw_microcontroller_byte_stream_parser_pkg/prefix_override:/usr/lib/python3/dist-packages/colcon_core/task/python/colcon_distutils_commands:/root/tecxcto/ros2/projects/project4/ros2_ws/install/tecx_raw_microcontroller_byte_stream_parser_pkg/lib/python3.10/site-packages:${PYTHONPATH} /usr/bin/python3 -W ignore:setup.py install is deprecated -W ignore:easy_install command is deprecated setup.py egg_info --egg-base ../../build/tecx_raw_microcontroller_byte_stream_parser_pkg build --build-base /root/tecxcto/ros2/projects/project4/ros2_ws/build/tecx_raw_microcontroller_byte_stream_parser_pkg/build install --record /root/tecxcto/ros2/projects/project4/ros2_ws/build/tecx_raw_microcontroller_byte_stream_parser_pkg/install.log --install-scripts $base/lib/tecx_raw_microcontroller_byte_stream_parser_pkg --single-version-externally-managed install_data
