[4.704s] DEBUG:colcon:Command line arguments: ['/usr/bin/colcon', 'build', '--packages-select', 'tecx_robot_pkg']
[4.708s] DEBUG:colcon:Parsed command line arguments: Namespace(log_base=None, log_level=None, verb_name='build', build_base='build', install_base='install', merge_install=False, symlink_install=False, test_result_base=None, continue_on_error=False, executor='parallel', parallel_workers=8, event_handlers=None, ignore_user_meta=False, metas=['./colcon.meta'], base_paths=['.'], packages_ignore=None, packages_ignore_regex=None, paths=None, packages_up_to=None, packages_up_to_regex=None, packages_above=None, packages_above_and_dependencies=None, packages_above_depth=None, packages_select_by_dep=None, packages_skip_by_dep=None, packages_skip_up_to=None, packages_select_build_failed=False, packages_skip_build_finished=False, packages_select_test_failures=False, packages_skip_test_passed=False, packages_select=['tecx_robot_pkg'], packages_skip=None, packages_select_regex=None, packages_skip_regex=None, packages_start=None, packages_end=None, allow_overriding=[], cmake_args=None, cmake_target=None, cmake_target_skip_unavailable=False, cmake_clean_cache=False, cmake_clean_first=False, cmake_force_configure=False, ament_cmake_args=None, catkin_cmake_args=None, catkin_skip_building_tests=False, verb_parser=<colcon_defaults.argument_parser.defaults.DefaultArgumentsDecorator object at 0x77446cd9c0>, verb_extension=<colcon_core.verb.build.BuildVerb object at 0x77447d3130>, main=<bound method BuildVerb.main of <colcon_core.verb.build.BuildVerb object at 0x77447d3130>>)
[11.038s] Level 1:colcon.colcon_core.package_discovery:discover_packages(colcon_meta) check parameters
[11.041s] Level 1:colcon.colcon_core.package_discovery:discover_packages(recursive) check parameters
[11.041s] Level 1:colcon.colcon_core.package_discovery:discover_packages(ignore) check parameters
[11.041s] Level 1:colcon.colcon_core.package_discovery:discover_packages(path) check parameters
[11.041s] Level 1:colcon.colcon_core.package_discovery:discover_packages(colcon_meta) discover
[11.041s] Level 1:colcon.colcon_core.package_discovery:discover_packages(recursive) discover
[11.042s] INFO:colcon.colcon_core.package_discovery:Crawling recursively for packages in '/root/tecxcto/ros2/projects/project1/ros2_ws'
[11.045s] Level 1:colcon.colcon_core.package_identification:_identify(.) by extensions ['ignore', 'ignore_ament_install']
[11.045s] Level 1:colcon.colcon_core.package_identification:_identify(.) by extension 'ignore'
[11.046s] Level 1:colcon.colcon_core.package_identification:_identify(.) by extension 'ignore_ament_install'
[11.047s] Level 1:colcon.colcon_core.package_identification:_identify(.) by extensions ['colcon_pkg']
[11.048s] Level 1:colcon.colcon_core.package_identification:_identify(.) by extension 'colcon_pkg'
[11.049s] Level 1:colcon.colcon_core.package_identification:_identify(.) by extensions ['colcon_meta']
[11.049s] Level 1:colcon.colcon_core.package_identification:_identify(.) by extension 'colcon_meta'
[11.050s] Level 1:colcon.colcon_core.package_identification:_identify(.) by extensions ['ros']
[11.050s] Level 1:colcon.colcon_core.package_identification:_identify(.) by extension 'ros'
[11.144s] Level 1:colcon.colcon_core.package_identification:_identify(.) by extensions ['cmake', 'python']
[11.144s] Level 1:colcon.colcon_core.package_identification:_identify(.) by extension 'cmake'
[11.145s] Level 1:colcon.colcon_core.package_identification:_identify(.) by extension 'python'
[11.146s] Level 1:colcon.colcon_core.package_identification:_identify(.) by extensions ['python_setup_py']
[11.146s] Level 1:colcon.colcon_core.package_identification:_identify(.) by extension 'python_setup_py'
[11.150s] Level 1:colcon.colcon_core.package_identification:_identify(build) by extensions ['ignore', 'ignore_ament_install']
[11.150s] Level 1:colcon.colcon_core.package_identification:_identify(build) by extension 'ignore'
[11.151s] Level 1:colcon.colcon_core.package_identification:_identify(build) ignored
[11.154s] Level 1:colcon.colcon_core.package_identification:_identify(install) by extensions ['ignore', 'ignore_ament_install']
[11.155s] Level 1:colcon.colcon_core.package_identification:_identify(install) by extension 'ignore'
[11.156s] Level 1:colcon.colcon_core.package_identification:_identify(install) ignored
[11.161s] Level 1:colcon.colcon_core.package_identification:_identify(log) by extensions ['ignore', 'ignore_ament_install']
[11.161s] Level 1:colcon.colcon_core.package_identification:_identify(log) by extension 'ignore'
[11.163s] Level 1:colcon.colcon_core.package_identification:_identify(log) ignored
[11.166s] Level 1:colcon.colcon_core.package_identification:_identify(src) by extensions ['ignore', 'ignore_ament_install']
[11.167s] Level 1:colcon.colcon_core.package_identification:_identify(src) by extension 'ignore'
[11.168s] Level 1:colcon.colcon_core.package_identification:_identify(src) by extension 'ignore_ament_install'
[11.170s] Level 1:colcon.colcon_core.package_identification:_identify(src) by extensions ['colcon_pkg']
[11.170s] Level 1:colcon.colcon_core.package_identification:_identify(src) by extension 'colcon_pkg'
[11.171s] Level 1:colcon.colcon_core.package_identification:_identify(src) by extensions ['colcon_meta']
[11.172s] Level 1:colcon.colcon_core.package_identification:_identify(src) by extension 'colcon_meta'
[11.173s] Level 1:colcon.colcon_core.package_identification:_identify(src) by extensions ['ros']
[11.173s] Level 1:colcon.colcon_core.package_identification:_identify(src) by extension 'ros'
[11.177s] Level 1:colcon.colcon_core.package_identification:_identify(src) by extensions ['cmake', 'python']
[11.177s] Level 1:colcon.colcon_core.package_identification:_identify(src) by extension 'cmake'
[11.178s] Level 1:colcon.colcon_core.package_identification:_identify(src) by extension 'python'
[11.179s] Level 1:colcon.colcon_core.package_identification:_identify(src) by extensions ['python_setup_py']
[11.179s] Level 1:colcon.colcon_core.package_identification:_identify(src) by extension 'python_setup_py'
[11.186s] Level 1:colcon.colcon_core.package_identification:_identify(src/tecx_robot_pkg) by extensions ['ignore', 'ignore_ament_install']
[11.186s] Level 1:colcon.colcon_core.package_identification:_identify(src/tecx_robot_pkg) by extension 'ignore'
[11.187s] Level 1:colcon.colcon_core.package_identification:_identify(src/tecx_robot_pkg) by extension 'ignore_ament_install'
[11.189s] Level 1:colcon.colcon_core.package_identification:_identify(src/tecx_robot_pkg) by extensions ['colcon_pkg']
[11.189s] Level 1:colcon.colcon_core.package_identification:_identify(src/tecx_robot_pkg) by extension 'colcon_pkg'
[11.190s] Level 1:colcon.colcon_core.package_identification:_identify(src/tecx_robot_pkg) by extensions ['colcon_meta']
[11.190s] Level 1:colcon.colcon_core.package_identification:_identify(src/tecx_robot_pkg) by extension 'colcon_meta'
[11.193s] Level 1:colcon.colcon_core.package_identification:_identify(src/tecx_robot_pkg) by extensions ['ros']
[11.194s] Level 1:colcon.colcon_core.package_identification:_identify(src/tecx_robot_pkg) by extension 'ros'
[11.247s] DEBUG:colcon.colcon_core.package_identification:Package 'src/tecx_robot_pkg' with type 'ros.ament_python' and name 'tecx_robot_pkg'
[11.258s] Level 1:colcon.colcon_core.package_identification:_identify(tecx_robot_pkg) by extensions ['ignore', 'ignore_ament_install']
[11.259s] Level 1:colcon.colcon_core.package_identification:_identify(tecx_robot_pkg) by extension 'ignore'
[11.260s] Level 1:colcon.colcon_core.package_identification:_identify(tecx_robot_pkg) by extension 'ignore_ament_install'
[11.263s] Level 1:colcon.colcon_core.package_identification:_identify(tecx_robot_pkg) by extensions ['colcon_pkg']
[11.263s] Level 1:colcon.colcon_core.package_identification:_identify(tecx_robot_pkg) by extension 'colcon_pkg'
[11.264s] Level 1:colcon.colcon_core.package_identification:_identify(tecx_robot_pkg) by extensions ['colcon_meta']
[11.265s] Level 1:colcon.colcon_core.package_identification:_identify(tecx_robot_pkg) by extension 'colcon_meta'
[11.266s] Level 1:colcon.colcon_core.package_identification:_identify(tecx_robot_pkg) by extensions ['ros']
[11.267s] Level 1:colcon.colcon_core.package_identification:_identify(tecx_robot_pkg) by extension 'ros'
[11.282s] DEBUG:colcon.colcon_core.package_identification:Package 'tecx_robot_pkg' with type 'ros.ament_python' and name 'tecx_robot_pkg'
[11.288s] Level 1:colcon.colcon_core.package_discovery:discover_packages(recursive) using defaults
[11.289s] Level 1:colcon.colcon_core.package_discovery:discover_packages(ignore) discover
[11.289s] Level 1:colcon.colcon_core.package_discovery:discover_packages(ignore) using defaults
[11.289s] Level 1:colcon.colcon_core.package_discovery:discover_packages(path) discover
[11.290s] Level 1:colcon.colcon_core.package_discovery:discover_packages(path) using defaults
[11.699s] Level 1:colcon.colcon_core.package_discovery:discover_packages(prefix_path) check parameters
[11.699s] Level 1:colcon.colcon_core.package_discovery:discover_packages(prefix_path) discover
[11.878s] DEBUG:colcon.colcon_installed_package_information.package_discovery:Found 187 installed packages in /opt/ros/humble
[11.881s] Level 1:colcon.colcon_core.package_discovery:discover_packages(prefix_path) using defaults
[12.901s] ERROR:colcon:colcon build: Duplicate package names not supported:
- tecx_robot_pkg:
  - src/tecx_robot_pkg
  - tecx_robot_pkg
