[3.366s] DEBUG:colcon:Command line arguments: ['/usr/bin/colcon', 'build', '--packages-select', 'tecx_web_accessible_robotic_telemetry_server']
[3.367s] DEBUG:colcon:Parsed command line arguments: Namespace(log_base=None, log_level=None, verb_name='build', build_base='build', install_base='install', merge_install=False, symlink_install=False, test_result_base=None, continue_on_error=False, executor='parallel', parallel_workers=8, event_handlers=None, ignore_user_meta=False, metas=['./colcon.meta'], base_paths=['.'], packages_ignore=None, packages_ignore_regex=None, paths=None, packages_up_to=None, packages_up_to_regex=None, packages_above=None, packages_above_and_dependencies=None, packages_above_depth=None, packages_select_by_dep=None, packages_skip_by_dep=None, packages_skip_up_to=None, packages_select_build_failed=False, packages_skip_build_finished=False, packages_select_test_failures=False, packages_skip_test_passed=False, packages_select=['tecx_web_accessible_robotic_telemetry_server'], packages_skip=None, packages_select_regex=None, packages_skip_regex=None, packages_start=None, packages_end=None, allow_overriding=[], cmake_args=None, cmake_target=None, cmake_target_skip_unavailable=False, cmake_clean_cache=False, cmake_clean_first=False, cmake_force_configure=False, ament_cmake_args=None, catkin_cmake_args=None, catkin_skip_building_tests=False, verb_parser=<colcon_defaults.argument_parser.defaults.DefaultArgumentsDecorator object at 0x718ac25d50>, verb_extension=<colcon_core.verb.build.BuildVerb object at 0x718afe74c0>, main=<bound method BuildVerb.main of <colcon_core.verb.build.BuildVerb object at 0x718afe74c0>>)
[9.321s] Level 1:colcon.colcon_core.package_discovery:discover_packages(colcon_meta) check parameters
[9.323s] Level 1:colcon.colcon_core.package_discovery:discover_packages(recursive) check parameters
[9.324s] Level 1:colcon.colcon_core.package_discovery:discover_packages(ignore) check parameters
[9.324s] Level 1:colcon.colcon_core.package_discovery:discover_packages(path) check parameters
[9.324s] Level 1:colcon.colcon_core.package_discovery:discover_packages(colcon_meta) discover
[9.324s] Level 1:colcon.colcon_core.package_discovery:discover_packages(recursive) discover
[9.325s] INFO:colcon.colcon_core.package_discovery:Crawling recursively for packages in '/root/tecxcto/ros2/projects/project2/ros2_ws'
[9.328s] Level 1:colcon.colcon_core.package_identification:_identify(.) by extensions ['ignore', 'ignore_ament_install']
[9.329s] Level 1:colcon.colcon_core.package_identification:_identify(.) by extension 'ignore'
[9.330s] Level 1:colcon.colcon_core.package_identification:_identify(.) by extension 'ignore_ament_install'
[9.332s] Level 1:colcon.colcon_core.package_identification:_identify(.) by extensions ['colcon_pkg']
[9.332s] Level 1:colcon.colcon_core.package_identification:_identify(.) by extension 'colcon_pkg'
[9.333s] Level 1:colcon.colcon_core.package_identification:_identify(.) by extensions ['colcon_meta']
[9.334s] Level 1:colcon.colcon_core.package_identification:_identify(.) by extension 'colcon_meta'
[9.335s] Level 1:colcon.colcon_core.package_identification:_identify(.) by extensions ['ros']
[9.335s] Level 1:colcon.colcon_core.package_identification:_identify(.) by extension 'ros'
[9.538s] Level 1:colcon.colcon_core.package_identification:_identify(.) by extensions ['cmake', 'python']
[9.538s] Level 1:colcon.colcon_core.package_identification:_identify(.) by extension 'cmake'
[9.539s] Level 1:colcon.colcon_core.package_identification:_identify(.) by extension 'python'
[9.540s] Level 1:colcon.colcon_core.package_identification:_identify(.) by extensions ['python_setup_py']
[9.541s] Level 1:colcon.colcon_core.package_identification:_identify(.) by extension 'python_setup_py'
[9.545s] Level 1:colcon.colcon_core.package_identification:_identify(build) by extensions ['ignore', 'ignore_ament_install']
[9.545s] Level 1:colcon.colcon_core.package_identification:_identify(build) by extension 'ignore'
[9.546s] Level 1:colcon.colcon_core.package_identification:_identify(build) ignored
[9.550s] Level 1:colcon.colcon_core.package_identification:_identify(install) by extensions ['ignore', 'ignore_ament_install']
[9.550s] Level 1:colcon.colcon_core.package_identification:_identify(install) by extension 'ignore'
[9.551s] Level 1:colcon.colcon_core.package_identification:_identify(install) ignored
[9.555s] Level 1:colcon.colcon_core.package_identification:_identify(log) by extensions ['ignore', 'ignore_ament_install']
[9.556s] Level 1:colcon.colcon_core.package_identification:_identify(log) by extension 'ignore'
[9.558s] Level 1:colcon.colcon_core.package_identification:_identify(log) ignored
[9.562s] Level 1:colcon.colcon_core.package_identification:_identify(src) by extensions ['ignore', 'ignore_ament_install']
[9.562s] Level 1:colcon.colcon_core.package_identification:_identify(src) by extension 'ignore'
[9.564s] Level 1:colcon.colcon_core.package_identification:_identify(src) by extension 'ignore_ament_install'
[9.566s] Level 1:colcon.colcon_core.package_identification:_identify(src) by extensions ['colcon_pkg']
[9.567s] Level 1:colcon.colcon_core.package_identification:_identify(src) by extension 'colcon_pkg'
[9.568s] Level 1:colcon.colcon_core.package_identification:_identify(src) by extensions ['colcon_meta']
[9.568s] Level 1:colcon.colcon_core.package_identification:_identify(src) by extension 'colcon_meta'
[9.570s] Level 1:colcon.colcon_core.package_identification:_identify(src) by extensions ['ros']
[9.570s] Level 1:colcon.colcon_core.package_identification:_identify(src) by extension 'ros'
[9.575s] Level 1:colcon.colcon_core.package_identification:_identify(src) by extensions ['cmake', 'python']
[9.575s] Level 1:colcon.colcon_core.package_identification:_identify(src) by extension 'cmake'
[9.577s] Level 1:colcon.colcon_core.package_identification:_identify(src) by extension 'python'
[9.578s] Level 1:colcon.colcon_core.package_identification:_identify(src) by extensions ['python_setup_py']
[9.579s] Level 1:colcon.colcon_core.package_identification:_identify(src) by extension 'python_setup_py'
[9.587s] Level 1:colcon.colcon_core.package_identification:_identify(src/tecx_web_accessible_robotic_telemetry_server) by extensions ['ignore', 'ignore_ament_install']
[9.589s] Level 1:colcon.colcon_core.package_identification:_identify(src/tecx_web_accessible_robotic_telemetry_server) by extension 'ignore'
[9.591s] Level 1:colcon.colcon_core.package_identification:_identify(src/tecx_web_accessible_robotic_telemetry_server) by extension 'ignore_ament_install'
[9.594s] Level 1:colcon.colcon_core.package_identification:_identify(src/tecx_web_accessible_robotic_telemetry_server) by extensions ['colcon_pkg']
[9.594s] Level 1:colcon.colcon_core.package_identification:_identify(src/tecx_web_accessible_robotic_telemetry_server) by extension 'colcon_pkg'
[9.597s] Level 1:colcon.colcon_core.package_identification:_identify(src/tecx_web_accessible_robotic_telemetry_server) by extensions ['colcon_meta']
[9.597s] Level 1:colcon.colcon_core.package_identification:_identify(src/tecx_web_accessible_robotic_telemetry_server) by extension 'colcon_meta'
[9.602s] Level 1:colcon.colcon_core.package_identification:_identify(src/tecx_web_accessible_robotic_telemetry_server) by extensions ['ros']
[9.602s] Level 1:colcon.colcon_core.package_identification:_identify(src/tecx_web_accessible_robotic_telemetry_server) by extension 'ros'
[9.654s] DEBUG:colcon.colcon_core.package_identification:Package 'src/tecx_web_accessible_robotic_telemetry_server' with type 'ros.ament_python' and name 'tecx_web_accessible_robotic_telemetry_server'
[9.654s] Level 1:colcon.colcon_core.package_discovery:discover_packages(recursive) using defaults
[9.655s] Level 1:colcon.colcon_core.package_discovery:discover_packages(ignore) discover
[9.655s] Level 1:colcon.colcon_core.package_discovery:discover_packages(ignore) using defaults
[9.656s] Level 1:colcon.colcon_core.package_discovery:discover_packages(path) discover
[9.656s] Level 1:colcon.colcon_core.package_discovery:discover_packages(path) using defaults
[9.990s] Level 1:colcon.colcon_core.package_discovery:discover_packages(prefix_path) check parameters
[9.990s] Level 1:colcon.colcon_core.package_discovery:discover_packages(prefix_path) discover
[10.005s] DEBUG:colcon.colcon_installed_package_information.package_discovery:Found 0 installed packages in /root/tecxcto/ros2/projects/project2/ros2_ws/install
[10.035s] DEBUG:colcon.colcon_installed_package_information.package_discovery:Found 187 installed packages in /opt/ros/humble
[10.036s] Level 1:colcon.colcon_core.package_discovery:discover_packages(prefix_path) using defaults
[10.262s] Level 5:colcon.colcon_core.verb:set package 'tecx_web_accessible_robotic_telemetry_server' build argument 'cmake_args' from command line to 'None'
[10.263s] Level 5:colcon.colcon_core.verb:set package 'tecx_web_accessible_robotic_telemetry_server' build argument 'cmake_target' from command line to 'None'
[10.263s] Level 5:colcon.colcon_core.verb:set package 'tecx_web_accessible_robotic_telemetry_server' build argument 'cmake_target_skip_unavailable' from command line to 'False'
[10.263s] Level 5:colcon.colcon_core.verb:set package 'tecx_web_accessible_robotic_telemetry_server' build argument 'cmake_clean_cache' from command line to 'False'
[10.263s] Level 5:colcon.colcon_core.verb:set package 'tecx_web_accessible_robotic_telemetry_server' build argument 'cmake_clean_first' from command line to 'False'
[10.263s] Level 5:colcon.colcon_core.verb:set package 'tecx_web_accessible_robotic_telemetry_server' build argument 'cmake_force_configure' from command line to 'False'
[10.263s] Level 5:colcon.colcon_core.verb:set package 'tecx_web_accessible_robotic_telemetry_server' build argument 'ament_cmake_args' from command line to 'None'
[10.263s] Level 5:colcon.colcon_core.verb:set package 'tecx_web_accessible_robotic_telemetry_server' build argument 'catkin_cmake_args' from command line to 'None'
[10.263s] Level 5:colcon.colcon_core.verb:set package 'tecx_web_accessible_robotic_telemetry_server' build argument 'catkin_skip_building_tests' from command line to 'False'
[10.263s] DEBUG:colcon.colcon_core.verb:Building package 'tecx_web_accessible_robotic_telemetry_server' with the following arguments: {'ament_cmake_args': None, 'build_base': '/root/tecxcto/ros2/projects/project2/ros2_ws/build/tecx_web_accessible_robotic_telemetry_server', 'catkin_cmake_args': None, 'catkin_skip_building_tests': False, 'cmake_args': None, 'cmake_clean_cache': False, 'cmake_clean_first': False, 'cmake_force_configure': False, 'cmake_target': None, 'cmake_target_skip_unavailable': False, 'install_base': '/root/tecxcto/ros2/projects/project2/ros2_ws/install/tecx_web_accessible_robotic_telemetry_server', 'merge_install': False, 'path': '/root/tecxcto/ros2/projects/project2/ros2_ws/src/tecx_web_accessible_robotic_telemetry_server', 'symlink_install': False, 'test_result_base': None}
[10.263s] INFO:colcon.colcon_core.executor:Executing jobs using 'parallel' executor
[10.272s] DEBUG:colcon.colcon_parallel_executor.executor.parallel:run_until_complete
[10.273s] INFO:colcon.colcon_ros.task.ament_python.build:Building ROS package in '/root/tecxcto/ros2/projects/project2/ros2_ws/src/tecx_web_accessible_robotic_telemetry_server' with build type 'ament_python'
[10.275s] Level 1:colcon.colcon_core.shell:create_environment_hook('tecx_web_accessible_robotic_telemetry_server', 'ament_prefix_path')
[10.337s] INFO:colcon.colcon_core.plugin_system:Skipping extension 'colcon_core.shell.bat': Not used on non-Windows systems
[10.338s] INFO:colcon.colcon_core.shell:Creating environment hook '/root/tecxcto/ros2/projects/project2/ros2_ws/install/tecx_web_accessible_robotic_telemetry_server/share/tecx_web_accessible_robotic_telemetry_server/hook/ament_prefix_path.ps1'
[10.353s] INFO:colcon.colcon_core.shell:Creating environment descriptor '/root/tecxcto/ros2/projects/project2/ros2_ws/install/tecx_web_accessible_robotic_telemetry_server/share/tecx_web_accessible_robotic_telemetry_server/hook/ament_prefix_path.dsv'
[10.363s] INFO:colcon.colcon_core.shell:Creating environment hook '/root/tecxcto/ros2/projects/project2/ros2_ws/install/tecx_web_accessible_robotic_telemetry_server/share/tecx_web_accessible_robotic_telemetry_server/hook/ament_prefix_path.sh'
[10.379s] INFO:colcon.colcon_core.shell:Skip shell extension 'powershell' for command environment: Not usable outside of PowerShell
[10.379s] DEBUG:colcon.colcon_core.shell:Skip shell extension 'dsv' for command environment
[15.271s] INFO:colcon.colcon_core.task.python.build:Building Python package in '/root/tecxcto/ros2/projects/project2/ros2_ws/src/tecx_web_accessible_robotic_telemetry_server'
[15.274s] INFO:colcon.colcon_core.shell:Skip shell extension 'powershell' for command environment: Not usable outside of PowerShell
[15.275s] DEBUG:colcon.colcon_core.shell:Skip shell extension 'dsv' for command environment
[22.523s] DEBUG:colcon.colcon_core.task.python.build:Available setuptools commands: extract_messages, easy_install, build, bdist_rpm, bdist_egg, install_egg_info, sdist, build_clib, rotate, check, build_ext, test, bdist_dumb, develop, install_headers, upload, bdist_wheel, alias, clean, setopt, compile_catalog, init_catalog, install_scripts, update_catalog, symlink_data, build_py, egg_info, install, install_lib, build_scripts, bdist, register, install_data, saveopts, upload_docs, dist_info
[22.543s] DEBUG:colcon.colcon_core.event_handler.log_command:Invoking command in '/root/tecxcto/ros2/projects/project2/ros2_ws/src/tecx_web_accessible_robotic_telemetry_server': PYTHONPATH=/root/tecxcto/ros2/projects/project2/ros2_ws/build/tecx_web_accessible_robotic_telemetry_server/prefix_override:/usr/lib/python3/dist-packages/colcon_core/task/python/colcon_distutils_commands:/root/tecxcto/ros2/projects/project2/ros2_ws/install/tecx_web_accessible_robotic_telemetry_server/lib/python3.10/site-packages:${PYTHONPATH} /usr/bin/python3 -W ignore:setup.py install is deprecated -W ignore:easy_install command is deprecated setup.py egg_info --egg-base ../../build/tecx_web_accessible_robotic_telemetry_server build --build-base /root/tecxcto/ros2/projects/project2/ros2_ws/build/tecx_web_accessible_robotic_telemetry_server/build install --record /root/tecxcto/ros2/projects/project2/ros2_ws/build/tecx_web_accessible_robotic_telemetry_server/install.log --install-scripts $base/lib/tecx_web_accessible_robotic_telemetry_server --single-version-externally-managed install_data
[27.586s] DEBUG:colcon.colcon_core.event_handler.log_command:Invoked command in '/root/tecxcto/ros2/projects/project2/ros2_ws/src/tecx_web_accessible_robotic_telemetry_server' returned '0': PYTHONPATH=/root/tecxcto/ros2/projects/project2/ros2_ws/build/tecx_web_accessible_robotic_telemetry_server/prefix_override:/usr/lib/python3/dist-packages/colcon_core/task/python/colcon_distutils_commands:/root/tecxcto/ros2/projects/project2/ros2_ws/install/tecx_web_accessible_robotic_telemetry_server/lib/python3.10/site-packages:${PYTHONPATH} /usr/bin/python3 -W ignore:setup.py install is deprecated -W ignore:easy_install command is deprecated setup.py egg_info --egg-base ../../build/tecx_web_accessible_robotic_telemetry_server build --build-base /root/tecxcto/ros2/projects/project2/ros2_ws/build/tecx_web_accessible_robotic_telemetry_server/build install --record /root/tecxcto/ros2/projects/project2/ros2_ws/build/tecx_web_accessible_robotic_telemetry_server/install.log --install-scripts $base/lib/tecx_web_accessible_robotic_telemetry_server --single-version-externally-managed install_data
[27.693s] Level 1:colcon.colcon_core.environment:checking '/root/tecxcto/ros2/projects/project2/ros2_ws/install/tecx_web_accessible_robotic_telemetry_server' for CMake module files
[27.711s] Level 1:colcon.colcon_core.environment:checking '/root/tecxcto/ros2/projects/project2/ros2_ws/install/tecx_web_accessible_robotic_telemetry_server' for CMake config files
[27.726s] Level 1:colcon.colcon_core.environment:checking '/root/tecxcto/ros2/projects/project2/ros2_ws/install/tecx_web_accessible_robotic_telemetry_server/lib'
[27.727s] Level 1:colcon.colcon_core.environment:checking '/root/tecxcto/ros2/projects/project2/ros2_ws/install/tecx_web_accessible_robotic_telemetry_server/bin'
[27.728s] Level 1:colcon.colcon_core.environment:checking '/root/tecxcto/ros2/projects/project2/ros2_ws/install/tecx_web_accessible_robotic_telemetry_server/lib/pkgconfig/tecx_web_accessible_robotic_telemetry_server.pc'
[27.729s] Level 1:colcon.colcon_core.environment:checking '/root/tecxcto/ros2/projects/project2/ros2_ws/install/tecx_web_accessible_robotic_telemetry_server/lib/python3.10/site-packages'
[27.730s] Level 1:colcon.colcon_core.shell:create_environment_hook('tecx_web_accessible_robotic_telemetry_server', 'pythonpath')
[27.731s] INFO:colcon.colcon_core.shell:Creating environment hook '/root/tecxcto/ros2/projects/project2/ros2_ws/install/tecx_web_accessible_robotic_telemetry_server/share/tecx_web_accessible_robotic_telemetry_server/hook/pythonpath.ps1'
[27.739s] INFO:colcon.colcon_core.shell:Creating environment descriptor '/root/tecxcto/ros2/projects/project2/ros2_ws/install/tecx_web_accessible_robotic_telemetry_server/share/tecx_web_accessible_robotic_telemetry_server/hook/pythonpath.dsv'
[27.748s] INFO:colcon.colcon_core.shell:Creating environment hook '/root/tecxcto/ros2/projects/project2/ros2_ws/install/tecx_web_accessible_robotic_telemetry_server/share/tecx_web_accessible_robotic_telemetry_server/hook/pythonpath.sh'
[27.760s] Level 1:colcon.colcon_core.environment:checking '/root/tecxcto/ros2/projects/project2/ros2_ws/install/tecx_web_accessible_robotic_telemetry_server/bin'
[27.761s] Level 1:colcon.colcon_core.environment:create_environment_scripts_only(tecx_web_accessible_robotic_telemetry_server)
[27.763s] INFO:colcon.colcon_core.shell:Creating package script '/root/tecxcto/ros2/projects/project2/ros2_ws/install/tecx_web_accessible_robotic_telemetry_server/share/tecx_web_accessible_robotic_telemetry_server/package.ps1'
[27.793s] INFO:colcon.colcon_core.shell:Creating package descriptor '/root/tecxcto/ros2/projects/project2/ros2_ws/install/tecx_web_accessible_robotic_telemetry_server/share/tecx_web_accessible_robotic_telemetry_server/package.dsv'
[27.809s] INFO:colcon.colcon_core.shell:Creating package script '/root/tecxcto/ros2/projects/project2/ros2_ws/install/tecx_web_accessible_robotic_telemetry_server/share/tecx_web_accessible_robotic_telemetry_server/package.sh'
[27.818s] INFO:colcon.colcon_core.shell:Creating package script '/root/tecxcto/ros2/projects/project2/ros2_ws/install/tecx_web_accessible_robotic_telemetry_server/share/tecx_web_accessible_robotic_telemetry_server/package.bash'
[27.829s] INFO:colcon.colcon_core.shell:Creating package script '/root/tecxcto/ros2/projects/project2/ros2_ws/install/tecx_web_accessible_robotic_telemetry_server/share/tecx_web_accessible_robotic_telemetry_server/package.zsh'
[27.842s] Level 1:colcon.colcon_core.environment:create_file_with_runtime_dependencies(/root/tecxcto/ros2/projects/project2/ros2_ws/install/tecx_web_accessible_robotic_telemetry_server/share/colcon-core/packages/tecx_web_accessible_robotic_telemetry_server)
[27.859s] DEBUG:colcon.colcon_parallel_executor.executor.parallel:closing loop
[27.871s] DEBUG:colcon.colcon_parallel_executor.executor.parallel:loop closed
[27.871s] DEBUG:colcon.colcon_parallel_executor.executor.parallel:run_until_complete finished with '0'
[27.872s] DEBUG:colcon.colcon_core.event_reactor:joining thread
[27.967s] INFO:colcon.colcon_core.plugin_system:Skipping extension 'colcon_notification.desktop_notification.notify_send': Could not find 'notify-send'
[27.968s] INFO:colcon.colcon_core.plugin_system:Skipping extension 'colcon_notification.desktop_notification.terminal_notifier': Not used on non-Darwin systems
[27.969s] INFO:colcon.colcon_core.plugin_system:Skipping extension 'colcon_notification.desktop_notification.win32': Not used on non-Windows systems
[27.969s] INFO:colcon.colcon_notification.desktop_notification:Sending desktop notification using 'notify2'
[27.970s] DEBUG:colcon.colcon_notification.desktop_notification.notify2:Failed to initialize notify2: org.freedesktop.DBus.Error.NotSupported: Unable to autolaunch a dbus-daemon without a $DISPLAY for X11
[27.972s] DEBUG:colcon.colcon_core.event_reactor:joined thread
[27.973s] INFO:colcon.colcon_core.shell:Creating prefix script '/root/tecxcto/ros2/projects/project2/ros2_ws/install/local_setup.ps1'
[27.987s] INFO:colcon.colcon_core.shell:Creating prefix util module '/root/tecxcto/ros2/projects/project2/ros2_ws/install/_local_setup_util_ps1.py'
[28.010s] INFO:colcon.colcon_core.shell:Creating prefix chain script '/root/tecxcto/ros2/projects/project2/ros2_ws/install/setup.ps1'
[28.025s] INFO:colcon.colcon_core.shell:Creating prefix script '/root/tecxcto/ros2/projects/project2/ros2_ws/install/local_setup.sh'
[28.032s] INFO:colcon.colcon_core.shell:Creating prefix util module '/root/tecxcto/ros2/projects/project2/ros2_ws/install/_local_setup_util_sh.py'
[28.039s] INFO:colcon.colcon_core.shell:Creating prefix chain script '/root/tecxcto/ros2/projects/project2/ros2_ws/install/setup.sh'
[28.053s] INFO:colcon.colcon_core.shell:Creating prefix script '/root/tecxcto/ros2/projects/project2/ros2_ws/install/local_setup.bash'
[28.072s] INFO:colcon.colcon_core.shell:Creating prefix chain script '/root/tecxcto/ros2/projects/project2/ros2_ws/install/setup.bash'
[28.101s] INFO:colcon.colcon_core.shell:Creating prefix script '/root/tecxcto/ros2/projects/project2/ros2_ws/install/local_setup.zsh'
[28.118s] INFO:colcon.colcon_core.shell:Creating prefix chain script '/root/tecxcto/ros2/projects/project2/ros2_ws/install/setup.zsh'
