/root/tecxcto/ros2/projects/project2/ros2_ws/install/tecx_web_accessible_robotic_telemetry_server/lib/python3.10/site-packages/tecx_web_accessible_robotic_telemetry_server/telemetry_pub.py
/root/tecxcto/ros2/projects/project2/ros2_ws/install/tecx_web_accessible_robotic_telemetry_server/lib/python3.10/site-packages/tecx_web_accessible_robotic_telemetry_server/diagnostic_sub.py
/root/tecxcto/ros2/projects/project2/ros2_ws/install/tecx_web_accessible_robotic_telemetry_server/lib/python3.10/site-packages/tecx_web_accessible_robotic_telemetry_server/telemetry_web_node.py
/root/tecxcto/ros2/projects/project2/ros2_ws/install/tecx_web_accessible_robotic_telemetry_server/lib/python3.10/site-packages/tecx_web_accessible_robotic_telemetry_server/__init__.py
/root/tecxcto/ros2/projects/project2/ros2_ws/install/tecx_web_accessible_robotic_telemetry_server/lib/python3.10/site-packages/tecx_web_accessible_robotic_telemetry_server/__pycache__/telemetry_pub.cpython-310.pyc
/root/tecxcto/ros2/projects/project2/ros2_ws/install/tecx_web_accessible_robotic_telemetry_server/lib/python3.10/site-packages/tecx_web_accessible_robotic_telemetry_server/__pycache__/diagnostic_sub.cpython-310.pyc
/root/tecxcto/ros2/projects/project2/ros2_ws/install/tecx_web_accessible_robotic_telemetry_server/lib/python3.10/site-packages/tecx_web_accessible_robotic_telemetry_server/__pycache__/telemetry_web_node.cpython-310.pyc
/root/tecxcto/ros2/projects/project2/ros2_ws/install/tecx_web_accessible_robotic_telemetry_server/lib/python3.10/site-packages/tecx_web_accessible_robotic_telemetry_server/__pycache__/__init__.cpython-310.pyc
/root/tecxcto/ros2/projects/project2/ros2_ws/install/tecx_web_accessible_robotic_telemetry_server/share/ament_index/resource_index/packages/tecx_web_accessible_robotic_telemetry_server
/root/tecxcto/ros2/projects/project2/ros2_ws/install/tecx_web_accessible_robotic_telemetry_server/share/tecx_web_accessible_robotic_telemetry_server/package.xml
/root/tecxcto/ros2/projects/project2/ros2_ws/install/tecx_web_accessible_robotic_telemetry_server/lib/python3.10/site-packages/tecx_web_accessible_robotic_telemetry_server-0.0.0-py3.10.egg-info/PKG-INFO
/root/tecxcto/ros2/projects/project2/ros2_ws/install/tecx_web_accessible_robotic_telemetry_server/lib/python3.10/site-packages/tecx_web_accessible_robotic_telemetry_server-0.0.0-py3.10.egg-info/zip-safe
/root/tecxcto/ros2/projects/project2/ros2_ws/install/tecx_web_accessible_robotic_telemetry_server/lib/python3.10/site-packages/tecx_web_accessible_robotic_telemetry_server-0.0.0-py3.10.egg-info/dependency_links.txt
/root/tecxcto/ros2/projects/project2/ros2_ws/install/tecx_web_accessible_robotic_telemetry_server/lib/python3.10/site-packages/tecx_web_accessible_robotic_telemetry_server-0.0.0-py3.10.egg-info/entry_points.txt
/root/tecxcto/ros2/projects/project2/ros2_ws/install/tecx_web_accessible_robotic_telemetry_server/lib/python3.10/site-packages/tecx_web_accessible_robotic_telemetry_server-0.0.0-py3.10.egg-info/requires.txt
/root/tecxcto/ros2/projects/project2/ros2_ws/install/tecx_web_accessible_robotic_telemetry_server/lib/python3.10/site-packages/tecx_web_accessible_robotic_telemetry_server-0.0.0-py3.10.egg-info/top_level.txt
/root/tecxcto/ros2/projects/project2/ros2_ws/install/tecx_web_accessible_robotic_telemetry_server/lib/python3.10/site-packages/tecx_web_accessible_robotic_telemetry_server-0.0.0-py3.10.egg-info/SOURCES.txt
/root/tecxcto/ros2/projects/project2/ros2_ws/install/tecx_web_accessible_robotic_telemetry_server/lib/tecx_web_accessible_robotic_telemetry_server/listener
/root/tecxcto/ros2/projects/project2/ros2_ws/install/tecx_web_accessible_robotic_telemetry_server/lib/tecx_web_accessible_robotic_telemetry_server/talker
/root/tecxcto/ros2/projects/project2/ros2_ws/install/tecx_web_accessible_robotic_telemetry_server/lib/tecx_web_accessible_robotic_telemetry_server/web_telemetry
