[3.087s] DEBUG:colcon:Command line arguments: ['/usr/bin/colcon', 'build', '--packages-select', 'tecx_acoustic_drive_telemetric_command_core']
[3.088s] DEBUG:colcon:Parsed command line arguments: Namespace(log_base=None, log_level=None, verb_name='build', build_base='build', install_base='install', merge_install=False, symlink_install=False, test_result_base=None, continue_on_error=False, executor='parallel', parallel_workers=8, event_handlers=None, ignore_user_meta=False, metas=['./colcon.meta'], base_paths=['.'], packages_ignore=None, packages_ignore_regex=None, paths=None, packages_up_to=None, packages_up_to_regex=None, packages_above=None, packages_above_and_dependencies=None, packages_above_depth=None, packages_select_by_dep=None, packages_skip_by_dep=None, packages_skip_up_to=None, packages_select_build_failed=False, packages_skip_build_finished=False, packages_select_test_failures=False, packages_skip_test_passed=False, packages_select=['tecx_acoustic_drive_telemetric_command_core'], packages_skip=None, packages_select_regex=None, packages_skip_regex=None, packages_start=None, packages_end=None, allow_overriding=[], cmake_args=None, cmake_target=None, cmake_target_skip_unavailable=False, cmake_clean_cache=False, cmake_clean_first=False, cmake_force_configure=False, ament_cmake_args=None, catkin_cmake_args=None, catkin_skip_building_tests=False, verb_parser=<colcon_defaults.argument_parser.defaults.DefaultArgumentsDecorator object at 0x73bd6d6080>, verb_extension=<colcon_core.verb.build.BuildVerb object at 0x73bda9b7f0>, main=<bound method BuildVerb.main of <colcon_core.verb.build.BuildVerb object at 0x73bda9b7f0>>)
[7.946s] Level 1:colcon.colcon_core.package_discovery:discover_packages(colcon_meta) check parameters
[7.949s] Level 1:colcon.colcon_core.package_discovery:discover_packages(recursive) check parameters
[7.949s] Level 1:colcon.colcon_core.package_discovery:discover_packages(ignore) check parameters
[7.950s] Level 1:colcon.colcon_core.package_discovery:discover_packages(path) check parameters
[7.950s] Level 1:colcon.colcon_core.package_discovery:discover_packages(colcon_meta) discover
[7.951s] Level 1:colcon.colcon_core.package_discovery:discover_packages(recursive) discover
[7.953s] INFO:colcon.colcon_core.package_discovery:Crawling recursively for packages in '/root/tecxcto/ros2/projects/project3/ros2_ws'
[7.957s] Level 1:colcon.colcon_core.package_identification:_identify(.) by extensions ['ignore', 'ignore_ament_install']
[7.958s] Level 1:colcon.colcon_core.package_identification:_identify(.) by extension 'ignore'
[7.959s] Level 1:colcon.colcon_core.package_identification:_identify(.) by extension 'ignore_ament_install'
[7.963s] Level 1:colcon.colcon_core.package_identification:_identify(.) by extensions ['colcon_pkg']
[7.963s] Level 1:colcon.colcon_core.package_identification:_identify(.) by extension 'colcon_pkg'
[7.965s] Level 1:colcon.colcon_core.package_identification:_identify(.) by extensions ['colcon_meta']
[7.966s] Level 1:colcon.colcon_core.package_identification:_identify(.) by extension 'colcon_meta'
[7.967s] Level 1:colcon.colcon_core.package_identification:_identify(.) by extensions ['ros']
[7.967s] Level 1:colcon.colcon_core.package_identification:_identify(.) by extension 'ros'
[8.153s] Level 1:colcon.colcon_core.package_identification:_identify(.) by extensions ['cmake', 'python']
[8.153s] Level 1:colcon.colcon_core.package_identification:_identify(.) by extension 'cmake'
[8.154s] Level 1:colcon.colcon_core.package_identification:_identify(.) by extension 'python'
[8.155s] Level 1:colcon.colcon_core.package_identification:_identify(.) by extensions ['python_setup_py']
[8.155s] Level 1:colcon.colcon_core.package_identification:_identify(.) by extension 'python_setup_py'
[8.158s] Level 1:colcon.colcon_core.package_identification:_identify(build) by extensions ['ignore', 'ignore_ament_install']
[8.158s] Level 1:colcon.colcon_core.package_identification:_identify(build) by extension 'ignore'
[8.158s] Level 1:colcon.colcon_core.package_identification:_identify(build) ignored
[8.160s] Level 1:colcon.colcon_core.package_identification:_identify(install) by extensions ['ignore', 'ignore_ament_install']
[8.161s] Level 1:colcon.colcon_core.package_identification:_identify(install) by extension 'ignore'
[8.161s] Level 1:colcon.colcon_core.package_identification:_identify(install) ignored
[8.165s] Level 1:colcon.colcon_core.package_identification:_identify(log) by extensions ['ignore', 'ignore_ament_install']
[8.166s] Level 1:colcon.colcon_core.package_identification:_identify(log) by extension 'ignore'
[8.167s] Level 1:colcon.colcon_core.package_identification:_identify(log) ignored
[8.171s] Level 1:colcon.colcon_core.package_identification:_identify(src) by extensions ['ignore', 'ignore_ament_install']
[8.172s] Level 1:colcon.colcon_core.package_identification:_identify(src) by extension 'ignore'
[8.174s] Level 1:colcon.colcon_core.package_identification:_identify(src) by extension 'ignore_ament_install'
[8.177s] Level 1:colcon.colcon_core.package_identification:_identify(src) by extensions ['colcon_pkg']
[8.177s] Level 1:colcon.colcon_core.package_identification:_identify(src) by extension 'colcon_pkg'
[8.178s] Level 1:colcon.colcon_core.package_identification:_identify(src) by extensions ['colcon_meta']
[8.179s] Level 1:colcon.colcon_core.package_identification:_identify(src) by extension 'colcon_meta'
[8.180s] Level 1:colcon.colcon_core.package_identification:_identify(src) by extensions ['ros']
[8.180s] Level 1:colcon.colcon_core.package_identification:_identify(src) by extension 'ros'
[8.184s] Level 1:colcon.colcon_core.package_identification:_identify(src) by extensions ['cmake', 'python']
[8.184s] Level 1:colcon.colcon_core.package_identification:_identify(src) by extension 'cmake'
[8.186s] Level 1:colcon.colcon_core.package_identification:_identify(src) by extension 'python'
[8.188s] Level 1:colcon.colcon_core.package_identification:_identify(src) by extensions ['python_setup_py']
[8.188s] Level 1:colcon.colcon_core.package_identification:_identify(src) by extension 'python_setup_py'
[8.194s] Level 1:colcon.colcon_core.package_identification:_identify(src/tecx_acoustic_drive_telemetric_command_core) by extensions ['ignore', 'ignore_ament_install']
[8.195s] Level 1:colcon.colcon_core.package_identification:_identify(src/tecx_acoustic_drive_telemetric_command_core) by extension 'ignore'
[8.197s] Level 1:colcon.colcon_core.package_identification:_identify(src/tecx_acoustic_drive_telemetric_command_core) by extension 'ignore_ament_install'
[8.200s] Level 1:colcon.colcon_core.package_identification:_identify(src/tecx_acoustic_drive_telemetric_command_core) by extensions ['colcon_pkg']
[8.200s] Level 1:colcon.colcon_core.package_identification:_identify(src/tecx_acoustic_drive_telemetric_command_core) by extension 'colcon_pkg'
[8.202s] Level 1:colcon.colcon_core.package_identification:_identify(src/tecx_acoustic_drive_telemetric_command_core) by extensions ['colcon_meta']
[8.203s] Level 1:colcon.colcon_core.package_identification:_identify(src/tecx_acoustic_drive_telemetric_command_core) by extension 'colcon_meta'
[8.206s] Level 1:colcon.colcon_core.package_identification:_identify(src/tecx_acoustic_drive_telemetric_command_core) by extensions ['ros']
[8.207s] Level 1:colcon.colcon_core.package_identification:_identify(src/tecx_acoustic_drive_telemetric_command_core) by extension 'ros'
[8.265s] DEBUG:colcon.colcon_core.package_identification:Package 'src/tecx_acoustic_drive_telemetric_command_core' with type 'ros.ament_python' and name 'tecx_acoustic_drive_telemetric_command_core'
[8.265s] Level 1:colcon.colcon_core.package_discovery:discover_packages(recursive) using defaults
[8.266s] Level 1:colcon.colcon_core.package_discovery:discover_packages(ignore) discover
[8.267s] Level 1:colcon.colcon_core.package_discovery:discover_packages(ignore) using defaults
[8.267s] Level 1:colcon.colcon_core.package_discovery:discover_packages(path) discover
[8.267s] Level 1:colcon.colcon_core.package_discovery:discover_packages(path) using defaults
[8.780s] Level 1:colcon.colcon_core.package_discovery:discover_packages(prefix_path) check parameters
[8.781s] Level 1:colcon.colcon_core.package_discovery:discover_packages(prefix_path) discover
[8.833s] WARNING:colcon.colcon_core.prefix_path.colcon:The path '/root/tecxcto/ros2/projects/project3/ros2_ws/src/tecx_acoustic_drive_telemetric_command_core/install' in the environment variable COLCON_PREFIX_PATH doesn't exist
[8.837s] WARNING:colcon.colcon_ros.prefix_path.ament:The path '/root/tecxcto/ros2/projects/project3/ros2_ws/src/tecx_acoustic_drive_telemetric_command_core/install/tecx_acoustic_drive_telemetric_command_core' in the environment variable AMENT_PREFIX_PATH doesn't exist
[8.874s] DEBUG:colcon.colcon_installed_package_information.package_discovery:Found 0 installed packages in /root/tecxcto/ros2/projects/project3/ros2_ws/install
[9.007s] DEBUG:colcon.colcon_installed_package_information.package_discovery:Found 187 installed packages in /opt/ros/humble
[9.012s] Level 1:colcon.colcon_core.package_discovery:discover_packages(prefix_path) using defaults
[10.048s] Level 5:colcon.colcon_core.verb:set package 'tecx_acoustic_drive_telemetric_command_core' build argument 'cmake_args' from command line to 'None'
[10.049s] Level 5:colcon.colcon_core.verb:set package 'tecx_acoustic_drive_telemetric_command_core' build argument 'cmake_target' from command line to 'None'
[10.049s] Level 5:colcon.colcon_core.verb:set package 'tecx_acoustic_drive_telemetric_command_core' build argument 'cmake_target_skip_unavailable' from command line to 'False'
[10.049s] Level 5:colcon.colcon_core.verb:set package 'tecx_acoustic_drive_telemetric_command_core' build argument 'cmake_clean_cache' from command line to 'False'
[10.049s] Level 5:colcon.colcon_core.verb:set package 'tecx_acoustic_drive_telemetric_command_core' build argument 'cmake_clean_first' from command line to 'False'
[10.049s] Level 5:colcon.colcon_core.verb:set package 'tecx_acoustic_drive_telemetric_command_core' build argument 'cmake_force_configure' from command line to 'False'
[10.049s] Level 5:colcon.colcon_core.verb:set package 'tecx_acoustic_drive_telemetric_command_core' build argument 'ament_cmake_args' from command line to 'None'
[10.049s] Level 5:colcon.colcon_core.verb:set package 'tecx_acoustic_drive_telemetric_command_core' build argument 'catkin_cmake_args' from command line to 'None'
[10.049s] Level 5:colcon.colcon_core.verb:set package 'tecx_acoustic_drive_telemetric_command_core' build argument 'catkin_skip_building_tests' from command line to 'False'
[10.049s] DEBUG:colcon.colcon_core.verb:Building package 'tecx_acoustic_drive_telemetric_command_core' with the following arguments: {'ament_cmake_args': None, 'build_base': '/root/tecxcto/ros2/projects/project3/ros2_ws/build/tecx_acoustic_drive_telemetric_command_core', 'catkin_cmake_args': None, 'catkin_skip_building_tests': False, 'cmake_args': None, 'cmake_clean_cache': False, 'cmake_clean_first': False, 'cmake_force_configure': False, 'cmake_target': None, 'cmake_target_skip_unavailable': False, 'install_base': '/root/tecxcto/ros2/projects/project3/ros2_ws/install/tecx_acoustic_drive_telemetric_command_core', 'merge_install': False, 'path': '/root/tecxcto/ros2/projects/project3/ros2_ws/src/tecx_acoustic_drive_telemetric_command_core', 'symlink_install': False, 'test_result_base': None}
[10.049s] INFO:colcon.colcon_core.executor:Executing jobs using 'parallel' executor
[10.054s] DEBUG:colcon.colcon_parallel_executor.executor.parallel:run_until_complete
[10.056s] INFO:colcon.colcon_ros.task.ament_python.build:Building ROS package in '/root/tecxcto/ros2/projects/project3/ros2_ws/src/tecx_acoustic_drive_telemetric_command_core' with build type 'ament_python'
[10.056s] Level 1:colcon.colcon_core.shell:create_environment_hook('tecx_acoustic_drive_telemetric_command_core', 'ament_prefix_path')
[10.088s] INFO:colcon.colcon_core.plugin_system:Skipping extension 'colcon_core.shell.bat': Not used on non-Windows systems
[10.088s] INFO:colcon.colcon_core.shell:Creating environment hook '/root/tecxcto/ros2/projects/project3/ros2_ws/install/tecx_acoustic_drive_telemetric_command_core/share/tecx_acoustic_drive_telemetric_command_core/hook/ament_prefix_path.ps1'
[10.094s] INFO:colcon.colcon_core.shell:Creating environment descriptor '/root/tecxcto/ros2/projects/project3/ros2_ws/install/tecx_acoustic_drive_telemetric_command_core/share/tecx_acoustic_drive_telemetric_command_core/hook/ament_prefix_path.dsv'
[10.097s] INFO:colcon.colcon_core.shell:Creating environment hook '/root/tecxcto/ros2/projects/project3/ros2_ws/install/tecx_acoustic_drive_telemetric_command_core/share/tecx_acoustic_drive_telemetric_command_core/hook/ament_prefix_path.sh'
[10.101s] INFO:colcon.colcon_core.shell:Skip shell extension 'powershell' for command environment: Not usable outside of PowerShell
[10.101s] DEBUG:colcon.colcon_core.shell:Skip shell extension 'dsv' for command environment
[14.175s] INFO:colcon.colcon_core.task.python.build:Building Python package in '/root/tecxcto/ros2/projects/project3/ros2_ws/src/tecx_acoustic_drive_telemetric_command_core'
[14.176s] INFO:colcon.colcon_core.shell:Skip shell extension 'powershell' for command environment: Not usable outside of PowerShell
[14.176s] DEBUG:colcon.colcon_core.shell:Skip shell extension 'dsv' for command environment
[24.204s] DEBUG:colcon.colcon_core.task.python.build:Available setuptools commands: install_scripts, upload_docs, egg_info, init_catalog, register, test, upload, rotate, bdist_wheel, install_lib, symlink_data, build_clib, install_egg_info, sdist, build_py, alias, update_catalog, clean, bdist_egg, bdist, dist_info, build, check, install_headers, install, compile_catalog, bdist_dumb, easy_install, bdist_rpm, setopt, install_data, build_scripts, saveopts, extract_messages, develop, build_ext
[24.252s] DEBUG:colcon.colcon_core.event_handler.log_command:Invoking command in '/root/tecxcto/ros2/projects/project3/ros2_ws/src/tecx_acoustic_drive_telemetric_command_core': PYTHONPATH=/root/tecxcto/ros2/projects/project3/ros2_ws/build/tecx_acoustic_drive_telemetric_command_core/prefix_override:/usr/lib/python3/dist-packages/colcon_core/task/python/colcon_distutils_commands:/root/tecxcto/ros2/projects/project3/ros2_ws/install/tecx_acoustic_drive_telemetric_command_core/lib/python3.10/site-packages:${PYTHONPATH} /usr/bin/python3 -W ignore:setup.py install is deprecated -W ignore:easy_install command is deprecated setup.py egg_info --egg-base ../../build/tecx_acoustic_drive_telemetric_command_core build --build-base /root/tecxcto/ros2/projects/project3/ros2_ws/build/tecx_acoustic_drive_telemetric_command_core/build install --record /root/tecxcto/ros2/projects/project3/ros2_ws/build/tecx_acoustic_drive_telemetric_command_core/install.log --install-scripts $base/lib/tecx_acoustic_drive_telemetric_command_core --single-version-externally-managed install_data
[30.012s] DEBUG:colcon.colcon_core.event_handler.log_command:Invoked command in '/root/tecxcto/ros2/projects/project3/ros2_ws/src/tecx_acoustic_drive_telemetric_command_core' returned '0': PYTHONPATH=/root/tecxcto/ros2/projects/project3/ros2_ws/build/tecx_acoustic_drive_telemetric_command_core/prefix_override:/usr/lib/python3/dist-packages/colcon_core/task/python/colcon_distutils_commands:/root/tecxcto/ros2/projects/project3/ros2_ws/install/tecx_acoustic_drive_telemetric_command_core/lib/python3.10/site-packages:${PYTHONPATH} /usr/bin/python3 -W ignore:setup.py install is deprecated -W ignore:easy_install command is deprecated setup.py egg_info --egg-base ../../build/tecx_acoustic_drive_telemetric_command_core build --build-base /root/tecxcto/ros2/projects/project3/ros2_ws/build/tecx_acoustic_drive_telemetric_command_core/build install --record /root/tecxcto/ros2/projects/project3/ros2_ws/build/tecx_acoustic_drive_telemetric_command_core/install.log --install-scripts $base/lib/tecx_acoustic_drive_telemetric_command_core --single-version-externally-managed install_data
[30.075s] Level 1:colcon.colcon_core.environment:checking '/root/tecxcto/ros2/projects/project3/ros2_ws/install/tecx_acoustic_drive_telemetric_command_core' for CMake module files
[30.096s] Level 1:colcon.colcon_core.environment:checking '/root/tecxcto/ros2/projects/project3/ros2_ws/install/tecx_acoustic_drive_telemetric_command_core' for CMake config files
[30.132s] Level 1:colcon.colcon_core.environment:checking '/root/tecxcto/ros2/projects/project3/ros2_ws/install/tecx_acoustic_drive_telemetric_command_core/lib'
[30.134s] Level 1:colcon.colcon_core.environment:checking '/root/tecxcto/ros2/projects/project3/ros2_ws/install/tecx_acoustic_drive_telemetric_command_core/bin'
[30.135s] Level 1:colcon.colcon_core.environment:checking '/root/tecxcto/ros2/projects/project3/ros2_ws/install/tecx_acoustic_drive_telemetric_command_core/lib/pkgconfig/tecx_acoustic_drive_telemetric_command_core.pc'
[30.137s] Level 1:colcon.colcon_core.environment:checking '/root/tecxcto/ros2/projects/project3/ros2_ws/install/tecx_acoustic_drive_telemetric_command_core/lib/python3.10/site-packages'
[30.138s] Level 1:colcon.colcon_core.shell:create_environment_hook('tecx_acoustic_drive_telemetric_command_core', 'pythonpath')
[30.139s] INFO:colcon.colcon_core.shell:Creating environment hook '/root/tecxcto/ros2/projects/project3/ros2_ws/install/tecx_acoustic_drive_telemetric_command_core/share/tecx_acoustic_drive_telemetric_command_core/hook/pythonpath.ps1'
[30.149s] INFO:colcon.colcon_core.shell:Creating environment descriptor '/root/tecxcto/ros2/projects/project3/ros2_ws/install/tecx_acoustic_drive_telemetric_command_core/share/tecx_acoustic_drive_telemetric_command_core/hook/pythonpath.dsv'
[30.159s] INFO:colcon.colcon_core.shell:Creating environment hook '/root/tecxcto/ros2/projects/project3/ros2_ws/install/tecx_acoustic_drive_telemetric_command_core/share/tecx_acoustic_drive_telemetric_command_core/hook/pythonpath.sh'
[30.171s] Level 1:colcon.colcon_core.environment:checking '/root/tecxcto/ros2/projects/project3/ros2_ws/install/tecx_acoustic_drive_telemetric_command_core/bin'
[30.172s] Level 1:colcon.colcon_core.environment:create_environment_scripts_only(tecx_acoustic_drive_telemetric_command_core)
[30.173s] INFO:colcon.colcon_core.shell:Creating package script '/root/tecxcto/ros2/projects/project3/ros2_ws/install/tecx_acoustic_drive_telemetric_command_core/share/tecx_acoustic_drive_telemetric_command_core/package.ps1'
[30.191s] INFO:colcon.colcon_core.shell:Creating package descriptor '/root/tecxcto/ros2/projects/project3/ros2_ws/install/tecx_acoustic_drive_telemetric_command_core/share/tecx_acoustic_drive_telemetric_command_core/package.dsv'
[30.208s] INFO:colcon.colcon_core.shell:Creating package script '/root/tecxcto/ros2/projects/project3/ros2_ws/install/tecx_acoustic_drive_telemetric_command_core/share/tecx_acoustic_drive_telemetric_command_core/package.sh'
[30.225s] INFO:colcon.colcon_core.shell:Creating package script '/root/tecxcto/ros2/projects/project3/ros2_ws/install/tecx_acoustic_drive_telemetric_command_core/share/tecx_acoustic_drive_telemetric_command_core/package.bash'
[30.234s] INFO:colcon.colcon_core.shell:Creating package script '/root/tecxcto/ros2/projects/project3/ros2_ws/install/tecx_acoustic_drive_telemetric_command_core/share/tecx_acoustic_drive_telemetric_command_core/package.zsh'
[30.242s] Level 1:colcon.colcon_core.environment:create_file_with_runtime_dependencies(/root/tecxcto/ros2/projects/project3/ros2_ws/install/tecx_acoustic_drive_telemetric_command_core/share/colcon-core/packages/tecx_acoustic_drive_telemetric_command_core)
[30.248s] DEBUG:colcon.colcon_parallel_executor.executor.parallel:closing loop
[30.252s] DEBUG:colcon.colcon_parallel_executor.executor.parallel:loop closed
[30.253s] DEBUG:colcon.colcon_parallel_executor.executor.parallel:run_until_complete finished with '0'
[30.267s] DEBUG:colcon.colcon_core.event_reactor:joining thread
[30.385s] INFO:colcon.colcon_core.plugin_system:Skipping extension 'colcon_notification.desktop_notification.notify_send': Could not find 'notify-send'
[30.385s] INFO:colcon.colcon_core.plugin_system:Skipping extension 'colcon_notification.desktop_notification.terminal_notifier': Not used on non-Darwin systems
[30.386s] INFO:colcon.colcon_core.plugin_system:Skipping extension 'colcon_notification.desktop_notification.win32': Not used on non-Windows systems
[30.386s] INFO:colcon.colcon_notification.desktop_notification:Sending desktop notification using 'notify2'
[30.386s] DEBUG:colcon.colcon_notification.desktop_notification.notify2:Failed to initialize notify2: org.freedesktop.DBus.Error.NotSupported: Unable to autolaunch a dbus-daemon without a $DISPLAY for X11
[30.387s] DEBUG:colcon.colcon_core.event_reactor:joined thread
[30.388s] INFO:colcon.colcon_core.shell:Creating prefix script '/root/tecxcto/ros2/projects/project3/ros2_ws/install/local_setup.ps1'
[30.400s] INFO:colcon.colcon_core.shell:Creating prefix util module '/root/tecxcto/ros2/projects/project3/ros2_ws/install/_local_setup_util_ps1.py'
[30.411s] INFO:colcon.colcon_core.shell:Creating prefix chain script '/root/tecxcto/ros2/projects/project3/ros2_ws/install/setup.ps1'
[30.439s] INFO:colcon.colcon_core.shell:Creating prefix script '/root/tecxcto/ros2/projects/project3/ros2_ws/install/local_setup.sh'
[30.456s] INFO:colcon.colcon_core.shell:Creating prefix util module '/root/tecxcto/ros2/projects/project3/ros2_ws/install/_local_setup_util_sh.py'
[30.470s] INFO:colcon.colcon_core.shell:Creating prefix chain script '/root/tecxcto/ros2/projects/project3/ros2_ws/install/setup.sh'
[30.497s] INFO:colcon.colcon_core.shell:Creating prefix script '/root/tecxcto/ros2/projects/project3/ros2_ws/install/local_setup.bash'
[30.513s] INFO:colcon.colcon_core.shell:Creating prefix chain script '/root/tecxcto/ros2/projects/project3/ros2_ws/install/setup.bash'
[30.541s] INFO:colcon.colcon_core.shell:Creating prefix script '/root/tecxcto/ros2/projects/project3/ros2_ws/install/local_setup.zsh'
[30.560s] INFO:colcon.colcon_core.shell:Creating prefix chain script '/root/tecxcto/ros2/projects/project3/ros2_ws/install/setup.zsh'
