[3.680s] DEBUG:colcon:Command line arguments: ['/usr/bin/colcon', 'build', '--packages-select', 'tecx_web_accessible_robotic_telemetry_server']
[3.681s] DEBUG:colcon:Parsed command line arguments: Namespace(log_base=None, log_level=None, verb_name='build', build_base='build', install_base='install', merge_install=False, symlink_install=False, test_result_base=None, continue_on_error=False, executor='parallel', parallel_workers=8, event_handlers=None, ignore_user_meta=False, metas=['./colcon.meta'], base_paths=['.'], packages_ignore=None, packages_ignore_regex=None, paths=None, packages_up_to=None, packages_up_to_regex=None, packages_above=None, packages_above_and_dependencies=None, packages_above_depth=None, packages_select_by_dep=None, packages_skip_by_dep=None, packages_skip_up_to=None, packages_select_build_failed=False, packages_skip_build_finished=False, packages_select_test_failures=False, packages_skip_test_passed=False, packages_select=['tecx_web_accessible_robotic_telemetry_server'], packages_skip=None, packages_select_regex=None, packages_skip_regex=None, packages_start=None, packages_end=None, allow_overriding=[], cmake_args=None, cmake_target=None, cmake_target_skip_unavailable=False, cmake_clean_cache=False, cmake_clean_first=False, cmake_force_configure=False, ament_cmake_args=None, catkin_cmake_args=None, catkin_skip_building_tests=False, verb_parser=<colcon_defaults.argument_parser.defaults.DefaultArgumentsDecorator object at 0x772eb96050>, verb_extension=<colcon_core.verb.build.BuildVerb object at 0x772ef5b7c0>, main=<bound method BuildVerb.main of <colcon_core.verb.build.BuildVerb object at 0x772ef5b7c0>>)
[9.879s] Level 1:colcon.colcon_core.package_discovery:discover_packages(colcon_meta) check parameters
[9.882s] Level 1:colcon.colcon_core.package_discovery:discover_packages(recursive) check parameters
[9.883s] Level 1:colcon.colcon_core.package_discovery:discover_packages(ignore) check parameters
[9.883s] Level 1:colcon.colcon_core.package_discovery:discover_packages(path) check parameters
[9.884s] Level 1:colcon.colcon_core.package_discovery:discover_packages(colcon_meta) discover
[9.884s] Level 1:colcon.colcon_core.package_discovery:discover_packages(recursive) discover
[9.886s] INFO:colcon.colcon_core.package_discovery:Crawling recursively for packages in '/root/tecxcto/ros2/projects/project2/ros2_ws'
[9.890s] Level 1:colcon.colcon_core.package_identification:_identify(.) by extensions ['ignore', 'ignore_ament_install']
[9.891s] Level 1:colcon.colcon_core.package_identification:_identify(.) by extension 'ignore'
[9.893s] Level 1:colcon.colcon_core.package_identification:_identify(.) by extension 'ignore_ament_install'
[9.896s] Level 1:colcon.colcon_core.package_identification:_identify(.) by extensions ['colcon_pkg']
[9.896s] Level 1:colcon.colcon_core.package_identification:_identify(.) by extension 'colcon_pkg'
[9.898s] Level 1:colcon.colcon_core.package_identification:_identify(.) by extensions ['colcon_meta']
[9.899s] Level 1:colcon.colcon_core.package_identification:_identify(.) by extension 'colcon_meta'
[9.901s] Level 1:colcon.colcon_core.package_identification:_identify(.) by extensions ['ros']
[9.901s] Level 1:colcon.colcon_core.package_identification:_identify(.) by extension 'ros'
[10.157s] Level 1:colcon.colcon_core.package_identification:_identify(.) by extensions ['cmake', 'python']
[10.158s] Level 1:colcon.colcon_core.package_identification:_identify(.) by extension 'cmake'
[10.159s] Level 1:colcon.colcon_core.package_identification:_identify(.) by extension 'python'
[10.160s] Level 1:colcon.colcon_core.package_identification:_identify(.) by extensions ['python_setup_py']
[10.161s] Level 1:colcon.colcon_core.package_identification:_identify(.) by extension 'python_setup_py'
[10.166s] Level 1:colcon.colcon_core.package_identification:_identify(build) by extensions ['ignore', 'ignore_ament_install']
[10.167s] Level 1:colcon.colcon_core.package_identification:_identify(build) by extension 'ignore'
[10.168s] Level 1:colcon.colcon_core.package_identification:_identify(build) ignored
[10.174s] Level 1:colcon.colcon_core.package_identification:_identify(install) by extensions ['ignore', 'ignore_ament_install']
[10.175s] Level 1:colcon.colcon_core.package_identification:_identify(install) by extension 'ignore'
[10.177s] Level 1:colcon.colcon_core.package_identification:_identify(install) ignored
[10.185s] Level 1:colcon.colcon_core.package_identification:_identify(log) by extensions ['ignore', 'ignore_ament_install']
[10.186s] Level 1:colcon.colcon_core.package_identification:_identify(log) by extension 'ignore'
[10.188s] Level 1:colcon.colcon_core.package_identification:_identify(log) ignored
[10.194s] Level 1:colcon.colcon_core.package_identification:_identify(src) by extensions ['ignore', 'ignore_ament_install']
[10.195s] Level 1:colcon.colcon_core.package_identification:_identify(src) by extension 'ignore'
[10.197s] Level 1:colcon.colcon_core.package_identification:_identify(src) by extension 'ignore_ament_install'
[10.201s] Level 1:colcon.colcon_core.package_identification:_identify(src) by extensions ['colcon_pkg']
[10.201s] Level 1:colcon.colcon_core.package_identification:_identify(src) by extension 'colcon_pkg'
[10.203s] Level 1:colcon.colcon_core.package_identification:_identify(src) by extensions ['colcon_meta']
[10.203s] Level 1:colcon.colcon_core.package_identification:_identify(src) by extension 'colcon_meta'
[10.206s] Level 1:colcon.colcon_core.package_identification:_identify(src) by extensions ['ros']
[10.207s] Level 1:colcon.colcon_core.package_identification:_identify(src) by extension 'ros'
[10.215s] Level 1:colcon.colcon_core.package_identification:_identify(src) by extensions ['cmake', 'python']
[10.215s] Level 1:colcon.colcon_core.package_identification:_identify(src) by extension 'cmake'
[10.218s] Level 1:colcon.colcon_core.package_identification:_identify(src) by extension 'python'
[10.220s] Level 1:colcon.colcon_core.package_identification:_identify(src) by extensions ['python_setup_py']
[10.220s] Level 1:colcon.colcon_core.package_identification:_identify(src) by extension 'python_setup_py'
[10.228s] Level 1:colcon.colcon_core.package_identification:_identify(src/tecx_web_accessible_robotic_telemetry_server) by extensions ['ignore', 'ignore_ament_install']
[10.229s] Level 1:colcon.colcon_core.package_identification:_identify(src/tecx_web_accessible_robotic_telemetry_server) by extension 'ignore'
[10.231s] Level 1:colcon.colcon_core.package_identification:_identify(src/tecx_web_accessible_robotic_telemetry_server) by extension 'ignore_ament_install'
[10.235s] Level 1:colcon.colcon_core.package_identification:_identify(src/tecx_web_accessible_robotic_telemetry_server) by extensions ['colcon_pkg']
[10.236s] Level 1:colcon.colcon_core.package_identification:_identify(src/tecx_web_accessible_robotic_telemetry_server) by extension 'colcon_pkg'
[10.238s] Level 1:colcon.colcon_core.package_identification:_identify(src/tecx_web_accessible_robotic_telemetry_server) by extensions ['colcon_meta']
[10.238s] Level 1:colcon.colcon_core.package_identification:_identify(src/tecx_web_accessible_robotic_telemetry_server) by extension 'colcon_meta'
[10.242s] Level 1:colcon.colcon_core.package_identification:_identify(src/tecx_web_accessible_robotic_telemetry_server) by extensions ['ros']
[10.242s] Level 1:colcon.colcon_core.package_identification:_identify(src/tecx_web_accessible_robotic_telemetry_server) by extension 'ros'
[10.306s] DEBUG:colcon.colcon_core.package_identification:Package 'src/tecx_web_accessible_robotic_telemetry_server' with type 'ros.ament_python' and name 'tecx_web_accessible_robotic_telemetry_server'
[10.307s] Level 1:colcon.colcon_core.package_discovery:discover_packages(recursive) using defaults
[10.308s] Level 1:colcon.colcon_core.package_discovery:discover_packages(ignore) discover
[10.308s] Level 1:colcon.colcon_core.package_discovery:discover_packages(ignore) using defaults
[10.308s] Level 1:colcon.colcon_core.package_discovery:discover_packages(path) discover
[10.309s] Level 1:colcon.colcon_core.package_discovery:discover_packages(path) using defaults
[10.834s] Level 1:colcon.colcon_core.package_discovery:discover_packages(prefix_path) check parameters
[10.835s] Level 1:colcon.colcon_core.package_discovery:discover_packages(prefix_path) discover
[10.884s] WARNING:colcon.colcon_ros.prefix_path.ament:The path '/root/tecxcto/ros2/projects/project2/ros2_ws/install/tecx_web_accessible_robotic_telemetry_server' in the environment variable AMENT_PREFIX_PATH doesn't exist
[10.916s] DEBUG:colcon.colcon_installed_package_information.package_discovery:Found 0 installed packages in /root/tecxcto/ros2/projects/project2/ros2_ws/install
[11.055s] DEBUG:colcon.colcon_installed_package_information.package_discovery:Found 187 installed packages in /opt/ros/humble
[11.069s] Level 1:colcon.colcon_core.package_discovery:discover_packages(prefix_path) using defaults
[11.823s] Level 5:colcon.colcon_core.verb:set package 'tecx_web_accessible_robotic_telemetry_server' build argument 'cmake_args' from command line to 'None'
[11.823s] Level 5:colcon.colcon_core.verb:set package 'tecx_web_accessible_robotic_telemetry_server' build argument 'cmake_target' from command line to 'None'
[11.823s] Level 5:colcon.colcon_core.verb:set package 'tecx_web_accessible_robotic_telemetry_server' build argument 'cmake_target_skip_unavailable' from command line to 'False'
[11.823s] Level 5:colcon.colcon_core.verb:set package 'tecx_web_accessible_robotic_telemetry_server' build argument 'cmake_clean_cache' from command line to 'False'
[11.823s] Level 5:colcon.colcon_core.verb:set package 'tecx_web_accessible_robotic_telemetry_server' build argument 'cmake_clean_first' from command line to 'False'
[11.823s] Level 5:colcon.colcon_core.verb:set package 'tecx_web_accessible_robotic_telemetry_server' build argument 'cmake_force_configure' from command line to 'False'
[11.823s] Level 5:colcon.colcon_core.verb:set package 'tecx_web_accessible_robotic_telemetry_server' build argument 'ament_cmake_args' from command line to 'None'
[11.823s] Level 5:colcon.colcon_core.verb:set package 'tecx_web_accessible_robotic_telemetry_server' build argument 'catkin_cmake_args' from command line to 'None'
[11.824s] Level 5:colcon.colcon_core.verb:set package 'tecx_web_accessible_robotic_telemetry_server' build argument 'catkin_skip_building_tests' from command line to 'False'
[11.824s] DEBUG:colcon.colcon_core.verb:Building package 'tecx_web_accessible_robotic_telemetry_server' with the following arguments: {'ament_cmake_args': None, 'build_base': '/root/tecxcto/ros2/projects/project2/ros2_ws/build/tecx_web_accessible_robotic_telemetry_server', 'catkin_cmake_args': None, 'catkin_skip_building_tests': False, 'cmake_args': None, 'cmake_clean_cache': False, 'cmake_clean_first': False, 'cmake_force_configure': False, 'cmake_target': None, 'cmake_target_skip_unavailable': False, 'install_base': '/root/tecxcto/ros2/projects/project2/ros2_ws/install/tecx_web_accessible_robotic_telemetry_server', 'merge_install': False, 'path': '/root/tecxcto/ros2/projects/project2/ros2_ws/src/tecx_web_accessible_robotic_telemetry_server', 'symlink_install': False, 'test_result_base': None}
[11.824s] INFO:colcon.colcon_core.executor:Executing jobs using 'parallel' executor
[11.838s] DEBUG:colcon.colcon_parallel_executor.executor.parallel:run_until_complete
[11.843s] INFO:colcon.colcon_ros.task.ament_python.build:Building ROS package in '/root/tecxcto/ros2/projects/project2/ros2_ws/src/tecx_web_accessible_robotic_telemetry_server' with build type 'ament_python'
[11.843s] Level 1:colcon.colcon_core.shell:create_environment_hook('tecx_web_accessible_robotic_telemetry_server', 'ament_prefix_path')
[11.889s] INFO:colcon.colcon_core.plugin_system:Skipping extension 'colcon_core.shell.bat': Not used on non-Windows systems
[11.890s] INFO:colcon.colcon_core.shell:Creating environment hook '/root/tecxcto/ros2/projects/project2/ros2_ws/install/tecx_web_accessible_robotic_telemetry_server/share/tecx_web_accessible_robotic_telemetry_server/hook/ament_prefix_path.ps1'
[11.901s] INFO:colcon.colcon_core.shell:Creating environment descriptor '/root/tecxcto/ros2/projects/project2/ros2_ws/install/tecx_web_accessible_robotic_telemetry_server/share/tecx_web_accessible_robotic_telemetry_server/hook/ament_prefix_path.dsv'
[11.911s] INFO:colcon.colcon_core.shell:Creating environment hook '/root/tecxcto/ros2/projects/project2/ros2_ws/install/tecx_web_accessible_robotic_telemetry_server/share/tecx_web_accessible_robotic_telemetry_server/hook/ament_prefix_path.sh'
[11.923s] INFO:colcon.colcon_core.shell:Skip shell extension 'powershell' for command environment: Not usable outside of PowerShell
[11.923s] DEBUG:colcon.colcon_core.shell:Skip shell extension 'dsv' for command environment
[16.554s] INFO:colcon.colcon_core.task.python.build:Building Python package in '/root/tecxcto/ros2/projects/project2/ros2_ws/src/tecx_web_accessible_robotic_telemetry_server'
[16.555s] INFO:colcon.colcon_core.shell:Skip shell extension 'powershell' for command environment: Not usable outside of PowerShell
[16.555s] DEBUG:colcon.colcon_core.shell:Skip shell extension 'dsv' for command environment
[25.123s] DEBUG:colcon.colcon_core.task.python.build:Available setuptools commands: init_catalog, dist_info, install_data, upload, build_ext, build_scripts, develop, bdist_egg, install_egg_info, bdist_dumb, bdist, bdist_wheel, egg_info, saveopts, install_scripts, rotate, easy_install, upload_docs, clean, register, build_clib, bdist_rpm, update_catalog, install_lib, install, test, install_headers, build, check, extract_messages, setopt, compile_catalog, alias, symlink_data, sdist, build_py
[25.135s] DEBUG:colcon.colcon_core.event_handler.log_command:Invoking command in '/root/tecxcto/ros2/projects/project2/ros2_ws/src/tecx_web_accessible_robotic_telemetry_server': PYTHONPATH=/root/tecxcto/ros2/projects/project2/ros2_ws/build/tecx_web_accessible_robotic_telemetry_server/prefix_override:/usr/lib/python3/dist-packages/colcon_core/task/python/colcon_distutils_commands:/root/tecxcto/ros2/projects/project2/ros2_ws/install/tecx_web_accessible_robotic_telemetry_server/lib/python3.10/site-packages:${PYTHONPATH} /usr/bin/python3 -W ignore:setup.py install is deprecated -W ignore:easy_install command is deprecated setup.py egg_info --egg-base ../../build/tecx_web_accessible_robotic_telemetry_server build --build-base /root/tecxcto/ros2/projects/project2/ros2_ws/build/tecx_web_accessible_robotic_telemetry_server/build install --record /root/tecxcto/ros2/projects/project2/ros2_ws/build/tecx_web_accessible_robotic_telemetry_server/install.log --install-scripts $base/lib/tecx_web_accessible_robotic_telemetry_server --single-version-externally-managed install_data
[31.425s] DEBUG:colcon.colcon_core.event_handler.log_command:Invoked command in '/root/tecxcto/ros2/projects/project2/ros2_ws/src/tecx_web_accessible_robotic_telemetry_server' returned '0': PYTHONPATH=/root/tecxcto/ros2/projects/project2/ros2_ws/build/tecx_web_accessible_robotic_telemetry_server/prefix_override:/usr/lib/python3/dist-packages/colcon_core/task/python/colcon_distutils_commands:/root/tecxcto/ros2/projects/project2/ros2_ws/install/tecx_web_accessible_robotic_telemetry_server/lib/python3.10/site-packages:${PYTHONPATH} /usr/bin/python3 -W ignore:setup.py install is deprecated -W ignore:easy_install command is deprecated setup.py egg_info --egg-base ../../build/tecx_web_accessible_robotic_telemetry_server build --build-base /root/tecxcto/ros2/projects/project2/ros2_ws/build/tecx_web_accessible_robotic_telemetry_server/build install --record /root/tecxcto/ros2/projects/project2/ros2_ws/build/tecx_web_accessible_robotic_telemetry_server/install.log --install-scripts $base/lib/tecx_web_accessible_robotic_telemetry_server --single-version-externally-managed install_data
[31.533s] Level 1:colcon.colcon_core.environment:checking '/root/tecxcto/ros2/projects/project2/ros2_ws/install/tecx_web_accessible_robotic_telemetry_server' for CMake module files
[31.553s] Level 1:colcon.colcon_core.environment:checking '/root/tecxcto/ros2/projects/project2/ros2_ws/install/tecx_web_accessible_robotic_telemetry_server' for CMake config files
[31.599s] Level 1:colcon.colcon_core.environment:checking '/root/tecxcto/ros2/projects/project2/ros2_ws/install/tecx_web_accessible_robotic_telemetry_server/lib'
[31.608s] Level 1:colcon.colcon_core.environment:checking '/root/tecxcto/ros2/projects/project2/ros2_ws/install/tecx_web_accessible_robotic_telemetry_server/bin'
[31.611s] Level 1:colcon.colcon_core.environment:checking '/root/tecxcto/ros2/projects/project2/ros2_ws/install/tecx_web_accessible_robotic_telemetry_server/lib/pkgconfig/tecx_web_accessible_robotic_telemetry_server.pc'
[31.613s] Level 1:colcon.colcon_core.environment:checking '/root/tecxcto/ros2/projects/project2/ros2_ws/install/tecx_web_accessible_robotic_telemetry_server/lib/python3.10/site-packages'
[31.615s] Level 1:colcon.colcon_core.shell:create_environment_hook('tecx_web_accessible_robotic_telemetry_server', 'pythonpath')
[31.616s] INFO:colcon.colcon_core.shell:Creating environment hook '/root/tecxcto/ros2/projects/project2/ros2_ws/install/tecx_web_accessible_robotic_telemetry_server/share/tecx_web_accessible_robotic_telemetry_server/hook/pythonpath.ps1'
[31.627s] INFO:colcon.colcon_core.shell:Creating environment descriptor '/root/tecxcto/ros2/projects/project2/ros2_ws/install/tecx_web_accessible_robotic_telemetry_server/share/tecx_web_accessible_robotic_telemetry_server/hook/pythonpath.dsv'
[31.635s] INFO:colcon.colcon_core.shell:Creating environment hook '/root/tecxcto/ros2/projects/project2/ros2_ws/install/tecx_web_accessible_robotic_telemetry_server/share/tecx_web_accessible_robotic_telemetry_server/hook/pythonpath.sh'
[31.645s] Level 1:colcon.colcon_core.environment:checking '/root/tecxcto/ros2/projects/project2/ros2_ws/install/tecx_web_accessible_robotic_telemetry_server/bin'
[31.646s] Level 1:colcon.colcon_core.environment:create_environment_scripts_only(tecx_web_accessible_robotic_telemetry_server)
[31.647s] INFO:colcon.colcon_core.shell:Creating package script '/root/tecxcto/ros2/projects/project2/ros2_ws/install/tecx_web_accessible_robotic_telemetry_server/share/tecx_web_accessible_robotic_telemetry_server/package.ps1'
[31.661s] INFO:colcon.colcon_core.shell:Creating package descriptor '/root/tecxcto/ros2/projects/project2/ros2_ws/install/tecx_web_accessible_robotic_telemetry_server/share/tecx_web_accessible_robotic_telemetry_server/package.dsv'
[31.673s] INFO:colcon.colcon_core.shell:Creating package script '/root/tecxcto/ros2/projects/project2/ros2_ws/install/tecx_web_accessible_robotic_telemetry_server/share/tecx_web_accessible_robotic_telemetry_server/package.sh'
[31.686s] INFO:colcon.colcon_core.shell:Creating package script '/root/tecxcto/ros2/projects/project2/ros2_ws/install/tecx_web_accessible_robotic_telemetry_server/share/tecx_web_accessible_robotic_telemetry_server/package.bash'
[31.712s] INFO:colcon.colcon_core.shell:Creating package script '/root/tecxcto/ros2/projects/project2/ros2_ws/install/tecx_web_accessible_robotic_telemetry_server/share/tecx_web_accessible_robotic_telemetry_server/package.zsh'
[31.731s] Level 1:colcon.colcon_core.environment:create_file_with_runtime_dependencies(/root/tecxcto/ros2/projects/project2/ros2_ws/install/tecx_web_accessible_robotic_telemetry_server/share/colcon-core/packages/tecx_web_accessible_robotic_telemetry_server)
[31.742s] DEBUG:colcon.colcon_parallel_executor.executor.parallel:closing loop
[31.746s] DEBUG:colcon.colcon_parallel_executor.executor.parallel:loop closed
[31.747s] DEBUG:colcon.colcon_parallel_executor.executor.parallel:run_until_complete finished with '0'
[31.748s] DEBUG:colcon.colcon_core.event_reactor:joining thread
[31.830s] INFO:colcon.colcon_core.plugin_system:Skipping extension 'colcon_notification.desktop_notification.notify_send': Could not find 'notify-send'
[31.830s] INFO:colcon.colcon_core.plugin_system:Skipping extension 'colcon_notification.desktop_notification.terminal_notifier': Not used on non-Darwin systems
[31.830s] INFO:colcon.colcon_core.plugin_system:Skipping extension 'colcon_notification.desktop_notification.win32': Not used on non-Windows systems
[31.830s] INFO:colcon.colcon_notification.desktop_notification:Sending desktop notification using 'notify2'
[31.831s] DEBUG:colcon.colcon_notification.desktop_notification.notify2:Failed to initialize notify2: org.freedesktop.DBus.Error.NotSupported: Unable to autolaunch a dbus-daemon without a $DISPLAY for X11
[31.831s] DEBUG:colcon.colcon_core.event_reactor:joined thread
[31.831s] INFO:colcon.colcon_core.shell:Creating prefix script '/root/tecxcto/ros2/projects/project2/ros2_ws/install/local_setup.ps1'
[31.839s] INFO:colcon.colcon_core.shell:Creating prefix util module '/root/tecxcto/ros2/projects/project2/ros2_ws/install/_local_setup_util_ps1.py'
[31.851s] INFO:colcon.colcon_core.shell:Creating prefix chain script '/root/tecxcto/ros2/projects/project2/ros2_ws/install/setup.ps1'
[31.876s] INFO:colcon.colcon_core.shell:Creating prefix script '/root/tecxcto/ros2/projects/project2/ros2_ws/install/local_setup.sh'
[31.892s] INFO:colcon.colcon_core.shell:Creating prefix util module '/root/tecxcto/ros2/projects/project2/ros2_ws/install/_local_setup_util_sh.py'
[31.906s] INFO:colcon.colcon_core.shell:Creating prefix chain script '/root/tecxcto/ros2/projects/project2/ros2_ws/install/setup.sh'
[31.943s] INFO:colcon.colcon_core.shell:Creating prefix script '/root/tecxcto/ros2/projects/project2/ros2_ws/install/local_setup.bash'
[31.960s] INFO:colcon.colcon_core.shell:Creating prefix chain script '/root/tecxcto/ros2/projects/project2/ros2_ws/install/setup.bash'
[31.998s] INFO:colcon.colcon_core.shell:Creating prefix script '/root/tecxcto/ros2/projects/project2/ros2_ws/install/local_setup.zsh'
[32.017s] INFO:colcon.colcon_core.shell:Creating prefix chain script '/root/tecxcto/ros2/projects/project2/ros2_ws/install/setup.zsh'
