[13.291s] Invoking command in '/root/tecxcto/ros2/projects/project2/ros2_ws/src/tecx_web_accessible_robotic_telemetry_server': PYTHONPATH=/root/tecxcto/ros2/projects/project2/ros2_ws/build/tecx_web_accessible_robotic_telemetry_server/prefix_override:/usr/lib/python3/dist-packages/colcon_core/task/python/colcon_distutils_commands:/root/tecxcto/ros2/projects/project2/ros2_ws/install/tecx_web_accessible_robotic_telemetry_server/lib/python3.10/site-packages:${PYTHONPATH} /usr/bin/python3 -W ignore:setup.py install is deprecated -W ignore:easy_install command is deprecated setup.py egg_info --egg-base ../../build/tecx_web_accessible_robotic_telemetry_server build --build-base /root/tecxcto/ros2/projects/project2/ros2_ws/build/tecx_web_accessible_robotic_telemetry_server/build install --record /root/tecxcto/ros2/projects/project2/ros2_ws/build/tecx_web_accessible_robotic_telemetry_server/install.log --install-scripts $base/lib/tecx_web_accessible_robotic_telemetry_server --single-version-externally-managed install_data
[18.724s] running egg_info
[18.733s] creating ../../build/tecx_web_accessible_robotic_telemetry_server/tecx_web_accessible_robotic_telemetry_server.egg-info
[18.735s] writing ../../build/tecx_web_accessible_robotic_telemetry_server/tecx_web_accessible_robotic_telemetry_server.egg-info/PKG-INFO
[18.744s] writing dependency_links to ../../build/tecx_web_accessible_robotic_telemetry_server/tecx_web_accessible_robotic_telemetry_server.egg-info/dependency_links.txt
[18.750s] writing entry points to ../../build/tecx_web_accessible_robotic_telemetry_server/tecx_web_accessible_robotic_telemetry_server.egg-info/entry_points.txt
[18.753s] writing requirements to ../../build/tecx_web_accessible_robotic_telemetry_server/tecx_web_accessible_robotic_telemetry_server.egg-info/requires.txt
[18.755s] writing top-level names to ../../build/tecx_web_accessible_robotic_telemetry_server/tecx_web_accessible_robotic_telemetry_server.egg-info/top_level.txt
[18.760s] writing manifest file '../../build/tecx_web_accessible_robotic_telemetry_server/tecx_web_accessible_robotic_telemetry_server.egg-info/SOURCES.txt'
[18.795s] reading manifest file '../../build/tecx_web_accessible_robotic_telemetry_server/tecx_web_accessible_robotic_telemetry_server.egg-info/SOURCES.txt'
[18.826s] writing manifest file '../../build/tecx_web_accessible_robotic_telemetry_server/tecx_web_accessible_robotic_telemetry_server.egg-info/SOURCES.txt'
[18.829s] running build
[18.829s] running build_py
[18.837s] creating /root/tecxcto/ros2/projects/project2/ros2_ws/build/tecx_web_accessible_robotic_telemetry_server/build
[18.842s] creating /root/tecxcto/ros2/projects/project2/ros2_ws/build/tecx_web_accessible_robotic_telemetry_server/build/lib
[18.846s] creating /root/tecxcto/ros2/projects/project2/ros2_ws/build/tecx_web_accessible_robotic_telemetry_server/build/lib/tecx_web_accessible_robotic_telemetry_server
[18.848s] copying tecx_web_accessible_robotic_telemetry_server/telemetry_pub.py -> /root/tecxcto/ros2/projects/project2/ros2_ws/build/tecx_web_accessible_robotic_telemetry_server/build/lib/tecx_web_accessible_robotic_telemetry_server
[18.855s] copying tecx_web_accessible_robotic_telemetry_server/diagnostic_sub.py -> /root/tecxcto/ros2/projects/project2/ros2_ws/build/tecx_web_accessible_robotic_telemetry_server/build/lib/tecx_web_accessible_robotic_telemetry_server
[18.864s] copying tecx_web_accessible_robotic_telemetry_server/telemetry_web_node.py -> /root/tecxcto/ros2/projects/project2/ros2_ws/build/tecx_web_accessible_robotic_telemetry_server/build/lib/tecx_web_accessible_robotic_telemetry_server
[18.870s] copying tecx_web_accessible_robotic_telemetry_server/__init__.py -> /root/tecxcto/ros2/projects/project2/ros2_ws/build/tecx_web_accessible_robotic_telemetry_server/build/lib/tecx_web_accessible_robotic_telemetry_server
[18.876s] running install
[18.878s] running install_lib
[18.893s] creating /root/tecxcto/ros2/projects/project2/ros2_ws/install/tecx_web_accessible_robotic_telemetry_server/lib/python3.10/site-packages/tecx_web_accessible_robotic_telemetry_server
[18.898s] copying /root/tecxcto/ros2/projects/project2/ros2_ws/build/tecx_web_accessible_robotic_telemetry_server/build/lib/tecx_web_accessible_robotic_telemetry_server/telemetry_pub.py -> /root/tecxcto/ros2/projects/project2/ros2_ws/install/tecx_web_accessible_robotic_telemetry_server/lib/python3.10/site-packages/tecx_web_accessible_robotic_telemetry_server
[18.906s] copying /root/tecxcto/ros2/projects/project2/ros2_ws/build/tecx_web_accessible_robotic_telemetry_server/build/lib/tecx_web_accessible_robotic_telemetry_server/diagnostic_sub.py -> /root/tecxcto/ros2/projects/project2/ros2_ws/install/tecx_web_accessible_robotic_telemetry_server/lib/python3.10/site-packages/tecx_web_accessible_robotic_telemetry_server
[18.923s] copying /root/tecxcto/ros2/projects/project2/ros2_ws/build/tecx_web_accessible_robotic_telemetry_server/build/lib/tecx_web_accessible_robotic_telemetry_server/telemetry_web_node.py -> /root/tecxcto/ros2/projects/project2/ros2_ws/install/tecx_web_accessible_robotic_telemetry_server/lib/python3.10/site-packages/tecx_web_accessible_robotic_telemetry_server
[18.936s] copying /root/tecxcto/ros2/projects/project2/ros2_ws/build/tecx_web_accessible_robotic_telemetry_server/build/lib/tecx_web_accessible_robotic_telemetry_server/__init__.py -> /root/tecxcto/ros2/projects/project2/ros2_ws/install/tecx_web_accessible_robotic_telemetry_server/lib/python3.10/site-packages/tecx_web_accessible_robotic_telemetry_server
[18.970s] byte-compiling /root/tecxcto/ros2/projects/project2/ros2_ws/install/tecx_web_accessible_robotic_telemetry_server/lib/python3.10/site-packages/tecx_web_accessible_robotic_telemetry_server/telemetry_pub.py to telemetry_pub.cpython-310.pyc
[18.982s] byte-compiling /root/tecxcto/ros2/projects/project2/ros2_ws/install/tecx_web_accessible_robotic_telemetry_server/lib/python3.10/site-packages/tecx_web_accessible_robotic_telemetry_server/diagnostic_sub.py to diagnostic_sub.cpython-310.pyc
[18.994s] byte-compiling /root/tecxcto/ros2/projects/project2/ros2_ws/install/tecx_web_accessible_robotic_telemetry_server/lib/python3.10/site-packages/tecx_web_accessible_robotic_telemetry_server/telemetry_web_node.py to telemetry_web_node.cpython-310.pyc
[19.009s] byte-compiling /root/tecxcto/ros2/projects/project2/ros2_ws/install/tecx_web_accessible_robotic_telemetry_server/lib/python3.10/site-packages/tecx_web_accessible_robotic_telemetry_server/__init__.py to __init__.cpython-310.pyc
[19.020s] running install_data
[19.024s] creating /root/tecxcto/ros2/projects/project2/ros2_ws/install/tecx_web_accessible_robotic_telemetry_server/share/ament_index
[19.026s] creating /root/tecxcto/ros2/projects/project2/ros2_ws/install/tecx_web_accessible_robotic_telemetry_server/share/ament_index/resource_index
[19.028s] creating /root/tecxcto/ros2/projects/project2/ros2_ws/install/tecx_web_accessible_robotic_telemetry_server/share/ament_index/resource_index/packages
[19.034s] copying resource/tecx_web_accessible_robotic_telemetry_server -> /root/tecxcto/ros2/projects/project2/ros2_ws/install/tecx_web_accessible_robotic_telemetry_server/share/ament_index/resource_index/packages
[19.047s] copying package.xml -> /root/tecxcto/ros2/projects/project2/ros2_ws/install/tecx_web_accessible_robotic_telemetry_server/share/tecx_web_accessible_robotic_telemetry_server
[19.056s] running install_egg_info
[19.085s] Copying ../../build/tecx_web_accessible_robotic_telemetry_server/tecx_web_accessible_robotic_telemetry_server.egg-info to /root/tecxcto/ros2/projects/project2/ros2_ws/install/tecx_web_accessible_robotic_telemetry_server/lib/python3.10/site-packages/tecx_web_accessible_robotic_telemetry_server-0.0.0-py3.10.egg-info
[19.181s] running install_scripts
[19.459s] Installing listener script to /root/tecxcto/ros2/projects/project2/ros2_ws/install/tecx_web_accessible_robotic_telemetry_server/lib/tecx_web_accessible_robotic_telemetry_server
[19.468s] Installing talker script to /root/tecxcto/ros2/projects/project2/ros2_ws/install/tecx_web_accessible_robotic_telemetry_server/lib/tecx_web_accessible_robotic_telemetry_server
[19.473s] Installing web_telemetry script to /root/tecxcto/ros2/projects/project2/ros2_ws/install/tecx_web_accessible_robotic_telemetry_server/lib/tecx_web_accessible_robotic_telemetry_server
[19.481s] writing list of installed files to '/root/tecxcto/ros2/projects/project2/ros2_ws/build/tecx_web_accessible_robotic_telemetry_server/install.log'
[19.581s] Invoked command in '/root/tecxcto/ros2/projects/project2/ros2_ws/src/tecx_web_accessible_robotic_telemetry_server' returned '0': PYTHONPATH=/root/tecxcto/ros2/projects/project2/ros2_ws/build/tecx_web_accessible_robotic_telemetry_server/prefix_override:/usr/lib/python3/dist-packages/colcon_core/task/python/colcon_distutils_commands:/root/tecxcto/ros2/projects/project2/ros2_ws/install/tecx_web_accessible_robotic_telemetry_server/lib/python3.10/site-packages:${PYTHONPATH} /usr/bin/python3 -W ignore:setup.py install is deprecated -W ignore:easy_install command is deprecated setup.py egg_info --egg-base ../../build/tecx_web_accessible_robotic_telemetry_server build --build-base /root/tecxcto/ros2/projects/project2/ros2_ws/build/tecx_web_accessible_robotic_telemetry_server/build install --record /root/tecxcto/ros2/projects/project2/ros2_ws/build/tecx_web_accessible_robotic_telemetry_server/install.log --install-scripts $base/lib/tecx_web_accessible_robotic_telemetry_server --single-version-externally-managed install_data
