[0.000000] (-) TimerEvent: {}
[0.003372] (tecx_Web-Accessible_Robotic_Telemetry_Server) JobQueued: {'identifier': 'tecx_Web-Accessible_Robotic_Telemetry_Server', 'dependencies': OrderedDict()}
[0.009122] (tecx_Web-Accessible_Robotic_Telemetry_Server) JobStarted: {'identifier': 'tecx_Web-Accessible_Robotic_Telemetry_Server'}
[0.095240] (-) TimerEvent: {}
[0.202117] (-) TimerEvent: {}
[0.305619] (-) TimerEvent: {}
[0.407403] (-) TimerEvent: {}
[0.509629] (-) TimerEvent: {}
[0.612477] (-) TimerEvent: {}
[0.714441] (-) TimerEvent: {}
[0.816463] (-) TimerEvent: {}
[0.917296] (-) TimerEvent: {}
[1.019265] (-) TimerEvent: {}
[1.121066] (-) TimerEvent: {}
[1.222156] (-) TimerEvent: {}
[1.323848] (-) TimerEvent: {}
[1.424506] (-) TimerEvent: {}
[1.525628] (-) TimerEvent: {}
[1.627366] (-) TimerEvent: {}
[1.729204] (-) TimerEvent: {}
[1.832234] (-) TimerEvent: {}
[1.933956] (-) TimerEvent: {}
[2.035503] (-) TimerEvent: {}
[2.136623] (-) TimerEvent: {}
[2.238872] (-) TimerEvent: {}
[2.341398] (-) TimerEvent: {}
[2.444601] (-) TimerEvent: {}
[2.547147] (-) TimerEvent: {}
[2.648927] (-) TimerEvent: {}
[2.751403] (-) TimerEvent: {}
[2.853678] (-) TimerEvent: {}
[2.957315] (-) TimerEvent: {}
[3.060370] (-) TimerEvent: {}
[3.163064] (-) TimerEvent: {}
[3.266423] (-) TimerEvent: {}
[3.370914] (-) TimerEvent: {}
[3.473546] (-) TimerEvent: {}
[3.577013] (-) TimerEvent: {}
[3.679705] (-) TimerEvent: {}
[3.782109] (-) TimerEvent: {}
[3.883104] (-) TimerEvent: {}
[3.987282] (-) TimerEvent: {}
[4.090642] (-) TimerEvent: {}
[4.194075] (-) TimerEvent: {}
[4.296818] (-) TimerEvent: {}
[4.399167] (-) TimerEvent: {}
[4.502387] (-) TimerEvent: {}
[4.604634] (-) TimerEvent: {}
[4.707230] (-) TimerEvent: {}
[4.809970] (-) TimerEvent: {}
[4.913607] (-) TimerEvent: {}
[5.016699] (-) TimerEvent: {}
[5.119005] (-) TimerEvent: {}
[5.222763] (-) TimerEvent: {}
[5.326265] (-) TimerEvent: {}
[5.428553] (-) TimerEvent: {}
[5.531603] (-) TimerEvent: {}
[5.634413] (-) TimerEvent: {}
[5.644105] (tecx_Web-Accessible_Robotic_Telemetry_Server) StderrLine: {'line': b'Traceback (most recent call last):\n  File "/usr/lib/python3/dist-packages/colcon_core/executor/__init__.py", line 91, in __call__\n    rc = await self.task(*args, **kwargs)\n  File "/usr/lib/python3/dist-packages/colcon_core/task/__init__.py", line 120, in __call__\n    return await task_method(*args, **kwargs)\n  File "/usr/lib/python3/dist-packages/colcon_ros/task/ament_python/build.py", line 51, in build\n    setup_py_data = get_setup_data(self.context.pkg, env)\n  File "/usr/lib/python3/dist-packages/colcon_core/task/python/__init__.py", line 20, in get_setup_data\n    return dict(pkg.metadata[key](env))\n  File "/usr/lib/python3/dist-packages/colcon_ros/package_augmentation/ros_ament_python.py", line 57, in getter\n    return get_setup_information(\n  File "/usr/lib/python3/dist-packages/colcon_python_setup_py/package_identification/python_setup_py.py", line 249, in get_setup_information\n    _setup_information_cache[hashable_env] = _get_setup_information(\n  File "/usr/lib/python3/dist-packages/colcon_python_setup_py/package_identification/python_setup_py.py", line 296, in _get_setup_information\n    result = subprocess.run(\n  File "/usr/lib/python3.10/subprocess.py", line 526, in run\n    raise CalledProcessError(retcode, process.args,\nsubprocess.CalledProcessError: Command \'[\'/usr/bin/python3\', \'-c\', \'import sys;from contextlib import suppress;exec("with suppress(ImportError):    from setuptools.extern.packaging.specifiers    import SpecifierSet");exec("with suppress(ImportError):    from packaging.specifiers import SpecifierSet");from distutils.core import run_setup;dist = run_setup(    \\\'setup.py\\\', script_args=(\\\'--dry-run\\\',), stop_after=\\\'config\\\');skip_keys = (\\\'cmdclass\\\', \\\'distclass\\\', \\\'ext_modules\\\', \\\'metadata\\\');data = {    key: value for key, value in dist.__dict__.items()     if (        not key.startswith(\\\'_\\\') and         not callable(value) and         key not in skip_keys and         key not in dist.display_option_names    )};data[\\\'metadata\\\'] = {    k: v for k, v in dist.metadata.__dict__.items()     if k not in (\\\'license_files\\\', \\\'provides_extras\\\')};sys.stdout.buffer.write(repr(data).encode(\\\'utf-8\\\'))\']\' returned non-zero exit status 1.\n'}
[5.650689] (tecx_Web-Accessible_Robotic_Telemetry_Server) JobEnded: {'identifier': 'tecx_Web-Accessible_Robotic_Telemetry_Server', 'rc': 1}
[5.658587] (-) EventReactorShutdown: {}
