running egg_info
creating ../../build/tecx_web_accessible_robotic_telemetry_server/tecx_web_accessible_robotic_telemetry_server.egg-info
writing ../../build/tecx_web_accessible_robotic_telemetry_server/tecx_web_accessible_robotic_telemetry_server.egg-info/PKG-INFO
writing dependency_links to ../../build/tecx_web_accessible_robotic_telemetry_server/tecx_web_accessible_robotic_telemetry_server.egg-info/dependency_links.txt
writing entry points to ../../build/tecx_web_accessible_robotic_telemetry_server/tecx_web_accessible_robotic_telemetry_server.egg-info/entry_points.txt
writing requirements to ../../build/tecx_web_accessible_robotic_telemetry_server/tecx_web_accessible_robotic_telemetry_server.egg-info/requires.txt
writing top-level names to ../../build/tecx_web_accessible_robotic_telemetry_server/tecx_web_accessible_robotic_telemetry_server.egg-info/top_level.txt
writing manifest file '../../build/tecx_web_accessible_robotic_telemetry_server/tecx_web_accessible_robotic_telemetry_server.egg-info/SOURCES.txt'
reading manifest file '../../build/tecx_web_accessible_robotic_telemetry_server/tecx_web_accessible_robotic_telemetry_server.egg-info/SOURCES.txt'
writing manifest file '../../build/tecx_web_accessible_robotic_telemetry_server/tecx_web_accessible_robotic_telemetry_server.egg-info/SOURCES.txt'
running build
running build_py
creating /root/tecxcto/ros2/projects/project2/ros2_ws/build/tecx_web_accessible_robotic_telemetry_server/build
creating /root/tecxcto/ros2/projects/project2/ros2_ws/build/tecx_web_accessible_robotic_telemetry_server/build/lib
creating /root/tecxcto/ros2/projects/project2/ros2_ws/build/tecx_web_accessible_robotic_telemetry_server/build/lib/tecx_web_accessible_robotic_telemetry_server
copying tecx_web_accessible_robotic_telemetry_server/telemetry_pub.py -> /root/tecxcto/ros2/projects/project2/ros2_ws/build/tecx_web_accessible_robotic_telemetry_server/build/lib/tecx_web_accessible_robotic_telemetry_server
copying tecx_web_accessible_robotic_telemetry_server/diagnostic_sub.py -> /root/tecxcto/ros2/projects/project2/ros2_ws/build/tecx_web_accessible_robotic_telemetry_server/build/lib/tecx_web_accessible_robotic_telemetry_server
copying tecx_web_accessible_robotic_telemetry_server/telemetry_web_node.py -> /root/tecxcto/ros2/projects/project2/ros2_ws/build/tecx_web_accessible_robotic_telemetry_server/build/lib/tecx_web_accessible_robotic_telemetry_server
copying tecx_web_accessible_robotic_telemetry_server/__init__.py -> /root/tecxcto/ros2/projects/project2/ros2_ws/build/tecx_web_accessible_robotic_telemetry_server/build/lib/tecx_web_accessible_robotic_telemetry_server
running install
running install_lib
creating /root/tecxcto/ros2/projects/project2/ros2_ws/install/tecx_web_accessible_robotic_telemetry_server/lib/python3.10/site-packages/tecx_web_accessible_robotic_telemetry_server
copying /root/tecxcto/ros2/projects/project2/ros2_ws/build/tecx_web_accessible_robotic_telemetry_server/build/lib/tecx_web_accessible_robotic_telemetry_server/telemetry_pub.py -> /root/tecxcto/ros2/projects/project2/ros2_ws/install/tecx_web_accessible_robotic_telemetry_server/lib/python3.10/site-packages/tecx_web_accessible_robotic_telemetry_server
copying /root/tecxcto/ros2/projects/project2/ros2_ws/build/tecx_web_accessible_robotic_telemetry_server/build/lib/tecx_web_accessible_robotic_telemetry_server/diagnostic_sub.py -> /root/tecxcto/ros2/projects/project2/ros2_ws/install/tecx_web_accessible_robotic_telemetry_server/lib/python3.10/site-packages/tecx_web_accessible_robotic_telemetry_server
copying /root/tecxcto/ros2/projects/project2/ros2_ws/build/tecx_web_accessible_robotic_telemetry_server/build/lib/tecx_web_accessible_robotic_telemetry_server/telemetry_web_node.py -> /root/tecxcto/ros2/projects/project2/ros2_ws/install/tecx_web_accessible_robotic_telemetry_server/lib/python3.10/site-packages/tecx_web_accessible_robotic_telemetry_server
copying /root/tecxcto/ros2/projects/project2/ros2_ws/build/tecx_web_accessible_robotic_telemetry_server/build/lib/tecx_web_accessible_robotic_telemetry_server/__init__.py -> /root/tecxcto/ros2/projects/project2/ros2_ws/install/tecx_web_accessible_robotic_telemetry_server/lib/python3.10/site-packages/tecx_web_accessible_robotic_telemetry_server
byte-compiling /root/tecxcto/ros2/projects/project2/ros2_ws/install/tecx_web_accessible_robotic_telemetry_server/lib/python3.10/site-packages/tecx_web_accessible_robotic_telemetry_server/telemetry_pub.py to telemetry_pub.cpython-310.pyc
byte-compiling /root/tecxcto/ros2/projects/project2/ros2_ws/install/tecx_web_accessible_robotic_telemetry_server/lib/python3.10/site-packages/tecx_web_accessible_robotic_telemetry_server/diagnostic_sub.py to diagnostic_sub.cpython-310.pyc
byte-compiling /root/tecxcto/ros2/projects/project2/ros2_ws/install/tecx_web_accessible_robotic_telemetry_server/lib/python3.10/site-packages/tecx_web_accessible_robotic_telemetry_server/telemetry_web_node.py to telemetry_web_node.cpython-310.pyc
byte-compiling /root/tecxcto/ros2/projects/project2/ros2_ws/install/tecx_web_accessible_robotic_telemetry_server/lib/python3.10/site-packages/tecx_web_accessible_robotic_telemetry_server/__init__.py to __init__.cpython-310.pyc
running install_data
creating /root/tecxcto/ros2/projects/project2/ros2_ws/install/tecx_web_accessible_robotic_telemetry_server/share/ament_index
creating /root/tecxcto/ros2/projects/project2/ros2_ws/install/tecx_web_accessible_robotic_telemetry_server/share/ament_index/resource_index
creating /root/tecxcto/ros2/projects/project2/ros2_ws/install/tecx_web_accessible_robotic_telemetry_server/share/ament_index/resource_index/packages
copying resource/tecx_web_accessible_robotic_telemetry_server -> /root/tecxcto/ros2/projects/project2/ros2_ws/install/tecx_web_accessible_robotic_telemetry_server/share/ament_index/resource_index/packages
copying package.xml -> /root/tecxcto/ros2/projects/project2/ros2_ws/install/tecx_web_accessible_robotic_telemetry_server/share/tecx_web_accessible_robotic_telemetry_server
running install_egg_info
Copying ../../build/tecx_web_accessible_robotic_telemetry_server/tecx_web_accessible_robotic_telemetry_server.egg-info to /root/tecxcto/ros2/projects/project2/ros2_ws/install/tecx_web_accessible_robotic_telemetry_server/lib/python3.10/site-packages/tecx_web_accessible_robotic_telemetry_server-0.0.0-py3.10.egg-info
running install_scripts
Installing listener script to /root/tecxcto/ros2/projects/project2/ros2_ws/install/tecx_web_accessible_robotic_telemetry_server/lib/tecx_web_accessible_robotic_telemetry_server
Installing talker script to /root/tecxcto/ros2/projects/project2/ros2_ws/install/tecx_web_accessible_robotic_telemetry_server/lib/tecx_web_accessible_robotic_telemetry_server
Installing web_telemetry script to /root/tecxcto/ros2/projects/project2/ros2_ws/install/tecx_web_accessible_robotic_telemetry_server/lib/tecx_web_accessible_robotic_telemetry_server
writing list of installed files to '/root/tecxcto/ros2/projects/project2/ros2_ws/build/tecx_web_accessible_robotic_telemetry_server/install.log'
