[12.269s] Invoking command in '/root/tecxcto/ros2/projects/project2/ros2_ws/src/tecx_web_accessible_robotic_telemetry_server': PYTHONPATH=/root/tecxcto/ros2/projects/project2/ros2_ws/build/tecx_web_accessible_robotic_telemetry_server/prefix_override:/usr/lib/python3/dist-packages/colcon_core/task/python/colcon_distutils_commands:/root/tecxcto/ros2/projects/project2/ros2_ws/install/tecx_web_accessible_robotic_telemetry_server/lib/python3.10/site-packages:${PYTHONPATH} /usr/bin/python3 -W ignore:setup.py install is deprecated -W ignore:easy_install command is deprecated setup.py egg_info --egg-base ../../build/tecx_web_accessible_robotic_telemetry_server build --build-base /root/tecxcto/ros2/projects/project2/ros2_ws/build/tecx_web_accessible_robotic_telemetry_server/build install --record /root/tecxcto/ros2/projects/project2/ros2_ws/build/tecx_web_accessible_robotic_telemetry_server/install.log --install-scripts $base/lib/tecx_web_accessible_robotic_telemetry_server --single-version-externally-managed install_data
[16.590s] running egg_info
[16.603s] creating ../../build/tecx_web_accessible_robotic_telemetry_server/tecx_web_accessible_robotic_telemetry_server.egg-info
[16.605s] writing ../../build/tecx_web_accessible_robotic_telemetry_server/tecx_web_accessible_robotic_telemetry_server.egg-info/PKG-INFO
[16.610s] writing dependency_links to ../../build/tecx_web_accessible_robotic_telemetry_server/tecx_web_accessible_robotic_telemetry_server.egg-info/dependency_links.txt
[16.613s] writing entry points to ../../build/tecx_web_accessible_robotic_telemetry_server/tecx_web_accessible_robotic_telemetry_server.egg-info/entry_points.txt
[16.616s] writing requirements to ../../build/tecx_web_accessible_robotic_telemetry_server/tecx_web_accessible_robotic_telemetry_server.egg-info/requires.txt
[16.618s] writing top-level names to ../../build/tecx_web_accessible_robotic_telemetry_server/tecx_web_accessible_robotic_telemetry_server.egg-info/top_level.txt
[16.622s] writing manifest file '../../build/tecx_web_accessible_robotic_telemetry_server/tecx_web_accessible_robotic_telemetry_server.egg-info/SOURCES.txt'
[16.669s] reading manifest file '../../build/tecx_web_accessible_robotic_telemetry_server/tecx_web_accessible_robotic_telemetry_server.egg-info/SOURCES.txt'
[16.706s] writing manifest file '../../build/tecx_web_accessible_robotic_telemetry_server/tecx_web_accessible_robotic_telemetry_server.egg-info/SOURCES.txt'
[16.707s] running build
[16.707s] running build_py
[16.714s] creating /root/tecxcto/ros2/projects/project2/ros2_ws/build/tecx_web_accessible_robotic_telemetry_server/build
[16.714s] creating /root/tecxcto/ros2/projects/project2/ros2_ws/build/tecx_web_accessible_robotic_telemetry_server/build/lib
[16.714s] creating /root/tecxcto/ros2/projects/project2/ros2_ws/build/tecx_web_accessible_robotic_telemetry_server/build/lib/tecx_web_accessible_robotic_telemetry_server
[16.719s] copying tecx_web_accessible_robotic_telemetry_server/telemetry_pub.py -> /root/tecxcto/ros2/projects/project2/ros2_ws/build/tecx_web_accessible_robotic_telemetry_server/build/lib/tecx_web_accessible_robotic_telemetry_server
[16.724s] copying tecx_web_accessible_robotic_telemetry_server/diagnostic_sub.py -> /root/tecxcto/ros2/projects/project2/ros2_ws/build/tecx_web_accessible_robotic_telemetry_server/build/lib/tecx_web_accessible_robotic_telemetry_server
[16.728s] copying tecx_web_accessible_robotic_telemetry_server/telemetry_web_node.py -> /root/tecxcto/ros2/projects/project2/ros2_ws/build/tecx_web_accessible_robotic_telemetry_server/build/lib/tecx_web_accessible_robotic_telemetry_server
[16.732s] copying tecx_web_accessible_robotic_telemetry_server/__init__.py -> /root/tecxcto/ros2/projects/project2/ros2_ws/build/tecx_web_accessible_robotic_telemetry_server/build/lib/tecx_web_accessible_robotic_telemetry_server
[16.737s] running install
[16.739s] running install_lib
[16.751s] creating /root/tecxcto/ros2/projects/project2/ros2_ws/install/tecx_web_accessible_robotic_telemetry_server/lib/python3.10/site-packages/tecx_web_accessible_robotic_telemetry_server
[16.755s] copying /root/tecxcto/ros2/projects/project2/ros2_ws/build/tecx_web_accessible_robotic_telemetry_server/build/lib/tecx_web_accessible_robotic_telemetry_server/telemetry_pub.py -> /root/tecxcto/ros2/projects/project2/ros2_ws/install/tecx_web_accessible_robotic_telemetry_server/lib/python3.10/site-packages/tecx_web_accessible_robotic_telemetry_server
[16.765s] copying /root/tecxcto/ros2/projects/project2/ros2_ws/build/tecx_web_accessible_robotic_telemetry_server/build/lib/tecx_web_accessible_robotic_telemetry_server/diagnostic_sub.py -> /root/tecxcto/ros2/projects/project2/ros2_ws/install/tecx_web_accessible_robotic_telemetry_server/lib/python3.10/site-packages/tecx_web_accessible_robotic_telemetry_server
[16.779s] copying /root/tecxcto/ros2/projects/project2/ros2_ws/build/tecx_web_accessible_robotic_telemetry_server/build/lib/tecx_web_accessible_robotic_telemetry_server/telemetry_web_node.py -> /root/tecxcto/ros2/projects/project2/ros2_ws/install/tecx_web_accessible_robotic_telemetry_server/lib/python3.10/site-packages/tecx_web_accessible_robotic_telemetry_server
[16.791s] copying /root/tecxcto/ros2/projects/project2/ros2_ws/build/tecx_web_accessible_robotic_telemetry_server/build/lib/tecx_web_accessible_robotic_telemetry_server/__init__.py -> /root/tecxcto/ros2/projects/project2/ros2_ws/install/tecx_web_accessible_robotic_telemetry_server/lib/python3.10/site-packages/tecx_web_accessible_robotic_telemetry_server
[16.807s] byte-compiling /root/tecxcto/ros2/projects/project2/ros2_ws/install/tecx_web_accessible_robotic_telemetry_server/lib/python3.10/site-packages/tecx_web_accessible_robotic_telemetry_server/telemetry_pub.py to telemetry_pub.cpython-310.pyc
[16.816s] byte-compiling /root/tecxcto/ros2/projects/project2/ros2_ws/install/tecx_web_accessible_robotic_telemetry_server/lib/python3.10/site-packages/tecx_web_accessible_robotic_telemetry_server/diagnostic_sub.py to diagnostic_sub.cpython-310.pyc
[16.825s] byte-compiling /root/tecxcto/ros2/projects/project2/ros2_ws/install/tecx_web_accessible_robotic_telemetry_server/lib/python3.10/site-packages/tecx_web_accessible_robotic_telemetry_server/telemetry_web_node.py to telemetry_web_node.cpython-310.pyc
[16.838s] byte-compiling /root/tecxcto/ros2/projects/project2/ros2_ws/install/tecx_web_accessible_robotic_telemetry_server/lib/python3.10/site-packages/tecx_web_accessible_robotic_telemetry_server/__init__.py to __init__.cpython-310.pyc
[16.848s] running install_data
[16.853s] creating /root/tecxcto/ros2/projects/project2/ros2_ws/install/tecx_web_accessible_robotic_telemetry_server/share/ament_index
[16.855s] creating /root/tecxcto/ros2/projects/project2/ros2_ws/install/tecx_web_accessible_robotic_telemetry_server/share/ament_index/resource_index
[16.855s] creating /root/tecxcto/ros2/projects/project2/ros2_ws/install/tecx_web_accessible_robotic_telemetry_server/share/ament_index/resource_index/packages
[16.858s] copying resource/tecx_web_accessible_robotic_telemetry_server -> /root/tecxcto/ros2/projects/project2/ros2_ws/install/tecx_web_accessible_robotic_telemetry_server/share/ament_index/resource_index/packages
[16.867s] copying package.xml -> /root/tecxcto/ros2/projects/project2/ros2_ws/install/tecx_web_accessible_robotic_telemetry_server/share/tecx_web_accessible_robotic_telemetry_server
[16.872s] running install_egg_info
[16.902s] Copying ../../build/tecx_web_accessible_robotic_telemetry_server/tecx_web_accessible_robotic_telemetry_server.egg-info to /root/tecxcto/ros2/projects/project2/ros2_ws/install/tecx_web_accessible_robotic_telemetry_server/lib/python3.10/site-packages/tecx_web_accessible_robotic_telemetry_server-0.0.0-py3.10.egg-info
[17.001s] running install_scripts
[17.228s] Installing listener script to /root/tecxcto/ros2/projects/project2/ros2_ws/install/tecx_web_accessible_robotic_telemetry_server/lib/tecx_web_accessible_robotic_telemetry_server
[17.231s] Installing talker script to /root/tecxcto/ros2/projects/project2/ros2_ws/install/tecx_web_accessible_robotic_telemetry_server/lib/tecx_web_accessible_robotic_telemetry_server
[17.235s] Installing web_telemetry script to /root/tecxcto/ros2/projects/project2/ros2_ws/install/tecx_web_accessible_robotic_telemetry_server/lib/tecx_web_accessible_robotic_telemetry_server
[17.244s] writing list of installed files to '/root/tecxcto/ros2/projects/project2/ros2_ws/build/tecx_web_accessible_robotic_telemetry_server/install.log'
[17.313s] Invoked command in '/root/tecxcto/ros2/projects/project2/ros2_ws/src/tecx_web_accessible_robotic_telemetry_server' returned '0': PYTHONPATH=/root/tecxcto/ros2/projects/project2/ros2_ws/build/tecx_web_accessible_robotic_telemetry_server/prefix_override:/usr/lib/python3/dist-packages/colcon_core/task/python/colcon_distutils_commands:/root/tecxcto/ros2/projects/project2/ros2_ws/install/tecx_web_accessible_robotic_telemetry_server/lib/python3.10/site-packages:${PYTHONPATH} /usr/bin/python3 -W ignore:setup.py install is deprecated -W ignore:easy_install command is deprecated setup.py egg_info --egg-base ../../build/tecx_web_accessible_robotic_telemetry_server build --build-base /root/tecxcto/ros2/projects/project2/ros2_ws/build/tecx_web_accessible_robotic_telemetry_server/build install --record /root/tecxcto/ros2/projects/project2/ros2_ws/build/tecx_web_accessible_robotic_telemetry_server/install.log --install-scripts $base/lib/tecx_web_accessible_robotic_telemetry_server --single-version-externally-managed install_data
