[4.662s] DEBUG:colcon:Command line arguments: ['/usr/bin/colcon', 'build', '--packages-select', 'tecx_raw_microcontroller_byte_stream_parser_pkg']
[4.663s] DEBUG:colcon:Parsed command line arguments: Namespace(log_base=None, log_level=None, verb_name='build', build_base='build', install_base='install', merge_install=False, symlink_install=False, test_result_base=None, continue_on_error=False, executor='parallel', parallel_workers=8, event_handlers=None, ignore_user_meta=False, metas=['./colcon.meta'], base_paths=['.'], packages_ignore=None, packages_ignore_regex=None, paths=None, packages_up_to=None, packages_up_to_regex=None, packages_above=None, packages_above_and_dependencies=None, packages_above_depth=None, packages_select_by_dep=None, packages_skip_by_dep=None, packages_skip_up_to=None, packages_select_build_failed=False, packages_skip_build_finished=False, packages_select_test_failures=False, packages_skip_test_passed=False, packages_select=['tecx_raw_microcontroller_byte_stream_parser_pkg'], packages_skip=None, packages_select_regex=None, packages_skip_regex=None, packages_start=None, packages_end=None, allow_overriding=[], cmake_args=None, cmake_target=None, cmake_target_skip_unavailable=False, cmake_clean_cache=False, cmake_clean_first=False, cmake_force_configure=False, ament_cmake_args=None, catkin_cmake_args=None, catkin_skip_building_tests=False, verb_parser=<colcon_defaults.argument_parser.defaults.DefaultArgumentsDecorator object at 0x782c2f5d50>, verb_extension=<colcon_core.verb.build.BuildVerb object at 0x782c6b74c0>, main=<bound method BuildVerb.main of <colcon_core.verb.build.BuildVerb object at 0x782c6b74c0>>)
[9.401s] Level 1:colcon.colcon_core.package_discovery:discover_packages(colcon_meta) check parameters
[9.403s] Level 1:colcon.colcon_core.package_discovery:discover_packages(recursive) check parameters
[9.403s] Level 1:colcon.colcon_core.package_discovery:discover_packages(ignore) check parameters
[9.403s] Level 1:colcon.colcon_core.package_discovery:discover_packages(path) check parameters
[9.404s] Level 1:colcon.colcon_core.package_discovery:discover_packages(colcon_meta) discover
[9.404s] Level 1:colcon.colcon_core.package_discovery:discover_packages(recursive) discover
[9.405s] INFO:colcon.colcon_core.package_discovery:Crawling recursively for packages in '/root/tecxcto/ros2/projects/project4/ros2_ws'
[9.407s] Level 1:colcon.colcon_core.package_identification:_identify(.) by extensions ['ignore', 'ignore_ament_install']
[9.407s] Level 1:colcon.colcon_core.package_identification:_identify(.) by extension 'ignore'
[9.408s] Level 1:colcon.colcon_core.package_identification:_identify(.) by extension 'ignore_ament_install'
[9.410s] Level 1:colcon.colcon_core.package_identification:_identify(.) by extensions ['colcon_pkg']
[9.410s] Level 1:colcon.colcon_core.package_identification:_identify(.) by extension 'colcon_pkg'
[9.411s] Level 1:colcon.colcon_core.package_identification:_identify(.) by extensions ['colcon_meta']
[9.411s] Level 1:colcon.colcon_core.package_identification:_identify(.) by extension 'colcon_meta'
[9.412s] Level 1:colcon.colcon_core.package_identification:_identify(.) by extensions ['ros']
[9.412s] Level 1:colcon.colcon_core.package_identification:_identify(.) by extension 'ros'
[9.530s] Level 1:colcon.colcon_core.package_identification:_identify(.) by extensions ['cmake', 'python']
[9.531s] Level 1:colcon.colcon_core.package_identification:_identify(.) by extension 'cmake'
[9.531s] Level 1:colcon.colcon_core.package_identification:_identify(.) by extension 'python'
[9.532s] Level 1:colcon.colcon_core.package_identification:_identify(.) by extensions ['python_setup_py']
[9.532s] Level 1:colcon.colcon_core.package_identification:_identify(.) by extension 'python_setup_py'
[9.535s] Level 1:colcon.colcon_core.package_identification:_identify(build) by extensions ['ignore', 'ignore_ament_install']
[9.535s] Level 1:colcon.colcon_core.package_identification:_identify(build) by extension 'ignore'
[9.536s] Level 1:colcon.colcon_core.package_identification:_identify(build) ignored
[9.539s] Level 1:colcon.colcon_core.package_identification:_identify(install) by extensions ['ignore', 'ignore_ament_install']
[9.539s] Level 1:colcon.colcon_core.package_identification:_identify(install) by extension 'ignore'
[9.540s] Level 1:colcon.colcon_core.package_identification:_identify(install) ignored
[9.544s] Level 1:colcon.colcon_core.package_identification:_identify(log) by extensions ['ignore', 'ignore_ament_install']
[9.545s] Level 1:colcon.colcon_core.package_identification:_identify(log) by extension 'ignore'
[9.546s] Level 1:colcon.colcon_core.package_identification:_identify(log) ignored
[9.549s] Level 1:colcon.colcon_core.package_identification:_identify(src) by extensions ['ignore', 'ignore_ament_install']
[9.550s] Level 1:colcon.colcon_core.package_identification:_identify(src) by extension 'ignore'
[9.551s] Level 1:colcon.colcon_core.package_identification:_identify(src) by extension 'ignore_ament_install'
[9.553s] Level 1:colcon.colcon_core.package_identification:_identify(src) by extensions ['colcon_pkg']
[9.553s] Level 1:colcon.colcon_core.package_identification:_identify(src) by extension 'colcon_pkg'
[9.554s] Level 1:colcon.colcon_core.package_identification:_identify(src) by extensions ['colcon_meta']
[9.554s] Level 1:colcon.colcon_core.package_identification:_identify(src) by extension 'colcon_meta'
[9.555s] Level 1:colcon.colcon_core.package_identification:_identify(src) by extensions ['ros']
[9.556s] Level 1:colcon.colcon_core.package_identification:_identify(src) by extension 'ros'
[9.559s] Level 1:colcon.colcon_core.package_identification:_identify(src) by extensions ['cmake', 'python']
[9.559s] Level 1:colcon.colcon_core.package_identification:_identify(src) by extension 'cmake'
[9.560s] Level 1:colcon.colcon_core.package_identification:_identify(src) by extension 'python'
[9.561s] Level 1:colcon.colcon_core.package_identification:_identify(src) by extensions ['python_setup_py']
[9.562s] Level 1:colcon.colcon_core.package_identification:_identify(src) by extension 'python_setup_py'
[9.566s] Level 1:colcon.colcon_core.package_identification:_identify(src/tecx_raw_microcontroller_byte_stream_parser_pkg) by extensions ['ignore', 'ignore_ament_install']
[9.567s] Level 1:colcon.colcon_core.package_identification:_identify(src/tecx_raw_microcontroller_byte_stream_parser_pkg) by extension 'ignore'
[9.568s] Level 1:colcon.colcon_core.package_identification:_identify(src/tecx_raw_microcontroller_byte_stream_parser_pkg) by extension 'ignore_ament_install'
[9.570s] Level 1:colcon.colcon_core.package_identification:_identify(src/tecx_raw_microcontroller_byte_stream_parser_pkg) by extensions ['colcon_pkg']
[9.570s] Level 1:colcon.colcon_core.package_identification:_identify(src/tecx_raw_microcontroller_byte_stream_parser_pkg) by extension 'colcon_pkg'
[9.571s] Level 1:colcon.colcon_core.package_identification:_identify(src/tecx_raw_microcontroller_byte_stream_parser_pkg) by extensions ['colcon_meta']
[9.571s] Level 1:colcon.colcon_core.package_identification:_identify(src/tecx_raw_microcontroller_byte_stream_parser_pkg) by extension 'colcon_meta'
[9.574s] Level 1:colcon.colcon_core.package_identification:_identify(src/tecx_raw_microcontroller_byte_stream_parser_pkg) by extensions ['ros']
[9.574s] Level 1:colcon.colcon_core.package_identification:_identify(src/tecx_raw_microcontroller_byte_stream_parser_pkg) by extension 'ros'
[9.636s] DEBUG:colcon.colcon_core.package_identification:Package 'src/tecx_raw_microcontroller_byte_stream_parser_pkg' with type 'ros.ament_python' and name 'tecx_raw_microcontroller_byte_stream_parser_pkg'
[9.637s] Level 1:colcon.colcon_core.package_discovery:discover_packages(recursive) using defaults
[9.638s] Level 1:colcon.colcon_core.package_discovery:discover_packages(ignore) discover
[9.639s] Level 1:colcon.colcon_core.package_discovery:discover_packages(ignore) using defaults
[9.639s] Level 1:colcon.colcon_core.package_discovery:discover_packages(path) discover
[9.639s] Level 1:colcon.colcon_core.package_discovery:discover_packages(path) using defaults
[10.197s] Level 1:colcon.colcon_core.package_discovery:discover_packages(prefix_path) check parameters
[10.198s] Level 1:colcon.colcon_core.package_discovery:discover_packages(prefix_path) discover
[10.388s] DEBUG:colcon.colcon_installed_package_information.package_discovery:Found 187 installed packages in /opt/ros/humble
[10.403s] Level 1:colcon.colcon_core.package_discovery:discover_packages(prefix_path) using defaults
[10.929s] Level 5:colcon.colcon_core.verb:set package 'tecx_raw_microcontroller_byte_stream_parser_pkg' build argument 'cmake_args' from command line to 'None'
[10.929s] Level 5:colcon.colcon_core.verb:set package 'tecx_raw_microcontroller_byte_stream_parser_pkg' build argument 'cmake_target' from command line to 'None'
[10.930s] Level 5:colcon.colcon_core.verb:set package 'tecx_raw_microcontroller_byte_stream_parser_pkg' build argument 'cmake_target_skip_unavailable' from command line to 'False'
[10.930s] Level 5:colcon.colcon_core.verb:set package 'tecx_raw_microcontroller_byte_stream_parser_pkg' build argument 'cmake_clean_cache' from command line to 'False'
[10.930s] Level 5:colcon.colcon_core.verb:set package 'tecx_raw_microcontroller_byte_stream_parser_pkg' build argument 'cmake_clean_first' from command line to 'False'
[10.930s] Level 5:colcon.colcon_core.verb:set package 'tecx_raw_microcontroller_byte_stream_parser_pkg' build argument 'cmake_force_configure' from command line to 'False'
[10.930s] Level 5:colcon.colcon_core.verb:set package 'tecx_raw_microcontroller_byte_stream_parser_pkg' build argument 'ament_cmake_args' from command line to 'None'
[10.930s] Level 5:colcon.colcon_core.verb:set package 'tecx_raw_microcontroller_byte_stream_parser_pkg' build argument 'catkin_cmake_args' from command line to 'None'
[10.930s] Level 5:colcon.colcon_core.verb:set package 'tecx_raw_microcontroller_byte_stream_parser_pkg' build argument 'catkin_skip_building_tests' from command line to 'False'
[10.930s] DEBUG:colcon.colcon_core.verb:Building package 'tecx_raw_microcontroller_byte_stream_parser_pkg' with the following arguments: {'ament_cmake_args': None, 'build_base': '/root/tecxcto/ros2/projects/project4/ros2_ws/build/tecx_raw_microcontroller_byte_stream_parser_pkg', 'catkin_cmake_args': None, 'catkin_skip_building_tests': False, 'cmake_args': None, 'cmake_clean_cache': False, 'cmake_clean_first': False, 'cmake_force_configure': False, 'cmake_target': None, 'cmake_target_skip_unavailable': False, 'install_base': '/root/tecxcto/ros2/projects/project4/ros2_ws/install/tecx_raw_microcontroller_byte_stream_parser_pkg', 'merge_install': False, 'path': '/root/tecxcto/ros2/projects/project4/ros2_ws/src/tecx_raw_microcontroller_byte_stream_parser_pkg', 'symlink_install': False, 'test_result_base': None}
[10.931s] INFO:colcon.colcon_core.executor:Executing jobs using 'parallel' executor
[10.938s] DEBUG:colcon.colcon_parallel_executor.executor.parallel:run_until_complete
[10.940s] INFO:colcon.colcon_ros.task.ament_python.build:Building ROS package in '/root/tecxcto/ros2/projects/project4/ros2_ws/src/tecx_raw_microcontroller_byte_stream_parser_pkg' with build type 'ament_python'
[10.940s] Level 1:colcon.colcon_core.shell:create_environment_hook('tecx_raw_microcontroller_byte_stream_parser_pkg', 'ament_prefix_path')
[11.007s] INFO:colcon.colcon_core.plugin_system:Skipping extension 'colcon_core.shell.bat': Not used on non-Windows systems
[11.007s] INFO:colcon.colcon_core.shell:Creating environment hook '/root/tecxcto/ros2/projects/project4/ros2_ws/install/tecx_raw_microcontroller_byte_stream_parser_pkg/share/tecx_raw_microcontroller_byte_stream_parser_pkg/hook/ament_prefix_path.ps1'
[11.017s] INFO:colcon.colcon_core.shell:Creating environment descriptor '/root/tecxcto/ros2/projects/project4/ros2_ws/install/tecx_raw_microcontroller_byte_stream_parser_pkg/share/tecx_raw_microcontroller_byte_stream_parser_pkg/hook/ament_prefix_path.dsv'
[11.025s] INFO:colcon.colcon_core.shell:Creating environment hook '/root/tecxcto/ros2/projects/project4/ros2_ws/install/tecx_raw_microcontroller_byte_stream_parser_pkg/share/tecx_raw_microcontroller_byte_stream_parser_pkg/hook/ament_prefix_path.sh'
[11.044s] INFO:colcon.colcon_core.shell:Skip shell extension 'powershell' for command environment: Not usable outside of PowerShell
[11.045s] DEBUG:colcon.colcon_core.shell:Skip shell extension 'dsv' for command environment
[15.394s] INFO:colcon.colcon_core.task.python.build:Building Python package in '/root/tecxcto/ros2/projects/project4/ros2_ws/src/tecx_raw_microcontroller_byte_stream_parser_pkg'
[15.395s] INFO:colcon.colcon_core.shell:Skip shell extension 'powershell' for command environment: Not usable outside of PowerShell
[15.395s] DEBUG:colcon.colcon_core.shell:Skip shell extension 'dsv' for command environment
[22.648s] DEBUG:colcon.colcon_core.task.python.build:Available setuptools commands: extract_messages, symlink_data, upload_docs, install_headers, install, develop, rotate, easy_install, test, compile_catalog, install_egg_info, dist_info, build_ext, sdist, egg_info, bdist_rpm, build_py, alias, install_scripts, bdist_wheel, register, build_scripts, build_clib, clean, install_data, setopt, bdist, upload, install_lib, bdist_egg, saveopts, init_catalog, build, check, bdist_dumb, update_catalog
[22.696s] DEBUG:colcon.colcon_core.event_handler.log_command:Invoking command in '/root/tecxcto/ros2/projects/project4/ros2_ws/src/tecx_raw_microcontroller_byte_stream_parser_pkg': PYTHONPATH=/root/tecxcto/ros2/projects/project4/ros2_ws/build/tecx_raw_microcontroller_byte_stream_parser_pkg/prefix_override:/usr/lib/python3/dist-packages/colcon_core/task/python/colcon_distutils_commands:/root/tecxcto/ros2/projects/project4/ros2_ws/install/tecx_raw_microcontroller_byte_stream_parser_pkg/lib/python3.10/site-packages:${PYTHONPATH} /usr/bin/python3 -W ignore:setup.py install is deprecated -W ignore:easy_install command is deprecated setup.py egg_info --egg-base ../../build/tecx_raw_microcontroller_byte_stream_parser_pkg build --build-base /root/tecxcto/ros2/projects/project4/ros2_ws/build/tecx_raw_microcontroller_byte_stream_parser_pkg/build install --record /root/tecxcto/ros2/projects/project4/ros2_ws/build/tecx_raw_microcontroller_byte_stream_parser_pkg/install.log --install-scripts $base/lib/tecx_raw_microcontroller_byte_stream_parser_pkg --single-version-externally-managed install_data
[29.207s] DEBUG:colcon.colcon_core.event_handler.log_command:Invoked command in '/root/tecxcto/ros2/projects/project4/ros2_ws/src/tecx_raw_microcontroller_byte_stream_parser_pkg' returned '0': PYTHONPATH=/root/tecxcto/ros2/projects/project4/ros2_ws/build/tecx_raw_microcontroller_byte_stream_parser_pkg/prefix_override:/usr/lib/python3/dist-packages/colcon_core/task/python/colcon_distutils_commands:/root/tecxcto/ros2/projects/project4/ros2_ws/install/tecx_raw_microcontroller_byte_stream_parser_pkg/lib/python3.10/site-packages:${PYTHONPATH} /usr/bin/python3 -W ignore:setup.py install is deprecated -W ignore:easy_install command is deprecated setup.py egg_info --egg-base ../../build/tecx_raw_microcontroller_byte_stream_parser_pkg build --build-base /root/tecxcto/ros2/projects/project4/ros2_ws/build/tecx_raw_microcontroller_byte_stream_parser_pkg/build install --record /root/tecxcto/ros2/projects/project4/ros2_ws/build/tecx_raw_microcontroller_byte_stream_parser_pkg/install.log --install-scripts $base/lib/tecx_raw_microcontroller_byte_stream_parser_pkg --single-version-externally-managed install_data
[29.309s] Level 1:colcon.colcon_core.environment:checking '/root/tecxcto/ros2/projects/project4/ros2_ws/install/tecx_raw_microcontroller_byte_stream_parser_pkg' for CMake module files
[29.326s] Level 1:colcon.colcon_core.environment:checking '/root/tecxcto/ros2/projects/project4/ros2_ws/install/tecx_raw_microcontroller_byte_stream_parser_pkg' for CMake config files
[29.361s] Level 1:colcon.colcon_core.environment:checking '/root/tecxcto/ros2/projects/project4/ros2_ws/install/tecx_raw_microcontroller_byte_stream_parser_pkg/lib'
[29.365s] Level 1:colcon.colcon_core.environment:checking '/root/tecxcto/ros2/projects/project4/ros2_ws/install/tecx_raw_microcontroller_byte_stream_parser_pkg/bin'
[29.367s] Level 1:colcon.colcon_core.environment:checking '/root/tecxcto/ros2/projects/project4/ros2_ws/install/tecx_raw_microcontroller_byte_stream_parser_pkg/lib/pkgconfig/tecx_raw_microcontroller_byte_stream_parser_pkg.pc'
[29.369s] Level 1:colcon.colcon_core.environment:checking '/root/tecxcto/ros2/projects/project4/ros2_ws/install/tecx_raw_microcontroller_byte_stream_parser_pkg/lib/python3.10/site-packages'
[29.370s] Level 1:colcon.colcon_core.shell:create_environment_hook('tecx_raw_microcontroller_byte_stream_parser_pkg', 'pythonpath')
[29.371s] INFO:colcon.colcon_core.shell:Creating environment hook '/root/tecxcto/ros2/projects/project4/ros2_ws/install/tecx_raw_microcontroller_byte_stream_parser_pkg/share/tecx_raw_microcontroller_byte_stream_parser_pkg/hook/pythonpath.ps1'
[29.385s] INFO:colcon.colcon_core.shell:Creating environment descriptor '/root/tecxcto/ros2/projects/project4/ros2_ws/install/tecx_raw_microcontroller_byte_stream_parser_pkg/share/tecx_raw_microcontroller_byte_stream_parser_pkg/hook/pythonpath.dsv'
[29.394s] INFO:colcon.colcon_core.shell:Creating environment hook '/root/tecxcto/ros2/projects/project4/ros2_ws/install/tecx_raw_microcontroller_byte_stream_parser_pkg/share/tecx_raw_microcontroller_byte_stream_parser_pkg/hook/pythonpath.sh'
[29.402s] Level 1:colcon.colcon_core.environment:checking '/root/tecxcto/ros2/projects/project4/ros2_ws/install/tecx_raw_microcontroller_byte_stream_parser_pkg/bin'
[29.403s] Level 1:colcon.colcon_core.environment:create_environment_scripts_only(tecx_raw_microcontroller_byte_stream_parser_pkg)
[29.404s] INFO:colcon.colcon_core.shell:Creating package script '/root/tecxcto/ros2/projects/project4/ros2_ws/install/tecx_raw_microcontroller_byte_stream_parser_pkg/share/tecx_raw_microcontroller_byte_stream_parser_pkg/package.ps1'
[29.416s] INFO:colcon.colcon_core.shell:Creating package descriptor '/root/tecxcto/ros2/projects/project4/ros2_ws/install/tecx_raw_microcontroller_byte_stream_parser_pkg/share/tecx_raw_microcontroller_byte_stream_parser_pkg/package.dsv'
[29.425s] INFO:colcon.colcon_core.shell:Creating package script '/root/tecxcto/ros2/projects/project4/ros2_ws/install/tecx_raw_microcontroller_byte_stream_parser_pkg/share/tecx_raw_microcontroller_byte_stream_parser_pkg/package.sh'
[29.435s] INFO:colcon.colcon_core.shell:Creating package script '/root/tecxcto/ros2/projects/project4/ros2_ws/install/tecx_raw_microcontroller_byte_stream_parser_pkg/share/tecx_raw_microcontroller_byte_stream_parser_pkg/package.bash'
[29.444s] INFO:colcon.colcon_core.shell:Creating package script '/root/tecxcto/ros2/projects/project4/ros2_ws/install/tecx_raw_microcontroller_byte_stream_parser_pkg/share/tecx_raw_microcontroller_byte_stream_parser_pkg/package.zsh'
[29.451s] Level 1:colcon.colcon_core.environment:create_file_with_runtime_dependencies(/root/tecxcto/ros2/projects/project4/ros2_ws/install/tecx_raw_microcontroller_byte_stream_parser_pkg/share/colcon-core/packages/tecx_raw_microcontroller_byte_stream_parser_pkg)
[29.457s] DEBUG:colcon.colcon_parallel_executor.executor.parallel:closing loop
[29.463s] DEBUG:colcon.colcon_parallel_executor.executor.parallel:loop closed
[29.464s] DEBUG:colcon.colcon_parallel_executor.executor.parallel:run_until_complete finished with '0'
[29.465s] DEBUG:colcon.colcon_core.event_reactor:joining thread
[29.645s] INFO:colcon.colcon_core.plugin_system:Skipping extension 'colcon_notification.desktop_notification.notify_send': Could not find 'notify-send'
[29.647s] INFO:colcon.colcon_core.plugin_system:Skipping extension 'colcon_notification.desktop_notification.terminal_notifier': Not used on non-Darwin systems
[29.647s] INFO:colcon.colcon_core.plugin_system:Skipping extension 'colcon_notification.desktop_notification.win32': Not used on non-Windows systems
[29.648s] INFO:colcon.colcon_notification.desktop_notification:Sending desktop notification using 'notify2'
[29.649s] DEBUG:colcon.colcon_notification.desktop_notification.notify2:Failed to initialize notify2: org.freedesktop.DBus.Error.NotSupported: Unable to autolaunch a dbus-daemon without a $DISPLAY for X11
[29.650s] DEBUG:colcon.colcon_core.event_reactor:joined thread
[29.652s] INFO:colcon.colcon_core.shell:Creating prefix script '/root/tecxcto/ros2/projects/project4/ros2_ws/install/local_setup.ps1'
[29.677s] INFO:colcon.colcon_core.shell:Creating prefix util module '/root/tecxcto/ros2/projects/project4/ros2_ws/install/_local_setup_util_ps1.py'
[29.712s] INFO:colcon.colcon_core.shell:Creating prefix chain script '/root/tecxcto/ros2/projects/project4/ros2_ws/install/setup.ps1'
[29.737s] INFO:colcon.colcon_core.shell:Creating prefix script '/root/tecxcto/ros2/projects/project4/ros2_ws/install/local_setup.sh'
[29.756s] INFO:colcon.colcon_core.shell:Creating prefix util module '/root/tecxcto/ros2/projects/project4/ros2_ws/install/_local_setup_util_sh.py'
[29.775s] INFO:colcon.colcon_core.shell:Creating prefix chain script '/root/tecxcto/ros2/projects/project4/ros2_ws/install/setup.sh'
[29.807s] INFO:colcon.colcon_core.shell:Creating prefix script '/root/tecxcto/ros2/projects/project4/ros2_ws/install/local_setup.bash'
[29.829s] INFO:colcon.colcon_core.shell:Creating prefix chain script '/root/tecxcto/ros2/projects/project4/ros2_ws/install/setup.bash'
[29.855s] INFO:colcon.colcon_core.shell:Creating prefix script '/root/tecxcto/ros2/projects/project4/ros2_ws/install/local_setup.zsh'
[29.876s] INFO:colcon.colcon_core.shell:Creating prefix chain script '/root/tecxcto/ros2/projects/project4/ros2_ws/install/setup.zsh'
