running egg_info
creating ../../build/tecx_acoustic_drive_telemetric_command_core/tecx_acoustic_drive_telemetric_command_core.egg-info
writing ../../build/tecx_acoustic_drive_telemetric_command_core/tecx_acoustic_drive_telemetric_command_core.egg-info/PKG-INFO
writing dependency_links to ../../build/tecx_acoustic_drive_telemetric_command_core/tecx_acoustic_drive_telemetric_command_core.egg-info/dependency_links.txt
writing entry points to ../../build/tecx_acoustic_drive_telemetric_command_core/tecx_acoustic_drive_telemetric_command_core.egg-info/entry_points.txt
writing requirements to ../../build/tecx_acoustic_drive_telemetric_command_core/tecx_acoustic_drive_telemetric_command_core.egg-info/requires.txt
writing top-level names to ../../build/tecx_acoustic_drive_telemetric_command_core/tecx_acoustic_drive_telemetric_command_core.egg-info/top_level.txt
writing manifest file '../../build/tecx_acoustic_drive_telemetric_command_core/tecx_acoustic_drive_telemetric_command_core.egg-info/SOURCES.txt'
reading manifest file '../../build/tecx_acoustic_drive_telemetric_command_core/tecx_acoustic_drive_telemetric_command_core.egg-info/SOURCES.txt'
writing manifest file '../../build/tecx_acoustic_drive_telemetric_command_core/tecx_acoustic_drive_telemetric_command_core.egg-info/SOURCES.txt'
running build
running build_py
creating /root/tecxcto/ros2/projects/project3/ros2_ws/build/tecx_acoustic_drive_telemetric_command_core/build
creating /root/tecxcto/ros2/projects/project3/ros2_ws/build/tecx_acoustic_drive_telemetric_command_core/build/lib
creating /root/tecxcto/ros2/projects/project3/ros2_ws/build/tecx_acoustic_drive_telemetric_command_core/build/lib/tecx_acoustic_drive_telemetric_command_core
copying tecx_acoustic_drive_telemetric_command_core/__init__.py -> /root/tecxcto/ros2/projects/project3/ros2_ws/build/tecx_acoustic_drive_telemetric_command_core/build/lib/tecx_acoustic_drive_telemetric_command_core
copying tecx_acoustic_drive_telemetric_command_core/headphone_teleop_node.py -> /root/tecxcto/ros2/projects/project3/ros2_ws/build/tecx_acoustic_drive_telemetric_command_core/build/lib/tecx_acoustic_drive_telemetric_command_core
running install
running install_lib
creating /root/tecxcto/ros2/projects/project3/ros2_ws/install/tecx_acoustic_drive_telemetric_command_core/lib/python3.10/site-packages/tecx_acoustic_drive_telemetric_command_core
copying /root/tecxcto/ros2/projects/project3/ros2_ws/build/tecx_acoustic_drive_telemetric_command_core/build/lib/tecx_acoustic_drive_telemetric_command_core/__init__.py -> /root/tecxcto/ros2/projects/project3/ros2_ws/install/tecx_acoustic_drive_telemetric_command_core/lib/python3.10/site-packages/tecx_acoustic_drive_telemetric_command_core
copying /root/tecxcto/ros2/projects/project3/ros2_ws/build/tecx_acoustic_drive_telemetric_command_core/build/lib/tecx_acoustic_drive_telemetric_command_core/headphone_teleop_node.py -> /root/tecxcto/ros2/projects/project3/ros2_ws/install/tecx_acoustic_drive_telemetric_command_core/lib/python3.10/site-packages/tecx_acoustic_drive_telemetric_command_core
byte-compiling /root/tecxcto/ros2/projects/project3/ros2_ws/install/tecx_acoustic_drive_telemetric_command_core/lib/python3.10/site-packages/tecx_acoustic_drive_telemetric_command_core/__init__.py to __init__.cpython-310.pyc
byte-compiling /root/tecxcto/ros2/projects/project3/ros2_ws/install/tecx_acoustic_drive_telemetric_command_core/lib/python3.10/site-packages/tecx_acoustic_drive_telemetric_command_core/headphone_teleop_node.py to headphone_teleop_node.cpython-310.pyc
running install_data
creating /root/tecxcto/ros2/projects/project3/ros2_ws/install/tecx_acoustic_drive_telemetric_command_core/share/ament_index
creating /root/tecxcto/ros2/projects/project3/ros2_ws/install/tecx_acoustic_drive_telemetric_command_core/share/ament_index/resource_index
creating /root/tecxcto/ros2/projects/project3/ros2_ws/install/tecx_acoustic_drive_telemetric_command_core/share/ament_index/resource_index/packages
copying resource/tecx_acoustic_drive_telemetric_command_core -> /root/tecxcto/ros2/projects/project3/ros2_ws/install/tecx_acoustic_drive_telemetric_command_core/share/ament_index/resource_index/packages
copying package.xml -> /root/tecxcto/ros2/projects/project3/ros2_ws/install/tecx_acoustic_drive_telemetric_command_core/share/tecx_acoustic_drive_telemetric_command_core
running install_egg_info
Copying ../../build/tecx_acoustic_drive_telemetric_command_core/tecx_acoustic_drive_telemetric_command_core.egg-info to /root/tecxcto/ros2/projects/project3/ros2_ws/install/tecx_acoustic_drive_telemetric_command_core/lib/python3.10/site-packages/tecx_acoustic_drive_telemetric_command_core-0.0.0-py3.10.egg-info
running install_scripts
Installing headline_teleop script to /root/tecxcto/ros2/projects/project3/ros2_ws/install/tecx_acoustic_drive_telemetric_command_core/lib/tecx_acoustic_drive_telemetric_command_core
writing list of installed files to '/root/tecxcto/ros2/projects/project3/ros2_ws/build/tecx_acoustic_drive_telemetric_command_core/install.log'
